[15:15:53] [Render thread/INFO] (Minecraft) [STDOUT]: [Lodekeeper verification] Enabled. World and evidence paths are under /private/tmp/lodekeeper-preview10-workbench-blocked-1211/run/verification
[15:15:53] [Render thread/INFO] (lodekeeper) [Lodekeeper] INIT mod=0.1.0-preview.10 minecraft=1.21.1
[15:16:03] [Render thread/INFO] (Minecraft) [STDOUT]: [Lodekeeper verification] state=WAITING_FOR_WORLD, engine=idle · 0 foreground queued · 0 maintenance queued, screen=CreateWorldScreen, server=null
[15:16:08] [Render thread/INFO] (Minecraft) [System] [CHAT] [Lodekeeper] Stopped
[15:16:09] [Render thread/INFO] (Minecraft) [STDOUT]: [Lodekeeper verification] catalog recipes=992, sources=1315, rejected=288, samples=[minecraft:andesite_slab_from_andesite_stonecutting (minecraft:stonecutting), minecraft:andesite_stairs_from_andesite_stonecutting (minecraft:stonecutting), minecraft:andesite_wall_from_andesite_stonecutting (minecraft:stonecutting)]
[15:16:09] [Render thread/INFO] (Minecraft) [System] [CHAT] [Lodekeeper] Queued 1 × wooden_pickaxe
[15:16:09] [Render thread/INFO] (lodekeeper) [Lodekeeper] BEGIN label=wooden_pickaxe goal=1 inventory=0 startfeet=0,64,0 elapsed_ms=0 continued=false
[15:16:09] [Render thread/INFO] (Minecraft) [STDOUT]: [Lodekeeper verification] state=PREPARED_SAFETY, engine=indexing local resource options · 0 foreground queued · 0 maintenance queued, screen=none, server=ServerSnapshot[serverTick=70, worldTime=70, inventory={minecraft:oak_planks=12}, woodenAxeRemainingDurability=[], ironPickaxeDeepslateRemaining=-1, coalRecoveryEncasedOreRemaining=-1, coalRecoveryAccessibleOreRemaining=-1, coalStartSurfaceRemaining=-1, coalNavigationCourseMismatchCount=-1, coalNavigationCourseObservedMask=-1, coalNavigationCourseMinimumHealth=-1.0, coalNavigationCourseCheckpointServerTicks=[], nearbyWoodLocalFixture=null, storageInventory={minecraft:oak_planks=12}, equippedItems={}, serverCursorEmpty=true, preparedSafetyThreatReceipt={}, preparedSafetyStationRoomReceipt={}, preparedSafetyPursuitReceipt={}, preparedSafetyAirReceipt={}, preparedSafetyWorkbenchReceipt={}, health=20.0, foodLevel=20, difficulty=NORMAL, x=0.5, y=64.0, z=0.5]
[15:16:10] [Render thread/INFO] (lodekeeper) [Lodekeeper] STEP kind=CRAFT source=minecraft:stick output=minecraft:stick count=4 operations=1 auxiliary=false
[15:16:11] [Render thread/INFO] (lodekeeper) [Lodekeeper] PROGRESS elapsed_ms=2057 phase=crafting backend=baritone target=none navigation_elapsed_ms=0 navigation_ticks=0 searching=false path_index=0 path_length=0 retries=0 pending_route_events=0 dropped_route_events=0 status=CRAFT_minecraft:stick
[15:16:12] [Render thread/INFO] (lodekeeper) [Lodekeeper] STEP kind=CRAFT source=minecraft:crafting_table output=minecraft:crafting_table count=1 operations=1 auxiliary=false
[15:16:13] [Render thread/INFO] (lodekeeper) [Lodekeeper] PROGRESS elapsed_ms=4063 phase=crafting backend=baritone target=none navigation_elapsed_ms=0 navigation_ticks=0 searching=false path_index=0 path_length=0 retries=0 pending_route_events=0 dropped_route_events=0 status=CRAFT_minecraft:crafting_table
[15:16:14] [Render thread/INFO] (Minecraft) [STDOUT]: [Lodekeeper verification] state=PREPARED_SAFETY, engine=CRAFT minecraft:crafting_table · 0 foreground queued · 0 maintenance queued, screen=none, server=ServerSnapshot[serverTick=170, worldTime=170, inventory={minecraft:stick=4}, woodenAxeRemainingDurability=[], ironPickaxeDeepslateRemaining=-1, coalRecoveryEncasedOreRemaining=-1, coalRecoveryAccessibleOreRemaining=-1, coalStartSurfaceRemaining=-1, coalNavigationCourseMismatchCount=-1, coalNavigationCourseObservedMask=-1, coalNavigationCourseMinimumHealth=-1.0, coalNavigationCourseCheckpointServerTicks=[], nearbyWoodLocalFixture=null, storageInventory={minecraft:stick=4}, equippedItems={}, serverCursorEmpty=false, preparedSafetyThreatReceipt={}, preparedSafetyStationRoomReceipt={}, preparedSafetyPursuitReceipt={}, preparedSafetyAirReceipt={}, preparedSafetyWorkbenchReceipt={}, health=20.0, foodLevel=20, difficulty=NORMAL, x=0.5, y=64.0, z=0.5]
[15:16:16] [Render thread/INFO] (lodekeeper) [Lodekeeper] PROGRESS elapsed_ms=6118 phase=crafting backend=baritone target=none navigation_elapsed_ms=0 navigation_ticks=0 searching=false path_index=0 path_length=0 retries=0 pending_route_events=0 dropped_route_events=0 status=CRAFT_minecraft:crafting_table
[15:16:16] [Render thread/INFO] (lodekeeper) [Lodekeeper] STEP kind=PLACE_STATION source=place:minecraft:crafting_table output=null count=0 operations=1 auxiliary=false
[15:16:16] [Render thread/INFO] (lodekeeper) [Lodekeeper] TARGET target=-1,64,0 block=minecraft:crafting_table
[15:16:16] [Render thread/INFO] (lodekeeper) [Lodekeeper] TARGET target=none
[15:16:16] [Render thread/INFO] (lodekeeper) [Lodekeeper] STEP kind=CRAFT source=minecraft:wooden_pickaxe output=minecraft:wooden_pickaxe count=1 operations=1 auxiliary=false
[15:16:18] [Render thread/INFO] (lodekeeper) [Lodekeeper] PROGRESS elapsed_ms=8141 phase=crafting backend=baritone target=none navigation_elapsed_ms=0 navigation_ticks=0 searching=false path_index=0 path_length=0 retries=0 pending_route_events=0 dropped_route_events=0 status=CRAFT_minecraft:wooden_pickaxe
[15:16:19] [Render thread/INFO] (Minecraft) [STDOUT]: [Lodekeeper verification] state=PREPARED_SAFETY, engine=CRAFT minecraft:wooden_pickaxe · 0 foreground queued · 0 maintenance queued, screen=CraftingScreen, server=ServerSnapshot[serverTick=270, worldTime=270, inventory={minecraft:oak_planks=3, minecraft:stick=3}, woodenAxeRemainingDurability=[], ironPickaxeDeepslateRemaining=-1, coalRecoveryEncasedOreRemaining=-1, coalRecoveryAccessibleOreRemaining=-1, coalStartSurfaceRemaining=-1, coalNavigationCourseMismatchCount=-1, coalNavigationCourseObservedMask=-1, coalNavigationCourseMinimumHealth=-1.0, coalNavigationCourseCheckpointServerTicks=[], nearbyWoodLocalFixture=null, storageInventory={minecraft:oak_planks=3, minecraft:stick=3}, equippedItems={}, serverCursorEmpty=true, preparedSafetyThreatReceipt={}, preparedSafetyStationRoomReceipt={}, preparedSafetyPursuitReceipt={}, preparedSafetyAirReceipt={}, preparedSafetyWorkbenchReceipt={}, health=20.0, foodLevel=20, difficulty=NORMAL, x=0.5, y=64.0, z=0.5]
[15:16:20] [Render thread/INFO] (lodekeeper) [Lodekeeper] PROGRESS elapsed_ms=10168 phase=crafting backend=baritone target=none navigation_elapsed_ms=0 navigation_ticks=0 searching=false path_index=0 path_length=0 retries=0 pending_route_events=0 dropped_route_events=0 status=CRAFT_minecraft:wooden_pickaxe
[15:16:20] [Render thread/INFO] (Minecraft) [System] [CHAT] [Lodekeeper] Complete: 1 × wooden_pickaxe
[15:16:20] [Render thread/INFO] (lodekeeper) [Lodekeeper] task_end reason=idle label=wooden_pickaxe elapsed_ms=10746 pending_route_events=0 dropped_route_events=0 status=idle
[15:16:20] [IO-Worker-2/INFO] (Minecraft) [STDOUT]: [Lodekeeper verification] Saved screenshot as lodekeeper-2026-10-06T14-15-53-959199Z-15ae47cd-prepared_owned_workbench_setup_complete.png
[15:16:22] [Render thread/INFO] (Minecraft) [System] [CHAT] [Lodekeeper] Queued 1 × cobblestone
[15:16:22] [Render thread/INFO] (lodekeeper) [Lodekeeper] BEGIN label=cobblestone goal=1 inventory=0 startfeet=5,64,0 elapsed_ms=0 continued=false
[15:16:22] [Render thread/INFO] (lodekeeper) [Lodekeeper] STEP kind=GATHER source=gather:minecraft:stone output=minecraft:cobblestone count=1 operations=1 auxiliary=false
[15:16:22] [Render thread/INFO] (lodekeeper) [Lodekeeper] NAV backend=baritone mode=MOVE event=CALC_STARTED elapsedMs=8
[15:16:22] [Render thread/INFO] (lodekeeper) [Lodekeeper] NAV calcTool=minecraft:wooden_pickaxe slot=7
[15:16:22] [Render thread/INFO] (lodekeeper) [Lodekeeper] NAV backend=baritone mode=MOVE event=CALC_FAILED elapsedMs=134
[15:16:22] [Render thread/INFO] (lodekeeper) [Lodekeeper] NAV backend=baritone mode=MOVE event=CANCELED elapsedMs=134
[15:16:22] [Render thread/INFO] (lodekeeper) [Lodekeeper] RETRY count=1 target=none status=approaching_the_recorded_owned_crafting_table elapsed_ms=310
[15:16:22] [Render thread/INFO] (lodekeeper) [Lodekeeper] NAV backend=baritone mode=MOVE event=CANCELED elapsedMs=206
[15:16:22] [Render thread/INFO] (lodekeeper) [Lodekeeper] NAV backend=baritone mode=MOVE event=CANCELED elapsedMs=236
[15:16:22] [Render thread/INFO] (lodekeeper) [Lodekeeper] NAV backend=baritone mode=MOVE event=CANCELED elapsedMs=304
[15:16:22] [Render thread/INFO] (lodekeeper) [Lodekeeper] NAV backend=baritone mode=MOVE event=CANCELED elapsedMs=338
[15:16:22] [Render thread/INFO] (lodekeeper) [Lodekeeper] NAV backend=baritone mode=MOVE event=CANCELED elapsedMs=407
[15:16:22] [Render thread/INFO] (lodekeeper) [Lodekeeper] NAV backend=baritone mode=MOVE event=CANCELED elapsedMs=442
[15:16:22] [Render thread/INFO] (lodekeeper) [Lodekeeper] NAV backend=baritone mode=MOVE event=CANCELED elapsedMs=510
[15:16:22] [Render thread/INFO] (Minecraft) [System] [CHAT] [Lodekeeper] Workbench recovery is replanning: portable workbench recovery failed: Navigation process ended before its target was reached
[15:16:22] [Render thread/INFO] (lodekeeper) [Lodekeeper] STEP kind=GATHER source=gather:minecraft:stone output=minecraft:cobblestone count=1 operations=1 auxiliary=false
[15:16:22] [Render thread/INFO] (lodekeeper) [Lodekeeper] MINING_DEPTH policy=NEAREST desiredY=-2147483648 ceiling=2031 deficit=1 phase=MINE blocks=[Block{minecraft:stone}]
[15:16:23] [Render thread/INFO] (lodekeeper) [Lodekeeper] NAV scan=native-mine durationNanos=482735167 hits=-1 requestTicks=0
[15:16:23] [Render thread/INFO] (lodekeeper) [Lodekeeper] NAV backend=baritone mode=MINE event=CALC_STARTED elapsedMs=487
[15:16:23] [Render thread/INFO] (lodekeeper) [Lodekeeper] NAV calcTool=minecraft:wooden_pickaxe slot=7
[15:16:23] [Render thread/INFO] (lodekeeper) [Lodekeeper] NAV backend=baritone mode=MINE event=CALC_FINISHED_NOW_EXECUTING elapsedMs=495
[15:16:23] [Render thread/INFO] (lodekeeper) [Lodekeeper] TARGET target=7,64,0 block=minecraft:stone
[15:16:23] [Render thread/INFO] (lodekeeper) [Lodekeeper] BREAK target=Mutable{x=7, y=64, z=0} block=Block{minecraft:stone} tool=minecraft:wooden_pickaxe slot=7 remaining=59 required=minecraft:wooden_pickaxe
[15:16:24] [Render thread/INFO] (lodekeeper) [Lodekeeper] PROGRESS elapsed_ms=2020 phase=traveling backend=baritone target=7,64,0 block=minecraft:stone navigation_elapsed_ms=1192 navigation_ticks=24 searching=false path_index=0 path_length=2 retries=0 pending_route_events=0 dropped_route_events=0 status=mining_and_collecting_minecraft:cobblestone___0/1
[15:16:24] [Render thread/INFO] (lodekeeper) [Lodekeeper] NAV backend=baritone mode=MINE event=AT_GOAL elapsedMs=1537
[15:16:24] [Render thread/INFO] (lodekeeper) [Lodekeeper] TARGET target=none
[15:16:24] [Render thread/INFO] (Minecraft) [STDOUT]: [Lodekeeper verification] state=PREPARED_SAFETY, engine=mining and collecting minecraft:cobblestone · 0/1 · 0 foreground queued · 0 maintenance queued, screen=none, server=ServerSnapshot[serverTick=370, worldTime=370, inventory={minecraft:wooden_pickaxe=1, minecraft:oak_planks=3, minecraft:stick=2}, woodenAxeRemainingDurability=[], ironPickaxeDeepslateRemaining=-1, coalRecoveryEncasedOreRemaining=-1, coalRecoveryAccessibleOreRemaining=-1, coalStartSurfaceRemaining=-1, coalNavigationCourseMismatchCount=-1, coalNavigationCourseObservedMask=-1, coalNavigationCourseMinimumHealth=-1.0, coalNavigationCourseCheckpointServerTicks=[], nearbyWoodLocalFixture=null, storageInventory={minecraft:wooden_pickaxe=1, minecraft:oak_planks=3, minecraft:stick=2}, equippedItems={}, serverCursorEmpty=true, preparedSafetyThreatReceipt={}, preparedSafetyStationRoomReceipt={}, preparedSafetyPursuitReceipt={}, preparedSafetyAirReceipt={}, preparedSafetyWorkbenchReceipt={tableAir=false, stoneAir=false, stonePosition=7,64,0, stonePresent=true, blocked=true, playerFeetY=64.0, tablePosition=-1,64,0, tablePresent=true, horizontalDistance=7.200000362098297, bedrockShellCells=26}, health=20.0, foodLevel=20, difficulty=NORMAL, x=6.699999988079071, y=64.0, z=0.4976792507699431]
[15:16:24] [Render thread/INFO] (Minecraft) [System] [CHAT] [Lodekeeper] Complete: 1 × cobblestone
[15:16:24] [Render thread/INFO] (lodekeeper) [Lodekeeper] task_end reason=idle label=cobblestone elapsed_ms=2947 pending_route_events=0 dropped_route_events=0 status=idle
[15:16:25] [IO-Worker-2/INFO] (Minecraft) [STDOUT]: [Lodekeeper verification] Saved screenshot as lodekeeper-2026-10-06T14-15-53-959199Z-15ae47cd-prepared_owned_workbench_blocked_cobblestone.png
[15:16:25] [Render thread/INFO] (Minecraft) [STDOUT]: [Lodekeeper verification] Finished 1 server-observed cases; evidence: /private/tmp/lodekeeper-preview10-workbench-blocked-1211/run/verification/evidence
[15:16:26] [Server thread/INFO] (Minecraft) Saving chunks for level 'ServerLevel[Lodekeeper verification]'/minecraft:overworld
[15:16:26] [Server thread/INFO] (Minecraft) Saving chunks for level 'ServerLevel[Lodekeeper verification]'/minecraft:the_end
[15:16:26] [Server thread/INFO] (Minecraft) Saving chunks for level 'ServerLevel[Lodekeeper verification]'/minecraft:the_nether
