	- lodekeeper 0.1.0-preview.11
	- lodekeeper-verification 0.1.0-dev
[19:41:24] [Render thread/INFO] (lodekeeper) [Lodekeeper] INIT mod=0.1.0-preview.11 minecraft=26.3
[19:41:24] [Render thread/INFO] (Minecraft) [STDOUT]: [Lodekeeper verification] Enabled; isolated run directory=/private/tmp/lodekeeper-preview11-contact-hop-263/run-verification, world root=/private/tmp/lodekeeper-preview11-contact-hop-263/run-verification/verification/2026-10-06T18-41-24-261360Z-c8928aa6/worlds, evidence=/private/tmp/lodekeeper-preview11-contact-hop-263/run-verification/verification/2026-10-06T18-41-24-261360Z-c8928aa6/evidence
[19:41:30] [Worker-Main-1/WARN] (Minecraft) Missing model for variant: 'Block{lodekeeper_verification:ruby_ore}'
[19:41:30] [Worker-Main-1/WARN] (Minecraft) Missing model for variant: 'Block{lodekeeper_verification:dynamic_collision}'
[19:41:35] [Server thread/INFO] (Minecraft) Saving chunks for level 'ServerLevel[Lodekeeper verification 2b7446d8]'/minecraft:overworld
[19:41:35] [Server thread/INFO] (Minecraft) Saving chunks for level 'ServerLevel[Lodekeeper verification 2b7446d8]'/minecraft:the_nether
[19:41:35] [Server thread/INFO] (Minecraft) Saving chunks for level 'ServerLevel[Lodekeeper verification 2b7446d8]'/minecraft:the_end
[19:41:37] [Render thread/INFO] (Minecraft) [STDOUT]: [Lodekeeper verification] Vanilla integrated-world startup requested
[19:41:38] [Render thread/INFO] (Minecraft) [STDOUT]: Baritone world data dir: /private/tmp/lodekeeper-preview11-contact-hop-263/run-verification/verification/2026-10-06T18-41-24-261360Z-c8928aa6/worlds/run-dcb2f02a2b7446d8/baritone/minecraft/overworld_384
[19:41:38] [Render thread/INFO] (Minecraft) [STDOUT]: Cached world directory: /private/tmp/lodekeeper-preview11-contact-hop-263/run-verification/verification/2026-10-06T18-41-24-261360Z-c8928aa6/worlds/run-dcb2f02a2b7446d8/baritone/minecraft/overworld_384/cache
[19:41:38] [Render thread/INFO] (Minecraft) [STDOUT]: Would save waypoints to /private/tmp/lodekeeper-preview11-contact-hop-263/run-verification/verification/2026-10-06T18-41-24-261360Z-c8928aa6/worlds/run-dcb2f02a2b7446d8/baritone/minecraft/overworld_384/waypoints
[19:41:39] [Render thread/INFO] (Minecraft) [STDOUT]: [Lodekeeper verification] state=WAITING_FOR_WORLD, engine=idle · 0 foreground queued · 0 maintenance queued, server=null
[19:41:41] [Render thread/INFO] (Minecraft) [System] [CHAT] [Lodekeeper] Stopped
[19:41:43] [Render thread/INFO] (Minecraft) [System] [CHAT] [Lodekeeper] Queued 1 × bucket
[19:41:44] [Render thread/INFO] (lodekeeper) [Lodekeeper] THREAT_RESPONSE outcome=started attacks=0 retreats=0 ticks=0 status=stopping movement before defense
[19:41:44] [Render thread/INFO] (lodekeeper) [Lodekeeper] BEGIN label=bucket goal=1 inventory=0 startfeet=0,64,0 elapsed_ms=0 continued=false
[19:41:44] [Render thread/INFO] (lodekeeper) [Lodekeeper] THREAT_RESPONSE outcome=melee attacks=0 retreats=0 ticks=1 status=native melee defense
[19:41:44] [Render thread/INFO] (lodekeeper) [Lodekeeper] DEFENSE_ATTACK outcome=select tick=2 slot=0 weapon=minecraft:diamond_sword cooldown=1.0 target=2 targetHealth=20.0 sweepCollateral=true playerHealth=20.0 grounded=true y=64.0
[19:41:44] [Render thread/INFO] (lodekeeper) [Lodekeeper] THREAT_RESPONSE outcome=hop-started attacks=0 retreats=0 ticks=3 status=timing a safe airborne defense attack
[19:41:44] [Render thread/INFO] (lodekeeper) [Lodekeeper] DEFENSE_ATTACK outcome=airborne-attack tick=5 slot=0 weapon=minecraft:diamond_sword cooldown=1.0 target=2 targetHealth=20.0 sweepCollateral=true playerHealth=20.0 grounded=false y=64.12160004615784
[19:41:44] [Render thread/INFO] (lodekeeper) [Lodekeeper] THREAT_RESPONSE outcome=hop-landed attacks=1 retreats=0 ticks=6 status=safe defense landing complete
[19:41:44] [Render thread/INFO] (lodekeeper) [Lodekeeper] THREAT_RESPONSE outcome=hop-started attacks=1 retreats=0 ticks=18 status=timing a safe airborne defense attack
[19:41:44] [Render thread/INFO] (Minecraft) [STDOUT]: [Lodekeeper verification] state=PREPARED_SAFETY, engine=timing a safe airborne defense attack · 0 foreground queued · 0 maintenance queued, server=ServerSnapshot[serverTick=117, worldTime=72, inventory={minecraft:iron_ingot=3, minecraft:crafting_table=1, minecraft:diamond_sword=1, minecraft:iron_pickaxe=1}, woodenAxeRemainingDurability=[], ironPickaxeDeepslateRemaining=-1, coalRecoveryEncasedOreRemaining=-1, coalRecoveryAccessibleOreRemaining=-1, coalStartSurfaceRemaining=-1, coalNavigationCourseMismatchCount=-1, coalNavigationCourseObservedMask=-1, coalNavigationCourseMinimumHealth=-1.0, coalNavigationCourseCheckpointServerTicks=[], storageInventory={minecraft:iron_ingot=3, minecraft:crafting_table=1, minecraft:diamond_sword=1, minecraft:iron_pickaxe=1}, equippedItems={}, serverCursorEmpty=true, preparedSafetyThreatReceipt={contactNativePlayerHits=0, zombieOnFire=false, contactZombie0PlayerHits=0, contactZombie1TargetsPlayer=true, zombieHealth=20.0, contactPlayerAlive=true, contactPlayerPosition=0.5,64.0,0.5, contactZombie1PlayerHits=0, contactZombie1LastDamageByPlayer=false, contactZombie1Alive=true, contactZombie0Position=1.8,64.0,0.45, contactShellCells=5018, contactAirborneSwordDamageEvents=0, contactZombie0AiEnabled=true, contactPassageBounds=0..6,64..65,0..1, contactPlayerPitch=0.0, contactZombie0Adult=true, contactZombie0ForeignDamage=0, cowAlive=true, contactCowNoAi=true, contactAirborneServerTicks=0, contactMobHealthDropsWhilePlayerUnsettled=0, contactZombie0LastDamageByPlayer=false, contactShellChangedCells=0, zombieRemoved=false, contactZombie1DistanceSquared=2.5925000000000002, contactZombie1Position=1.8,64.0,1.45, zombieUuid=74b87311-f532-43c0-91ca-d3ab4c4e5b65, contactPlayerDeaths=0, zombieLastDamage=, contactZombie0BlockCollision=false, contactZombie1BlockCollision=false, contactScope=live_multi_threat_from_idle_no_prior_native_path, cowInitialHealth=10.0, contactObservedServerTicks=0, zombieAlive=true, cowHealth=10.0, contactZombie0Uuid=74b87311-f532-43c0-91ca-d3ab4c4e5b65, woodenPickaxeDamage=-1, contactZombie0DistanceSquared=1.6925000000000001, contactZombie1AiEnabled=true, contactCowPosition=2.5,64.0,1.5, contactZombie1Visible=true, diamondSwordDamage=0, contactPlayerYaw=-90.0, contactGroundedSwordDamageEvents=0, preparedThreatsCleared=false, contactZombie0TargetsPlayer=true, contactZombie1OnFire=false, contactZombie0Alive=true, zombieCanSeeSky=false, contactZombie1Health=20.0, contactZombie1ForeignDamage=0, ironPickaxeDamage=0, contactZombie0LastDamage=, contactZombie1Adult=true, contactCowBlockCollision=false, contactClockReleaseServerTick=-1, contactHorizontalMotionServerTicks=0, contactZombie1Uuid=cd34bf67-668b-42be-8225-e5745ddeea72, contactZombie0OnFire=false, contactZombie1LastDamage=, contactClockFrozen=true, cowUuid=10bdc4d0-d82a-4b23-95b1-2ed8bcce5fc4, contactZombie0Health=20.0, contactZombie0Visible=true}, preparedSafetyStationRoomReceipt={}, preparedSafetyPursuitReceipt={}, preparedSafetyAirReceipt={}, preparedSafetyWorkbenchReceipt={}, preparedSafetyHeldFuelReceipt={}, health=20.0, foodLevel=20, difficulty=NORMAL, x=0.5, y=64.0, z=0.5]
[19:41:44] [Render thread/INFO] (lodekeeper) [Lodekeeper] DEFENSE_ATTACK outcome=airborne-attack tick=20 slot=0 weapon=minecraft:diamond_sword cooldown=1.0 target=2 targetHealth=9.667999 sweepCollateral=true playerHealth=18.0 grounded=false y=64.12160004615784
[19:41:45] [Render thread/INFO] (lodekeeper) [Lodekeeper] THREAT_RESPONSE outcome=hop-landed attacks=2 retreats=0 ticks=21 status=safe defense landing complete
[19:41:45] [Render thread/INFO] (lodekeeper) [Lodekeeper] DEFENSE_DRAIN blockedBy=physical-settling hasPath=false pathing=false calculating=false ground=true horizontalSpeed=0.05086435392205491
[19:41:45] [Render thread/INFO] (lodekeeper) [Lodekeeper] THREAT_RESPONSE outcome=hop-started attacks=2 retreats=0 ticks=36 status=timing a safe airborne defense attack
[19:41:45] [Render thread/INFO] (lodekeeper) [Lodekeeper] DEFENSE_ATTACK outcome=airborne-attack tick=38 slot=0 weapon=minecraft:diamond_sword cooldown=1.0 target=3 targetHealth=20.0 sweepCollateral=true playerHealth=16.833334 grounded=false y=64.12160004615784
[19:41:45] [Render thread/INFO] (lodekeeper) [Lodekeeper] THREAT_RESPONSE outcome=hop-landed attacks=3 retreats=0 ticks=39 status=safe defense landing complete
[19:41:46] [Render thread/INFO] (lodekeeper) [Lodekeeper] PROGRESS elapsed_ms=2055 phase=working backend=baritone target=none navigation_elapsed_ms=0 navigation_ticks=0 searching=false path_index=0 path_length=0 retries=0 pending_route_events=0 dropped_route_events=0 status=safe_defense_landing_complete
[19:41:46] [Render thread/INFO] (lodekeeper) [Lodekeeper] THREAT_RESPONSE outcome=hop-started attacks=3 retreats=0 ticks=51 status=timing a safe airborne defense attack
[19:41:46] [Render thread/INFO] (lodekeeper) [Lodekeeper] DEFENSE_ATTACK outcome=airborne-attack tick=53 slot=0 weapon=minecraft:diamond_sword cooldown=1.0 target=3 targetHealth=9.667999 sweepCollateral=true playerHealth=15.0 grounded=false y=64.12160004615784
[19:41:46] [Render thread/INFO] (lodekeeper) [Lodekeeper] THREAT_RESPONSE outcome=hop-landed attacks=4 retreats=0 ticks=54 status=safe defense landing complete
[19:41:46] [Render thread/INFO] (lodekeeper) [Lodekeeper] THREAT_RESPONSE outcome=cleared attacks=4 retreats=0 ticks=55 status=live threats cleared
[19:41:48] [Render thread/INFO] (lodekeeper) [Lodekeeper] STEP kind=PLACE_STATION source=place:minecraft:crafting_table output=null count=0 operations=1 auxiliary=false
[19:41:48] [Render thread/INFO] (lodekeeper) [Lodekeeper] TARGET target=0,64,1 block=minecraft:crafting_table
[19:41:48] [Render thread/INFO] (lodekeeper) [Lodekeeper] TARGET target=none
[19:41:48] [Render thread/INFO] (lodekeeper) [Lodekeeper] PROGRESS elapsed_ms=4104 phase=planning backend=baritone target=none navigation_elapsed_ms=0 navigation_ticks=0 searching=false path_index=0 path_length=0 retries=0 pending_route_events=0 dropped_route_events=0 status=planning
[19:41:48] [Render thread/INFO] (lodekeeper) [Lodekeeper] STEP kind=CRAFT source=server:minecraft:bucket:162 output=minecraft:bucket count=1 operations=1 auxiliary=false
[19:41:49] [Render thread/INFO] (Minecraft) [STDOUT]: [Lodekeeper verification] state=PREPARED_SAFETY, engine=CRAFT server:minecraft:bucket:162 · 0 foreground queued · 0 maintenance queued, server=ServerSnapshot[serverTick=217, worldTime=170, inventory={minecraft:diamond_sword=1, minecraft:iron_ingot=2, minecraft:iron_pickaxe=1}, woodenAxeRemainingDurability=[], ironPickaxeDeepslateRemaining=-1, coalRecoveryEncasedOreRemaining=-1, coalRecoveryAccessibleOreRemaining=-1, coalStartSurfaceRemaining=-1, coalNavigationCourseMismatchCount=-1, coalNavigationCourseObservedMask=-1, coalNavigationCourseMinimumHealth=-1.0, coalNavigationCourseCheckpointServerTicks=[], storageInventory={minecraft:diamond_sword=1, minecraft:iron_ingot=2, minecraft:iron_pickaxe=1}, equippedItems={}, serverCursorEmpty=true, preparedSafetyThreatReceipt={contactNativePlayerHits=3, zombieOnFire=false, contactZombie0PlayerHits=2, contactZombie1TargetsPlayer=true, zombieHealth=0.0, contactPlayerAlive=true, contactPlayerPosition=0.30000001192092896,64.0,0.30000001192092896, contactZombie1PlayerHits=2, contactZombie1LastDamageByPlayer=true, contactZombie1Alive=false, contactZombie0Position=4.043224174669852,64.0,0.36547933625748397, contactShellCells=5018, contactAirborneSwordDamageEvents=4, contactZombie0AiEnabled=true, contactPassageBounds=0..6,64..65,0..1, contactPlayerPitch=53.077988, contactZombie0Adult=true, contactZombie0ForeignDamage=0, cowAlive=true, contactCowNoAi=true, contactAirborneServerTicks=9, contactMobHealthDropsWhilePlayerUnsettled=0, contactZombie0LastDamageByPlayer=true, contactShellChangedCells=0, zombieRemoved=true, contactZombie1DistanceSquared=3.7435046320587917, contactZombie1Position=1.7020206526004837,64.0,1.6333577115526827, zombieUuid=74b87311-f532-43c0-91ca-d3ab4c4e5b65, contactPlayerDeaths=0, zombieLastDamage=, contactZombie0BlockCollision=false, contactZombie1BlockCollision=false, contactScope=live_multi_threat_from_idle_no_prior_native_path, cowInitialHealth=10.0, contactObservedServerTicks=98, zombieAlive=false, cowHealth=10.0, contactZombie0Uuid=74b87311-f532-43c0-91ca-d3ab4c4e5b65, woodenPickaxeDamage=-1, contactZombie0DistanceSquared=14.01601467450295, contactZombie1AiEnabled=true, contactCowPosition=2.5,64.0,1.5, contactZombie1Visible=true, diamondSwordDamage=4, contactPlayerYaw=-9.462321, contactGroundedSwordDamageEvents=0, preparedThreatsCleared=true, contactZombie0TargetsPlayer=true, contactZombie1OnFire=false, contactZombie0Alive=false, zombieCanSeeSky=false, contactZombie1Health=0.0, contactZombie1ForeignDamage=0, ironPickaxeDamage=0, contactZombie0LastDamage=player, contactZombie1Adult=true, contactCowBlockCollision=false, contactClockReleaseServerTick=119, contactHorizontalMotionServerTicks=11, contactZombie1Uuid=cd34bf67-668b-42be-8225-e5745ddeea72, contactZombie0OnFire=false, contactZombie1LastDamage=player, contactClockFrozen=false, cowUuid=10bdc4d0-d82a-4b23-95b1-2ed8bcce5fc4, contactZombie0Health=0.0, contactZombie0Visible=true}, preparedSafetyStationRoomReceipt={}, preparedSafetyPursuitReceipt={}, preparedSafetyAirReceipt={}, preparedSafetyWorkbenchReceipt={}, preparedSafetyHeldFuelReceipt={}, health=16.0, foodLevel=20, difficulty=NORMAL, x=0.30000001192092896, y=64.0, z=0.30000001192092896]
[19:41:50] [Render thread/INFO] (lodekeeper) [Lodekeeper] PROGRESS elapsed_ms=6137 phase=crafting backend=baritone target=none navigation_elapsed_ms=0 navigation_ticks=0 searching=false path_index=0 path_length=0 retries=0 pending_route_events=0 dropped_route_events=0 status=CRAFT_server:minecraft:bucket:162
[19:41:50] [Render thread/INFO] (Minecraft) [System] [CHAT] [Lodekeeper] Complete: 1 × bucket
[19:41:50] [Render thread/INFO] (lodekeeper) [Lodekeeper] task_end reason=idle label=bucket elapsed_ms=6640 pending_route_events=0 dropped_route_events=0 status=idle
[19:41:51] [IO-Worker-4/INFO] (Minecraft) [STDOUT]: [Lodekeeper verification] Saved screenshot as lodekeeper-2026-10-06T18-41-24-261360Z-c8928aa6-prepared-safety-live_contact_defense_bucket.png
[19:41:52] [Render thread/INFO] (Minecraft) [STDOUT]: [Lodekeeper verification] Finished 1 server-observed cases; evidence=/private/tmp/lodekeeper-preview11-contact-hop-263/run-verification/verification/2026-10-06T18-41-24-261360Z-c8928aa6/evidence
[19:41:52] [Server thread/INFO] (Minecraft) Saving chunks for level 'ServerLevel[Lodekeeper verification 2b7446d8]'/minecraft:overworld
[19:41:52] [Server thread/INFO] (Minecraft) Saving chunks for level 'ServerLevel[Lodekeeper verification 2b7446d8]'/minecraft:the_nether
[19:41:52] [Server thread/INFO] (Minecraft) Saving chunks for level 'ServerLevel[Lodekeeper verification 2b7446d8]'/minecraft:the_end
