[19:45:58] [Render thread/INFO] (Minecraft) [STDOUT]: [Lodekeeper verification] Enabled; isolated run directory=/private/tmp/lodekeeper-preview11-hop-water-263/run-verification, world root=/private/tmp/lodekeeper-preview11-hop-water-263/run-verification/verification/2026-10-06T18-45-58-241204Z-edbc05bf/worlds, evidence=/private/tmp/lodekeeper-preview11-hop-water-263/run-verification/verification/2026-10-06T18-45-58-241204Z-edbc05bf/evidence
[19:45:58] [Render thread/INFO] (lodekeeper) [Lodekeeper] INIT mod=0.1.0-preview.11 minecraft=26.3
[19:46:10] [Render thread/INFO] (Minecraft) [STDOUT]: [Lodekeeper verification] Vanilla integrated-world startup requested
[19:46:12] [Render thread/INFO] (Minecraft) [STDOUT]: [Lodekeeper verification] state=WAITING_FOR_WORLD, engine=idle · 0 foreground queued · 0 maintenance queued, server=null
[19:46:14] [Render thread/INFO] (Minecraft) [System] [CHAT] [Lodekeeper] Stopped
[19:46:16] [Render thread/INFO] (Minecraft) [System] [CHAT] [Lodekeeper] Queued 1 × bucket
[19:46:16] [Render thread/INFO] (lodekeeper) [Lodekeeper] THREAT_RESPONSE outcome=started attacks=0 retreats=0 ticks=0 status=stopping movement before defense
[19:46:16] [Render thread/INFO] (lodekeeper) [Lodekeeper] BEGIN label=bucket goal=1 inventory=0 startfeet=0,63,0 elapsed_ms=0 continued=false
[19:46:16] [Render thread/INFO] (lodekeeper) [Lodekeeper] THREAT_RETREAT threats=[entity.minecraft.creeper@BlockPos{x=2, y=64, z=5}] dryGoals=[BlockPos{x=0, y=64, z=-12}, BlockPos{x=-4, y=64, z=-11}, BlockPos{x=-6, y=64, z=-10}, BlockPos{x=-3, y=64, z=-11}, BlockPos{x=-7, y=64, z=-9}, BlockPos{x=-5, y=64, z=-10}, BlockPos{x=-2, y=64, z=-11}, BlockPos{x=-8, y=64, z=-8}, BlockPos{x=-10, y=64, z=-6}, BlockPos{x=-9, y=64, z=-7}, BlockPos{x=-1, y=64, z=-11}, BlockPos{x=-4, y=64, z=-10}, BlockPos{x=-6, y=64, z=-9}, BlockPos{x=0, y=64, z=-11}, BlockPos{x=4, y=64, z=-11}, BlockPos{x=1, y=64, z=-11}] rejected=[]
[19:46:16] [Render thread/INFO] (lodekeeper) [Lodekeeper] THREAT_RESPONSE outcome=retreat attacks=0 retreats=1 ticks=1 status=retreating from live threats 1
[19:46:16] [Render thread/INFO] (lodekeeper) [Lodekeeper] NAV backend=baritone mode=MOVE event=CALC_STARTED elapsedMs=24
[19:46:16] [Render thread/INFO] (lodekeeper) [Lodekeeper] NAV calcTool=minecraft:diamond_sword slot=0
[19:46:17] [Render thread/INFO] (lodekeeper) [Lodekeeper] NAV backend=baritone mode=MOVE event=CALC_FINISHED_NOW_EXECUTING elapsedMs=170
[19:46:17] [Render thread/INFO] (Minecraft) [STDOUT]: [Lodekeeper verification] state=PREPARED_SAFETY, engine=retreating from live threats 1 · 0 foreground queued · 0 maintenance queued, server=ServerSnapshot[serverTick=116, worldTime=116, inventory={minecraft:iron_ingot=3, minecraft:crafting_table=1, minecraft:diamond_sword=1, minecraft:wooden_pickaxe=1}, woodenAxeRemainingDurability=[], ironPickaxeDeepslateRemaining=-1, coalRecoveryEncasedOreRemaining=-1, coalRecoveryAccessibleOreRemaining=-1, coalStartSurfaceRemaining=-1, coalNavigationCourseMismatchCount=-1, coalNavigationCourseObservedMask=-1, coalNavigationCourseMinimumHealth=-1.0, coalNavigationCourseCheckpointServerTicks=[], storageInventory={minecraft:iron_ingot=3, minecraft:crafting_table=1, minecraft:diamond_sword=1, minecraft:wooden_pickaxe=1}, equippedItems={}, serverCursorEmpty=true, preparedSafetyThreatReceipt={zombieLastDamage=, creeperDistanceSquared=30.0, waterFloorPresent=true, playerSupportBedrock=true, cowAlive=true, cowUuid=41d7fdb6-4df0-442f-a965-3d13519c0733, playerInWater=true, diamondSwordDamage=0, preparedThreatsCleared=false, playerBodyCellsAir=false, zombieCanSeeSky=false, waterSourceCellsPresent=true, creeperRemoved=false, zombieRemoved=false, creeperHealth=20.0, zombieUuid=f71952d9-e9d9-4cb7-aec9-6e85c0f2f770, zombieOnFire=false, cowHealth=10.0, lowWaterRoofPresent=true, creeperUuid=159bb6a5-9364-491c-b1ef-7e82cd024648, creeperAlive=true, cowInitialHealth=10.0, zombieAlive=true, zombieHealth=4.0, woodenPickaxeDamage=0}, preparedSafetyStationRoomReceipt={}, preparedSafetyPursuitReceipt={}, preparedSafetyAirReceipt={}, preparedSafetyWorkbenchReceipt={}, preparedSafetyHeldFuelReceipt={}, health=20.0, foodLevel=20, difficulty=NORMAL, x=0.5, y=63.0, z=0.5]
[19:46:18] [Render thread/INFO] (lodekeeper) [Lodekeeper] PROGRESS elapsed_ms=2013 phase=traveling backend=baritone target=none navigation_elapsed_ms=1970 navigation_ticks=40 searching=false path_index=0 path_length=11 retries=0 pending_route_events=0 dropped_route_events=0 status=retreating_from_live_threats_1
[19:46:20] [Render thread/INFO] (lodekeeper) [Lodekeeper] PROGRESS elapsed_ms=4024 phase=traveling backend=baritone target=none navigation_elapsed_ms=3981 navigation_ticks=80 searching=false path_index=0 path_length=7 retries=0 pending_route_events=0 dropped_route_events=0 status=retreating_from_live_threats_1
[19:46:21] [Render thread/INFO] (lodekeeper) [Lodekeeper] NAV backend=baritone mode=IDLE event=CANCELED elapsedMs=4219
[19:46:21] [Render thread/INFO] (lodekeeper) [Lodekeeper] NAV backend=baritone mode=IDLE event=CANCELED elapsedMs=4219
[19:46:21] [Render thread/INFO] (lodekeeper) [Lodekeeper] DEFENSE_DRAIN blockedBy=physical-settling hasPath=false pathing=false calculating=false ground=true horizontalSpeed=0.08363883073689612
[19:46:21] [Render thread/INFO] (lodekeeper) [Lodekeeper] NAV backend=baritone mode=IDLE event=CANCELED elapsedMs=4250
[19:46:21] [Render thread/INFO] (lodekeeper) [Lodekeeper] NAV backend=baritone mode=IDLE event=CANCELED elapsedMs=4316
[19:46:21] [Render thread/INFO] (lodekeeper) [Lodekeeper] NAV backend=baritone mode=IDLE event=CANCELED elapsedMs=4350
[19:46:21] [Render thread/INFO] (lodekeeper) [Lodekeeper] THREAT_RESPONSE outcome=cleared attacks=0 retreats=1 ticks=90 status=live threats cleared
[19:46:22] [Render thread/INFO] (lodekeeper) [Lodekeeper] STEP kind=PLACE_STATION source=place:minecraft:crafting_table output=null count=0 operations=1 auxiliary=false
[19:46:22] [Render thread/INFO] (lodekeeper) [Lodekeeper] TARGET target=0,64,-7 block=minecraft:crafting_table
[19:46:22] [Render thread/INFO] (lodekeeper) [Lodekeeper] TARGET target=none
[19:46:22] [Render thread/INFO] (lodekeeper) [Lodekeeper] STEP kind=CRAFT source=server:minecraft:bucket:162 output=minecraft:bucket count=1 operations=1 auxiliary=false
[19:46:22] [Render thread/INFO] (Minecraft) [STDOUT]: [Lodekeeper verification] state=PREPARED_SAFETY, engine=CRAFT server:minecraft:bucket:162 · 0 foreground queued · 0 maintenance queued, server=ServerSnapshot[serverTick=215, worldTime=215, inventory={minecraft:iron_ingot=3, minecraft:crafting_table=1, minecraft:diamond_sword=1, minecraft:wooden_pickaxe=1}, woodenAxeRemainingDurability=[], ironPickaxeDeepslateRemaining=-1, coalRecoveryEncasedOreRemaining=-1, coalRecoveryAccessibleOreRemaining=-1, coalStartSurfaceRemaining=-1, coalNavigationCourseMismatchCount=-1, coalNavigationCourseObservedMask=-1, coalNavigationCourseMinimumHealth=-1.0, coalNavigationCourseCheckpointServerTicks=[], storageInventory={minecraft:iron_ingot=3, minecraft:crafting_table=1, minecraft:diamond_sword=1, minecraft:wooden_pickaxe=1}, equippedItems={}, serverCursorEmpty=true, preparedSafetyThreatReceipt={zombieLastDamage=, creeperDistanceSquared=156.21721263594358, waterFloorPresent=true, playerSupportBedrock=true, cowAlive=true, cowUuid=41d7fdb6-4df0-442f-a965-3d13519c0733, playerInWater=false, diamondSwordDamage=0, preparedThreatsCleared=false, playerBodyCellsAir=true, zombieCanSeeSky=false, waterSourceCellsPresent=true, creeperRemoved=false, zombieRemoved=false, creeperHealth=20.0, zombieUuid=f71952d9-e9d9-4cb7-aec9-6e85c0f2f770, zombieOnFire=false, cowHealth=10.0, lowWaterRoofPresent=true, creeperUuid=159bb6a5-9364-491c-b1ef-7e82cd024648, creeperAlive=true, cowInitialHealth=10.0, zombieAlive=true, zombieHealth=4.0, woodenPickaxeDamage=0}, preparedSafetyStationRoomReceipt={}, preparedSafetyPursuitReceipt={}, preparedSafetyAirReceipt={}, preparedSafetyWorkbenchReceipt={}, preparedSafetyHeldFuelReceipt={}, health=20.0, foodLevel=20, difficulty=NORMAL, x=1.4962294439485457, y=64.0, z=-6.958316792679007]
[19:46:23] [Render thread/INFO] (lodekeeper) [Lodekeeper] PROGRESS elapsed_ms=6078 phase=crafting backend=baritone target=none navigation_elapsed_ms=0 navigation_ticks=0 searching=false path_index=0 path_length=0 retries=0 pending_route_events=0 dropped_route_events=0 status=CRAFT_server:minecraft:bucket:162
[19:46:25] [Render thread/INFO] (lodekeeper) [Lodekeeper] PROGRESS elapsed_ms=8089 phase=crafting backend=baritone target=none navigation_elapsed_ms=0 navigation_ticks=0 searching=false path_index=0 path_length=0 retries=0 pending_route_events=0 dropped_route_events=0 status=CRAFT_server:minecraft:bucket:162
[19:46:25] [Render thread/INFO] (Minecraft) [System] [CHAT] [Lodekeeper] Complete: 1 × bucket
[19:46:25] [Render thread/INFO] (lodekeeper) [Lodekeeper] task_end reason=idle label=bucket elapsed_ms=8326 pending_route_events=0 dropped_route_events=0 status=idle
[19:46:25] [IO-Worker-5/INFO] (Minecraft) [STDOUT]: [Lodekeeper verification] Saved screenshot as lodekeeper-2026-10-06T18-45-58-241204Z-edbc05bf-prepared-safety-water_retreat_bucket.png
[19:46:26] [Render thread/INFO] (Minecraft) [STDOUT]: [Lodekeeper verification] Finished 1 server-observed cases; evidence=/private/tmp/lodekeeper-preview11-hop-water-263/run-verification/verification/2026-10-06T18-45-58-241204Z-edbc05bf/evidence
