[19:44:36] [Render thread/INFO] (Minecraft) [STDOUT]: [Lodekeeper verification] Enabled. World and evidence paths are under /private/tmp/lodekeeper-preview11-hop-water-1211/run/verification
[19:44:36] [Render thread/INFO] (lodekeeper) [Lodekeeper] INIT mod=0.1.0-preview.11 minecraft=1.21.1
[19:44:46] [Render thread/INFO] (Minecraft) [STDOUT]: [Lodekeeper verification] state=WAITING_FOR_WORLD, engine=idle · 0 foreground queued · 0 maintenance queued, screen=CreateWorldScreen, server=null
[19:44:51] [Render thread/INFO] (Minecraft) [System] [CHAT] [Lodekeeper] Stopped
[19:44:52] [Render thread/INFO] (Minecraft) [STDOUT]: [Lodekeeper verification] state=WAITING_FOR_EMPTY_SNAPSHOT, engine=idle · 0 foreground queued · 0 maintenance queued, screen=none, server=ServerSnapshot[serverTick=72, worldTime=72, inventory={minecraft:diamond_sword=1, minecraft:crafting_table=1, minecraft:iron_ingot=3, minecraft:wooden_pickaxe=1}, woodenAxeRemainingDurability=[], ironPickaxeDeepslateRemaining=-1, coalRecoveryEncasedOreRemaining=-1, coalRecoveryAccessibleOreRemaining=-1, coalStartSurfaceRemaining=-1, coalNavigationCourseMismatchCount=-1, coalNavigationCourseObservedMask=-1, coalNavigationCourseMinimumHealth=-1.0, coalNavigationCourseCheckpointServerTicks=[], nearbyWoodLocalFixture=null, storageInventory={minecraft:diamond_sword=1, minecraft:crafting_table=1, minecraft:iron_ingot=3, minecraft:wooden_pickaxe=1}, equippedItems={}, serverCursorEmpty=true, preparedSafetyThreatReceipt={playerInWater=false, cowHealth=10.0, zombieAlive=true, creeperAlive=true, creeperHealth=20.0, cowInitialHealth=10.0, zombieHealth=4.0, playerSupportBedrock=false, zombieUuid=2ce3dce4-3d2a-40d5-b794-ce27365d5a16, waterFloorPresent=true, zombieRemoved=false, creeperUuid=3e3be89a-f1c5-4b8d-ae38-733fb3a4c0ca, playerBodyCellsAir=true, preparedThreatsCleared=false, cowAlive=true, cowUuid=d6eb95a1-6016-419c-ad1b-4be45634cce1, lowWaterRoofPresent=true, diamondSwordDamage=0, creeperDistanceSquared=29.0, waterSourceCellsPresent=true, creeperRemoved=false, woodenPickaxeDamage=0}, preparedSafetyStationRoomReceipt={}, preparedSafetyPursuitReceipt={}, preparedSafetyAirReceipt={}, preparedSafetyWorkbenchReceipt={}, preparedSafetyHeldFuelReceipt={}, health=20.0, foodLevel=20, difficulty=NORMAL, x=0.5, y=64.0, z=0.5]
[19:44:53] [Render thread/INFO] (Minecraft) [STDOUT]: [Lodekeeper verification] catalog recipes=992, sources=1315, rejected=288, samples=[minecraft:andesite_slab_from_andesite_stonecutting (minecraft:stonecutting), minecraft:andesite_stairs_from_andesite_stonecutting (minecraft:stonecutting), minecraft:andesite_wall_from_andesite_stonecutting (minecraft:stonecutting)]
[19:44:53] [Render thread/INFO] (Minecraft) [System] [CHAT] [Lodekeeper] Queued 1 × bucket
[19:44:54] [Render thread/INFO] (lodekeeper) [Lodekeeper] THREAT_RESPONSE outcome=started attacks=0 retreats=0 ticks=0 status=stopping movement before defense
[19:44:54] [Render thread/INFO] (lodekeeper) [Lodekeeper] BEGIN label=bucket goal=1 inventory=0 startfeet=0,63,0 elapsed_ms=0 continued=false
[19:44:54] [Render thread/INFO] (lodekeeper) [Lodekeeper] THREAT_RETREAT threats=[entity.minecraft.creeper@BlockPos{x=2, y=64, z=5}] dryGoals=[BlockPos{x=0, y=64, z=-12}, BlockPos{x=-4, y=64, z=-11}, BlockPos{x=-6, y=64, z=-10}, BlockPos{x=-3, y=64, z=-11}, BlockPos{x=-7, y=64, z=-9}, BlockPos{x=-5, y=64, z=-10}, BlockPos{x=-2, y=64, z=-11}, BlockPos{x=-8, y=64, z=-8}, BlockPos{x=-10, y=64, z=-6}, BlockPos{x=-9, y=64, z=-7}, BlockPos{x=-1, y=64, z=-11}, BlockPos{x=-4, y=64, z=-10}, BlockPos{x=-6, y=64, z=-9}, BlockPos{x=0, y=64, z=-11}, BlockPos{x=4, y=64, z=-11}, BlockPos{x=1, y=64, z=-11}] rejected=[]
[19:44:54] [Render thread/INFO] (lodekeeper) [Lodekeeper] THREAT_RESPONSE outcome=retreat attacks=0 retreats=1 ticks=1 status=retreating from live threats 1
[19:44:54] [Render thread/INFO] (lodekeeper) [Lodekeeper] NAV backend=baritone mode=MOVE event=CALC_STARTED elapsedMs=16
[19:44:54] [Render thread/INFO] (lodekeeper) [Lodekeeper] NAV calcTool=minecraft:diamond_sword slot=0
[19:44:54] [Render thread/INFO] (lodekeeper) [Lodekeeper] NAV backend=baritone mode=MOVE event=CALC_FINISHED_NOW_EXECUTING elapsedMs=136
[19:44:56] [Render thread/INFO] (lodekeeper) [Lodekeeper] PROGRESS elapsed_ms=2036 phase=traveling backend=baritone target=none navigation_elapsed_ms=1921 navigation_ticks=40 searching=false path_index=0 path_length=11 retries=0 pending_route_events=0 dropped_route_events=0 status=retreating_from_live_threats_1
[19:44:57] [Render thread/INFO] (Minecraft) [STDOUT]: [Lodekeeper verification] state=PREPARED_SAFETY, engine=retreating from live threats 1 · 0 foreground queued · 0 maintenance queued, screen=none, server=ServerSnapshot[serverTick=172, worldTime=172, inventory={minecraft:diamond_sword=1, minecraft:crafting_table=1, minecraft:iron_ingot=3, minecraft:wooden_pickaxe=1}, woodenAxeRemainingDurability=[], ironPickaxeDeepslateRemaining=-1, coalRecoveryEncasedOreRemaining=-1, coalRecoveryAccessibleOreRemaining=-1, coalStartSurfaceRemaining=-1, coalNavigationCourseMismatchCount=-1, coalNavigationCourseObservedMask=-1, coalNavigationCourseMinimumHealth=-1.0, coalNavigationCourseCheckpointServerTicks=[], nearbyWoodLocalFixture=null, storageInventory={minecraft:diamond_sword=1, minecraft:crafting_table=1, minecraft:iron_ingot=3, minecraft:wooden_pickaxe=1}, equippedItems={}, serverCursorEmpty=true, preparedSafetyThreatReceipt={playerInWater=true, cowHealth=10.0, zombieAlive=true, creeperAlive=true, creeperHealth=20.0, cowInitialHealth=10.0, zombieHealth=4.0, playerSupportBedrock=true, zombieUuid=2ce3dce4-3d2a-40d5-b794-ce27365d5a16, waterFloorPresent=true, zombieRemoved=false, creeperUuid=3e3be89a-f1c5-4b8d-ae38-733fb3a4c0ca, playerBodyCellsAir=false, preparedThreatsCleared=false, cowAlive=true, cowUuid=d6eb95a1-6016-419c-ad1b-4be45634cce1, lowWaterRoofPresent=true, diamondSwordDamage=0, creeperDistanceSquared=68.38232174275205, waterSourceCellsPresent=true, creeperRemoved=false, woodenPickaxeDamage=0}, preparedSafetyStationRoomReceipt={}, preparedSafetyPursuitReceipt={}, preparedSafetyAirReceipt={}, preparedSafetyWorkbenchReceipt={}, preparedSafetyHeldFuelReceipt={}, health=20.0, foodLevel=20, difficulty=NORMAL, x=1.3242539748493272, y=63.200000047683716, z=-2.646161249532713]
[19:44:58] [Render thread/INFO] (lodekeeper) [Lodekeeper] PROGRESS elapsed_ms=4090 phase=traveling backend=baritone target=none navigation_elapsed_ms=3910 navigation_ticks=80 searching=false path_index=0 path_length=7 retries=0 pending_route_events=0 dropped_route_events=0 status=retreating_from_live_threats_1
[19:44:58] [Render thread/INFO] (lodekeeper) [Lodekeeper] NAV backend=baritone mode=IDLE event=CANCELED elapsedMs=4186
[19:44:58] [Render thread/INFO] (lodekeeper) [Lodekeeper] NAV backend=baritone mode=IDLE event=CANCELED elapsedMs=4186
[19:44:58] [Render thread/INFO] (lodekeeper) [Lodekeeper] DEFENSE_DRAIN blockedBy=physical-settling hasPath=false pathing=false calculating=false ground=true horizontalSpeed=0.083642732558948
[19:44:58] [Render thread/INFO] (lodekeeper) [Lodekeeper] NAV backend=baritone mode=IDLE event=CANCELED elapsedMs=4218
[19:44:58] [Render thread/INFO] (lodekeeper) [Lodekeeper] NAV backend=baritone mode=IDLE event=CANCELED elapsedMs=4285
[19:44:58] [Render thread/INFO] (lodekeeper) [Lodekeeper] NAV backend=baritone mode=IDLE event=CANCELED elapsedMs=4319
[19:44:58] [Render thread/INFO] (lodekeeper) [Lodekeeper] THREAT_RESPONSE outcome=cleared attacks=0 retreats=1 ticks=90 status=live threats cleared
[19:44:59] [Render thread/INFO] (lodekeeper) [Lodekeeper] STEP kind=PLACE_STATION source=place:minecraft:crafting_table output=null count=0 operations=1 auxiliary=false
[19:44:59] [Render thread/INFO] (lodekeeper) [Lodekeeper] TARGET target=0,64,-7 block=minecraft:crafting_table
[19:44:59] [Render thread/INFO] (lodekeeper) [Lodekeeper] TARGET target=none
[19:44:59] [Render thread/INFO] (lodekeeper) [Lodekeeper] STEP kind=CRAFT source=minecraft:bucket output=minecraft:bucket count=1 operations=1 auxiliary=false
[19:45:00] [Render thread/INFO] (lodekeeper) [Lodekeeper] PROGRESS elapsed_ms=6132 phase=crafting backend=baritone target=none navigation_elapsed_ms=0 navigation_ticks=0 searching=false path_index=0 path_length=0 retries=0 pending_route_events=0 dropped_route_events=0 status=CRAFT_minecraft:bucket
[19:45:02] [Render thread/INFO] (lodekeeper) [Lodekeeper] PROGRESS elapsed_ms=8188 phase=crafting backend=baritone target=none navigation_elapsed_ms=0 navigation_ticks=0 searching=false path_index=0 path_length=0 retries=0 pending_route_events=0 dropped_route_events=0 status=CRAFT_minecraft:bucket
[19:45:02] [Render thread/INFO] (Minecraft) [System] [CHAT] [Lodekeeper] Complete: 1 × bucket
[19:45:02] [Render thread/INFO] (lodekeeper) [Lodekeeper] task_end reason=idle label=bucket elapsed_ms=8324 pending_route_events=0 dropped_route_events=0 status=idle
[19:45:02] [Render thread/INFO] (Minecraft) [STDOUT]: [Lodekeeper verification] state=PREPARED_SAFETY, engine=idle · 0 foreground queued · 0 maintenance queued, screen=none, server=ServerSnapshot[serverTick=271, worldTime=271, inventory={minecraft:diamond_sword=1, minecraft:wooden_pickaxe=1}, woodenAxeRemainingDurability=[], ironPickaxeDeepslateRemaining=-1, coalRecoveryEncasedOreRemaining=-1, coalRecoveryAccessibleOreRemaining=-1, coalStartSurfaceRemaining=-1, coalNavigationCourseMismatchCount=-1, coalNavigationCourseObservedMask=-1, coalNavigationCourseMinimumHealth=-1.0, coalNavigationCourseCheckpointServerTicks=[], nearbyWoodLocalFixture=null, storageInventory={minecraft:diamond_sword=1, minecraft:wooden_pickaxe=1}, equippedItems={}, serverCursorEmpty=true, preparedSafetyThreatReceipt={playerInWater=false, cowHealth=10.0, zombieAlive=true, creeperAlive=true, creeperHealth=20.0, cowInitialHealth=10.0, zombieHealth=4.0, playerSupportBedrock=true, zombieUuid=2ce3dce4-3d2a-40d5-b794-ce27365d5a16, waterFloorPresent=true, zombieRemoved=false, creeperUuid=3e3be89a-f1c5-4b8d-ae38-733fb3a4c0ca, playerBodyCellsAir=true, preparedThreatsCleared=false, cowAlive=true, cowUuid=d6eb95a1-6016-419c-ad1b-4be45634cce1, lowWaterRoofPresent=true, diamondSwordDamage=0, creeperDistanceSquared=156.22283426974784, waterSourceCellsPresent=true, creeperRemoved=false, woodenPickaxeDamage=0}, preparedSafetyStationRoomReceipt={}, preparedSafetyPursuitReceipt={}, preparedSafetyAirReceipt={}, preparedSafetyWorkbenchReceipt={}, preparedSafetyHeldFuelReceipt={}, health=20.0, foodLevel=20, difficulty=NORMAL, x=1.4982365105207598, y=64.0, z=-6.958703952694848]
[19:45:02] [IO-Worker-2/INFO] (Minecraft) [STDOUT]: [Lodekeeper verification] Saved screenshot as lodekeeper-2026-10-06T18-44-36-581276Z-ac8ed285-water_retreat_bucket.png
[19:45:03] [Render thread/INFO] (Minecraft) [STDOUT]: [Lodekeeper verification] Finished 1 server-observed cases; evidence: /private/tmp/lodekeeper-preview11-hop-water-1211/run/verification/evidence
[19:45:04] [Server thread/INFO] (Minecraft) Saving chunks for level 'ServerLevel[Lodekeeper verification]'/minecraft:overworld
[19:45:04] [Server thread/INFO] (Minecraft) Saving chunks for level 'ServerLevel[Lodekeeper verification]'/minecraft:the_nether
[19:45:04] [Server thread/INFO] (Minecraft) Saving chunks for level 'ServerLevel[Lodekeeper verification]'/minecraft:the_end
