[14:51:39] [Render thread/INFO] (Minecraft) [STDOUT]: [Lodekeeper verification] Enabled. World and evidence paths are under /private/tmp/lodekeeper-preview10-workbench-1211/run/verification
[14:51:39] [Render thread/INFO] (lodekeeper) [Lodekeeper] INIT mod=0.1.0-preview.10 minecraft=1.21.1
[14:51:46] [Render thread/INFO] (Minecraft) [STDOUT]: [Lodekeeper verification] state=OPENING_WORLD, engine=idle · 0 foreground queued · 0 maintenance queued, screen=TitleScreen, server=null
[14:51:54] [Render thread/INFO] (Minecraft) [System] [CHAT] [Lodekeeper] Stopped
[14:51:55] [Render thread/INFO] (Minecraft) [STDOUT]: [Lodekeeper verification] state=WAITING_FOR_EMPTY_SNAPSHOT, engine=idle · 0 foreground queued · 0 maintenance queued, screen=none, server=ServerSnapshot[serverTick=65, worldTime=65, inventory={minecraft:oak_planks=12}, woodenAxeRemainingDurability=[], ironPickaxeDeepslateRemaining=-1, coalRecoveryEncasedOreRemaining=-1, coalRecoveryAccessibleOreRemaining=-1, coalStartSurfaceRemaining=-1, coalNavigationCourseMismatchCount=-1, coalNavigationCourseObservedMask=-1, coalNavigationCourseMinimumHealth=-1.0, coalNavigationCourseCheckpointServerTicks=[], nearbyWoodLocalFixture=null, storageInventory={minecraft:oak_planks=12}, equippedItems={}, serverCursorEmpty=true, preparedSafetyThreatReceipt={}, preparedSafetyStationRoomReceipt={}, preparedSafetyPursuitReceipt={}, preparedSafetyAirReceipt={}, preparedSafetyWorkbenchReceipt={}, health=20.0, foodLevel=20, difficulty=NORMAL, x=0.5, y=64.0, z=0.5]
[14:51:55] [Render thread/INFO] (Minecraft) [STDOUT]: [Lodekeeper verification] catalog recipes=992, sources=1315, rejected=288, samples=[minecraft:andesite_slab_from_andesite_stonecutting (minecraft:stonecutting), minecraft:andesite_stairs_from_andesite_stonecutting (minecraft:stonecutting), minecraft:andesite_wall_from_andesite_stonecutting (minecraft:stonecutting)]
[14:51:55] [Render thread/INFO] (Minecraft) [System] [CHAT] [Lodekeeper] Queued 1 × wooden_pickaxe
[14:51:55] [Render thread/INFO] (lodekeeper) [Lodekeeper] BEGIN label=wooden_pickaxe goal=1 inventory=0 startfeet=0,64,0 elapsed_ms=0 continued=false
[14:51:56] [Render thread/INFO] (lodekeeper) [Lodekeeper] STEP kind=CRAFT source=minecraft:stick output=minecraft:stick count=4 operations=1 auxiliary=false
[14:51:57] [Render thread/INFO] (lodekeeper) [Lodekeeper] PROGRESS elapsed_ms=2012 phase=crafting backend=baritone target=none navigation_elapsed_ms=0 navigation_ticks=0 searching=false path_index=0 path_length=0 retries=0 pending_route_events=0 dropped_route_events=0 status=CRAFT_minecraft:stick
[14:51:58] [Render thread/INFO] (lodekeeper) [Lodekeeper] STEP kind=CRAFT source=minecraft:crafting_table output=minecraft:crafting_table count=1 operations=1 auxiliary=false
[14:51:59] [Render thread/INFO] (lodekeeper) [Lodekeeper] PROGRESS elapsed_ms=4070 phase=crafting backend=baritone target=none navigation_elapsed_ms=0 navigation_ticks=0 searching=false path_index=0 path_length=0 retries=0 pending_route_events=0 dropped_route_events=0 status=CRAFT_minecraft:crafting_table
[14:52:00] [Render thread/INFO] (Minecraft) [STDOUT]: [Lodekeeper verification] state=PREPARED_SAFETY, engine=CRAFT minecraft:crafting_table · 0 foreground queued · 0 maintenance queued, screen=none, server=ServerSnapshot[serverTick=166, worldTime=166, inventory={minecraft:stick=4}, woodenAxeRemainingDurability=[], ironPickaxeDeepslateRemaining=-1, coalRecoveryEncasedOreRemaining=-1, coalRecoveryAccessibleOreRemaining=-1, coalStartSurfaceRemaining=-1, coalNavigationCourseMismatchCount=-1, coalNavigationCourseObservedMask=-1, coalNavigationCourseMinimumHealth=-1.0, coalNavigationCourseCheckpointServerTicks=[], nearbyWoodLocalFixture=null, storageInventory={minecraft:stick=4}, equippedItems={}, serverCursorEmpty=false, preparedSafetyThreatReceipt={}, preparedSafetyStationRoomReceipt={}, preparedSafetyPursuitReceipt={}, preparedSafetyAirReceipt={}, preparedSafetyWorkbenchReceipt={}, health=20.0, foodLevel=20, difficulty=NORMAL, x=0.5, y=64.0, z=0.5]
[14:52:01] [Render thread/INFO] (lodekeeper) [Lodekeeper] PROGRESS elapsed_ms=6124 phase=planning backend=baritone target=none navigation_elapsed_ms=0 navigation_ticks=0 searching=false path_index=0 path_length=0 retries=0 pending_route_events=0 dropped_route_events=0 status=planning
[14:52:01] [Render thread/INFO] (lodekeeper) [Lodekeeper] STEP kind=PLACE_STATION source=place:minecraft:crafting_table output=null count=0 operations=1 auxiliary=false
[14:52:01] [Render thread/INFO] (lodekeeper) [Lodekeeper] TARGET target=-1,64,0 block=minecraft:crafting_table
[14:52:01] [Render thread/INFO] (lodekeeper) [Lodekeeper] TARGET target=none
[14:52:01] [Render thread/INFO] (lodekeeper) [Lodekeeper] STEP kind=CRAFT source=minecraft:wooden_pickaxe output=minecraft:wooden_pickaxe count=1 operations=1 auxiliary=false
[14:52:03] [Render thread/INFO] (lodekeeper) [Lodekeeper] PROGRESS elapsed_ms=8177 phase=crafting backend=baritone target=none navigation_elapsed_ms=0 navigation_ticks=0 searching=false path_index=0 path_length=0 retries=0 pending_route_events=0 dropped_route_events=0 status=CRAFT_minecraft:wooden_pickaxe
[14:52:05] [Render thread/INFO] (Minecraft) [STDOUT]: [Lodekeeper verification] state=PREPARED_SAFETY, engine=CRAFT minecraft:wooden_pickaxe · 0 foreground queued · 0 maintenance queued, screen=CraftingScreen, server=ServerSnapshot[serverTick=266, worldTime=266, inventory={minecraft:oak_planks=3}, woodenAxeRemainingDurability=[], ironPickaxeDeepslateRemaining=-1, coalRecoveryEncasedOreRemaining=-1, coalRecoveryAccessibleOreRemaining=-1, coalStartSurfaceRemaining=-1, coalNavigationCourseMismatchCount=-1, coalNavigationCourseObservedMask=-1, coalNavigationCourseMinimumHealth=-1.0, coalNavigationCourseCheckpointServerTicks=[], nearbyWoodLocalFixture=null, storageInventory={minecraft:oak_planks=3}, equippedItems={}, serverCursorEmpty=false, preparedSafetyThreatReceipt={}, preparedSafetyStationRoomReceipt={}, preparedSafetyPursuitReceipt={}, preparedSafetyAirReceipt={}, preparedSafetyWorkbenchReceipt={}, health=20.0, foodLevel=20, difficulty=NORMAL, x=0.5, y=64.0, z=0.5]
[14:52:05] [Render thread/INFO] (lodekeeper) [Lodekeeper] PROGRESS elapsed_ms=10225 phase=discovering backend=baritone target=none navigation_elapsed_ms=0 navigation_ticks=0 searching=false path_index=0 path_length=0 retries=0 pending_route_events=0 dropped_route_events=0 status=indexing_local_resource_options
[14:52:06] [Render thread/INFO] (Minecraft) [System] [CHAT] [Lodekeeper] Complete: 1 × wooden_pickaxe
[14:52:06] [Render thread/INFO] (lodekeeper) [Lodekeeper] task_end reason=idle label=wooden_pickaxe elapsed_ms=10700 pending_route_events=0 dropped_route_events=0 status=idle
[14:52:06] [IO-Worker-3/INFO] (Minecraft) [STDOUT]: [Lodekeeper verification] Saved screenshot as lodekeeper-2026-10-06T13-51-39-519842Z-300c3cd3-prepared_owned_workbench_setup_complete.png
[14:52:07] [Render thread/INFO] (Minecraft) [System] [CHAT] [Lodekeeper] Queued 1 × cobblestone
[14:52:07] [Render thread/INFO] (lodekeeper) [Lodekeeper] BEGIN label=cobblestone goal=1 inventory=0 startfeet=5,64,0 elapsed_ms=0 continued=false
[14:52:07] [Render thread/INFO] (lodekeeper) [Lodekeeper] STEP kind=GATHER source=gather:minecraft:stone output=minecraft:cobblestone count=1 operations=1 auxiliary=false
[14:52:07] [Render thread/INFO] (lodekeeper) [Lodekeeper] NAV backend=baritone mode=MOVE event=CALC_STARTED elapsedMs=9
[14:52:07] [Render thread/INFO] (lodekeeper) [Lodekeeper] NAV calcTool=minecraft:wooden_pickaxe slot=7
[14:52:07] [Render thread/INFO] (lodekeeper) [Lodekeeper] NAV backend=baritone mode=MOVE event=CALC_FINISHED_NOW_EXECUTING elapsedMs=30
[14:52:07] [Render thread/INFO] (lodekeeper) [Lodekeeper] NAV backend=baritone mode=IDLE event=CANCELED elapsedMs=338
[14:52:07] [Render thread/INFO] (lodekeeper) [Lodekeeper] NAV backend=baritone mode=IDLE event=CANCELED elapsedMs=338
[14:52:07] [Render thread/INFO] (lodekeeper) [Lodekeeper] NAV backend=baritone mode=IDLE event=CANCELED elapsedMs=406
[14:52:07] [Render thread/INFO] (lodekeeper) [Lodekeeper] NAV backend=baritone mode=IDLE event=CANCELED elapsedMs=440
[14:52:07] [Render thread/INFO] (lodekeeper) [Lodekeeper] NAV backend=baritone mode=IDLE event=CANCELED elapsedMs=507
[14:52:08] [Render thread/INFO] (Minecraft) [System] [CHAT] [Lodekeeper] Stopped
[14:52:08] [IO-Worker-3/INFO] (Minecraft) [STDOUT]: [Lodekeeper verification] Saved screenshot as lodekeeper-2026-10-06T13-51-39-519842Z-300c3cd3-failed-prepared_owned_workbench_approach_cobblestone.png
[14:52:08] [Render thread/INFO] (Minecraft) [STDERR]: [Lodekeeper verification] FAILED: owned-workbench recovery retried during the same foreground command
[14:52:08] [Server thread/INFO] (Minecraft) Saving chunks for level 'ServerLevel[Lodekeeper verification]'/minecraft:overworld
[14:52:08] [Server thread/INFO] (Minecraft) Saving chunks for level 'ServerLevel[Lodekeeper verification]'/minecraft:the_end
[14:52:08] [Server thread/INFO] (Minecraft) Saving chunks for level 'ServerLevel[Lodekeeper verification]'/minecraft:the_nether
