[15:18:38] [Render thread/INFO] (lodekeeper) [Lodekeeper] INIT mod=0.1.0-preview.10 minecraft=26.3
[15:18:38] [Render thread/INFO] (Minecraft) [STDOUT]: [Lodekeeper verification] Enabled; isolated run directory=/private/tmp/lodekeeper-preview10-workbench-blocked-263/run-verification, world root=/private/tmp/lodekeeper-preview10-workbench-blocked-263/run-verification/verification/2026-10-06T14-18-38-569003Z-c222f88d/worlds, evidence=/private/tmp/lodekeeper-preview10-workbench-blocked-263/run-verification/verification/2026-10-06T14-18-38-569003Z-c222f88d/evidence
[15:18:50] [Render thread/INFO] (Minecraft) [STDOUT]: [Lodekeeper verification] Vanilla integrated-world startup requested
[15:18:53] [Render thread/INFO] (Minecraft) [STDOUT]: [Lodekeeper verification] state=WAITING_FOR_WORLD, engine=idle · 0 foreground queued · 0 maintenance queued, server=null
[15:18:55] [Render thread/INFO] (Minecraft) [System] [CHAT] [Lodekeeper] Stopped
[15:18:56] [Render thread/INFO] (Minecraft) [System] [CHAT] [Lodekeeper] Queued 1 × wooden_pickaxe
[15:18:56] [Render thread/INFO] (lodekeeper) [Lodekeeper] BEGIN label=wooden_pickaxe goal=1 inventory=0 startfeet=0,64,0 elapsed_ms=0 continued=false
[15:18:57] [Render thread/INFO] (lodekeeper) [Lodekeeper] STEP kind=CRAFT source=server:minecraft:stick:1422 output=minecraft:stick count=4 operations=1 auxiliary=false
[15:18:58] [Render thread/INFO] (Minecraft) [STDOUT]: [Lodekeeper verification] state=PREPARED_SAFETY, engine=CRAFT server:minecraft:stick:1422 · 0 foreground queued · 0 maintenance queued, server=ServerSnapshot[serverTick=117, worldTime=117, inventory={minecraft:oak_planks=12}, woodenAxeRemainingDurability=[], ironPickaxeDeepslateRemaining=-1, coalRecoveryEncasedOreRemaining=-1, coalRecoveryAccessibleOreRemaining=-1, coalStartSurfaceRemaining=-1, coalNavigationCourseMismatchCount=-1, coalNavigationCourseObservedMask=-1, coalNavigationCourseMinimumHealth=-1.0, coalNavigationCourseCheckpointServerTicks=[], storageInventory={minecraft:oak_planks=12}, equippedItems={}, serverCursorEmpty=true, preparedSafetyThreatReceipt={}, preparedSafetyStationRoomReceipt={}, preparedSafetyPursuitReceipt={}, preparedSafetyAirReceipt={}, preparedSafetyWorkbenchReceipt={}, health=20.0, foodLevel=20, difficulty=NORMAL, x=0.5, y=64.0, z=0.5]
[15:18:58] [Render thread/INFO] (lodekeeper) [Lodekeeper] PROGRESS elapsed_ms=2007 phase=crafting backend=baritone target=none navigation_elapsed_ms=0 navigation_ticks=0 searching=false path_index=0 path_length=0 retries=0 pending_route_events=0 dropped_route_events=0 status=CRAFT_server:minecraft:stick:1422
[15:18:59] [Render thread/INFO] (lodekeeper) [Lodekeeper] STEP kind=CRAFT source=server:minecraft:crafting_table:339 output=minecraft:crafting_table count=1 operations=1 auxiliary=false
[15:19:00] [Render thread/INFO] (lodekeeper) [Lodekeeper] PROGRESS elapsed_ms=4020 phase=crafting backend=baritone target=none navigation_elapsed_ms=0 navigation_ticks=0 searching=false path_index=0 path_length=0 retries=0 pending_route_events=0 dropped_route_events=0 status=CRAFT_server:minecraft:crafting_table:339
[15:19:02] [Render thread/INFO] (lodekeeper) [Lodekeeper] PROGRESS elapsed_ms=6066 phase=crafting backend=baritone target=none navigation_elapsed_ms=0 navigation_ticks=0 searching=false path_index=0 path_length=0 retries=0 pending_route_events=0 dropped_route_events=0 status=CRAFT_server:minecraft:crafting_table:339
[15:19:02] [Render thread/INFO] (lodekeeper) [Lodekeeper] STEP kind=PLACE_STATION source=place:minecraft:crafting_table output=null count=0 operations=1 auxiliary=false
[15:19:02] [Render thread/INFO] (lodekeeper) [Lodekeeper] TARGET target=-1,64,0 block=minecraft:crafting_table
[15:19:03] [Render thread/INFO] (lodekeeper) [Lodekeeper] TARGET target=none
[15:19:03] [Render thread/INFO] (lodekeeper) [Lodekeeper] STEP kind=CRAFT source=server:minecraft:wooden_pickaxe:1718 output=minecraft:wooden_pickaxe count=1 operations=1 auxiliary=false
[15:19:03] [Render thread/INFO] (Minecraft) [STDOUT]: [Lodekeeper verification] state=PREPARED_SAFETY, engine=CRAFT server:minecraft:wooden_pickaxe:1718 · 0 foreground queued · 0 maintenance queued, server=ServerSnapshot[serverTick=217, worldTime=217, inventory={minecraft:stick=4, minecraft:oak_planks=6}, woodenAxeRemainingDurability=[], ironPickaxeDeepslateRemaining=-1, coalRecoveryEncasedOreRemaining=-1, coalRecoveryAccessibleOreRemaining=-1, coalStartSurfaceRemaining=-1, coalNavigationCourseMismatchCount=-1, coalNavigationCourseObservedMask=-1, coalNavigationCourseMinimumHealth=-1.0, coalNavigationCourseCheckpointServerTicks=[], storageInventory={minecraft:stick=4, minecraft:oak_planks=6}, equippedItems={}, serverCursorEmpty=true, preparedSafetyThreatReceipt={}, preparedSafetyStationRoomReceipt={}, preparedSafetyPursuitReceipt={}, preparedSafetyAirReceipt={}, preparedSafetyWorkbenchReceipt={}, health=20.0, foodLevel=20, difficulty=NORMAL, x=0.5, y=64.0, z=0.5]
[15:19:04] [Render thread/INFO] (lodekeeper) [Lodekeeper] PROGRESS elapsed_ms=8125 phase=crafting backend=baritone target=none navigation_elapsed_ms=0 navigation_ticks=0 searching=false path_index=0 path_length=0 retries=0 pending_route_events=0 dropped_route_events=0 status=CRAFT_server:minecraft:wooden_pickaxe:1718
[15:19:06] [Render thread/INFO] (lodekeeper) [Lodekeeper] PROGRESS elapsed_ms=10174 phase=crafting backend=baritone target=none navigation_elapsed_ms=0 navigation_ticks=0 searching=false path_index=0 path_length=0 retries=0 pending_route_events=0 dropped_route_events=0 status=CRAFT_server:minecraft:wooden_pickaxe:1718
[15:19:07] [Render thread/INFO] (Minecraft) [System] [CHAT] [Lodekeeper] Complete: 1 × wooden_pickaxe
[15:19:07] [Render thread/INFO] (lodekeeper) [Lodekeeper] task_end reason=idle label=wooden_pickaxe elapsed_ms=10955 pending_route_events=0 dropped_route_events=0 status=idle
[15:19:07] [IO-Worker-4/INFO] (Minecraft) [STDOUT]: [Lodekeeper verification] Saved screenshot as lodekeeper-2026-10-06T14-18-38-569003Z-c222f88d-prepared_owned_workbench_setup_complete.png
[15:19:08] [Render thread/INFO] (Minecraft) [STDOUT]: [Lodekeeper verification] state=WAITING_FOR_EMPTY_SNAPSHOT, engine=idle · 0 foreground queued · 0 maintenance queued, server=ServerSnapshot[serverTick=320, worldTime=320, inventory={minecraft:wooden_pickaxe=1, minecraft:stick=2, minecraft:oak_planks=3}, woodenAxeRemainingDurability=[], ironPickaxeDeepslateRemaining=-1, coalRecoveryEncasedOreRemaining=-1, coalRecoveryAccessibleOreRemaining=-1, coalStartSurfaceRemaining=-1, coalNavigationCourseMismatchCount=-1, coalNavigationCourseObservedMask=-1, coalNavigationCourseMinimumHealth=-1.0, coalNavigationCourseCheckpointServerTicks=[], storageInventory={minecraft:wooden_pickaxe=1, minecraft:stick=2, minecraft:oak_planks=3}, equippedItems={}, serverCursorEmpty=true, preparedSafetyThreatReceipt={}, preparedSafetyStationRoomReceipt={}, preparedSafetyPursuitReceipt={}, preparedSafetyAirReceipt={}, preparedSafetyWorkbenchReceipt={stonePosition=7,64,0, stoneAir=false, tableAir=false, bedrockShellCells=26, horizontalDistance=6.0, tablePresent=true, tablePosition=-1,64,0, playerFeetY=64.0, blocked=true, stonePresent=true}, health=20.0, foodLevel=20, difficulty=NORMAL, x=5.5, y=64.0, z=0.5]
[15:19:08] [Render thread/INFO] (Minecraft) [System] [CHAT] [Lodekeeper] Queued 1 × cobblestone
[15:19:08] [Render thread/INFO] (lodekeeper) [Lodekeeper] BEGIN label=cobblestone goal=1 inventory=0 startfeet=5,64,0 elapsed_ms=0 continued=false
[15:19:08] [Render thread/INFO] (lodekeeper) [Lodekeeper] STEP kind=GATHER source=gather:minecraft:stone output=minecraft:cobblestone count=1 operations=1 auxiliary=false
[15:19:08] [Render thread/INFO] (lodekeeper) [Lodekeeper] NAV backend=baritone mode=MOVE event=CALC_STARTED elapsedMs=12
[15:19:08] [Render thread/INFO] (lodekeeper) [Lodekeeper] NAV calcTool=minecraft:wooden_pickaxe slot=7
[15:19:08] [Render thread/INFO] (lodekeeper) [Lodekeeper] NAV backend=baritone mode=MOVE event=CALC_FAILED elapsedMs=132
[15:19:08] [Render thread/INFO] (lodekeeper) [Lodekeeper] NAV backend=baritone mode=MOVE event=CANCELED elapsedMs=133
[15:19:08] [Render thread/INFO] (lodekeeper) [Lodekeeper] RETRY count=1 target=none status=approaching_the_recorded_owned_crafting_table elapsed_ms=283
[15:19:08] [Render thread/INFO] (lodekeeper) [Lodekeeper] NAV backend=baritone mode=MOVE event=CANCELED elapsedMs=183
[15:19:09] [Render thread/INFO] (lodekeeper) [Lodekeeper] NAV backend=baritone mode=MOVE event=CANCELED elapsedMs=247
[15:19:09] [Render thread/INFO] (lodekeeper) [Lodekeeper] NAV backend=baritone mode=MOVE event=CANCELED elapsedMs=281
[15:19:09] [Render thread/INFO] (lodekeeper) [Lodekeeper] NAV backend=baritone mode=MOVE event=CANCELED elapsedMs=348
[15:19:09] [Render thread/INFO] (lodekeeper) [Lodekeeper] NAV backend=baritone mode=MOVE event=CANCELED elapsedMs=382
[15:19:09] [Render thread/INFO] (lodekeeper) [Lodekeeper] NAV backend=baritone mode=MOVE event=CANCELED elapsedMs=449
[15:19:09] [Render thread/INFO] (lodekeeper) [Lodekeeper] NAV backend=baritone mode=MOVE event=CANCELED elapsedMs=483
[15:19:09] [Render thread/INFO] (Minecraft) [System] [CHAT] [Lodekeeper] Workbench recovery is replanning: portable workbench recovery failed: Navigation process ended before its target was reached
[15:19:09] [Render thread/INFO] (lodekeeper) [Lodekeeper] STEP kind=GATHER source=gather:minecraft:stone output=minecraft:cobblestone count=1 operations=1 auxiliary=false
[15:19:09] [Render thread/INFO] (lodekeeper) [Lodekeeper] MINING_DEPTH policy=NEAREST desiredY=-2147483648 ceiling=2031 deficit=1 phase=MINE blocks=[Block{minecraft:stone}]
[15:19:10] [Render thread/INFO] (lodekeeper) [Lodekeeper] NAV scan=native-mine durationNanos=802058670 hits=-1 requestTicks=0
[15:19:10] [Render thread/INFO] (lodekeeper) [Lodekeeper] NAV backend=baritone mode=MINE event=CALC_STARTED elapsedMs=808
[15:19:10] [Render thread/INFO] (lodekeeper) [Lodekeeper] NAV calcTool=minecraft:wooden_pickaxe slot=7
[15:19:10] [Render thread/INFO] (lodekeeper) [Lodekeeper] NAV backend=baritone mode=MINE event=CALC_FINISHED_NOW_EXECUTING elapsedMs=820
[15:19:10] [Render thread/INFO] (lodekeeper) [Lodekeeper] TARGET target=7,64,0 block=minecraft:stone
[15:19:10] [Render thread/INFO] (lodekeeper) [Lodekeeper] BREAK target=MutableBlockPos{x=7, y=64, z=0} block=Block{minecraft:stone} tool=minecraft:wooden_pickaxe slot=7 remaining=59 required=minecraft:wooden_pickaxe
[15:19:10] [Render thread/INFO] (lodekeeper) [Lodekeeper] PROGRESS elapsed_ms=2058 phase=traveling backend=baritone target=7,64,0 block=minecraft:stone navigation_elapsed_ms=1303 navigation_ticks=20 searching=false path_index=0 path_length=2 retries=0 pending_route_events=0 dropped_route_events=0 status=mining_and_collecting_minecraft:cobblestone___0/1
[15:19:11] [Render thread/INFO] (lodekeeper) [Lodekeeper] TARGET target=none
[15:19:11] [Render thread/INFO] (lodekeeper) [Lodekeeper] NAV backend=baritone mode=MINE event=AT_GOAL elapsedMs=1807
[15:19:11] [Render thread/INFO] (lodekeeper) [Lodekeeper] NAV backend=baritone mode=MINE event=CALC_STARTED elapsedMs=2109
[15:19:11] [Render thread/INFO] (lodekeeper) [Lodekeeper] NAV calcTool=minecraft:wooden_pickaxe slot=7
[15:19:11] [Render thread/INFO] (Minecraft) [System] [CHAT] [Lodekeeper] Complete: 1 × cobblestone
[15:19:11] [Render thread/INFO] (lodekeeper) [Lodekeeper] task_end reason=idle label=cobblestone elapsed_ms=3201 pending_route_events=0 dropped_route_events=0 status=idle
[15:19:11] [IO-Worker-4/INFO] (Minecraft) [STDOUT]: [Lodekeeper verification] Saved screenshot as lodekeeper-2026-10-06T14-18-38-569003Z-c222f88d-prepared-safety-prepared_owned_workbench_blocked_cobblestone.png
[15:19:12] [Render thread/INFO] (Minecraft) [STDOUT]: [Lodekeeper verification] Finished 1 server-observed cases; evidence=/private/tmp/lodekeeper-preview10-workbench-blocked-263/run-verification/verification/2026-10-06T14-18-38-569003Z-c222f88d/evidence
