[13:18:07] [Render thread/WARN] (FabricLoader/Mixin) Error loading class: net/minecraft/client/player/LocalPlayer (java.lang.ClassNotFoundException: net/minecraft/client/player/LocalPlayer)
[13:18:08] [Render thread/INFO] (Minecraft) [STDOUT]: [Lodekeeper verification] Enabled. World and evidence paths are under /private/tmp/lodekeeper-air-swim-1211-run/run/verification
[13:18:08] [Render thread/INFO] (lodekeeper) [Lodekeeper] INIT mod=0.1.0-preview.9 minecraft=1.21.1
[13:18:10] [Render thread/INFO] (Minecraft) [CHAT] [Baritone] Baritone settings file not found, resetting.
[13:18:11] [Worker-Main-1/WARN] (Minecraft) Exception loading blockstate definition: 'lodekeeper_verification:blockstates/ruby_ore.json' missing model for variant: 'lodekeeper_verification:ruby_ore#'
[13:18:11] [Worker-Main-1/WARN] (Minecraft) Exception loading blockstate definition: 'lodekeeper_verification:blockstates/dynamic_collision.json' missing model for variant: 'lodekeeper_verification:dynamic_collision#'
[13:18:11] [Worker-Main-1/WARN] (Minecraft) Unable to load model: 'lodekeeper_verification:item/ruby' referenced from: lodekeeper_verification:item/ruby: java.io.FileNotFoundException: lodekeeper_verification:models/item/ruby.json
[13:18:11] [Worker-Main-1/WARN] (Minecraft) Unable to load model: 'lodekeeper_verification:item/ruby_ore' referenced from: lodekeeper_verification:item/ruby_ore: java.io.FileNotFoundException: lodekeeper_verification:models/item/ruby_ore.json
[13:18:11] [Worker-Main-1/WARN] (Minecraft) Unable to load model: 'lodekeeper_verification:item/ruby_gear' referenced from: lodekeeper_verification:item/ruby_gear: java.io.FileNotFoundException: lodekeeper_verification:models/item/ruby_gear.json
[13:18:15] [Render thread/INFO] (Minecraft) [STDOUT]: [Lodekeeper verification] state=OPENING_WORLD, engine=idle · 0 foreground queued · 0 maintenance queued, screen=TitleScreen, server=null
[13:18:20] [Render thread/INFO] (Minecraft) [STDOUT]: Baritone world data dir: /private/tmp/lodekeeper-air-swim-1211-run/run/verification/worlds/run-a81c03ad/baritone/minecraft/overworld_384
[13:18:22] [Render thread/INFO] (Minecraft) [System] [CHAT] [Lodekeeper] Stopped
[13:18:23] [Render thread/INFO] (Minecraft) [STDOUT]: [Lodekeeper verification] state=WAITING_FOR_EMPTY_SNAPSHOT, engine=idle · 0 foreground queued · 0 maintenance queued, screen=none, server=ServerSnapshot[serverTick=66, worldTime=66, inventory={minecraft:iron_ingot=3, minecraft:cooked_beef=2}, woodenAxeRemainingDurability=[], ironPickaxeDeepslateRemaining=-1, coalRecoveryEncasedOreRemaining=-1, coalRecoveryAccessibleOreRemaining=-1, coalStartSurfaceRemaining=-1, coalNavigationCourseMismatchCount=-1, coalNavigationCourseObservedMask=-1, coalNavigationCourseMinimumHealth=-1.0, coalNavigationCourseCheckpointServerTicks=[], nearbyWoodLocalFixture=null, storageInventory={minecraft:iron_ingot=3, minecraft:cooked_beef=2}, equippedItems={}, serverCursorEmpty=true, preparedSafetyThreatReceipt={}, preparedSafetyStationRoomReceipt={}, preparedSafetyPursuitReceipt={}, preparedSafetyAirReceipt={serverStartTick=63, foodLevel=20, initialHealth=3.0, dryExitPresent=true, firstHeadOutOfWaterServerTick=-1, saturation=0.0, serverCurrentPosition=0.5,64.0,0.5, serverLastObservedTick=66, headInWater=true, deathsObserved=0, minimumHealth=3.0, craftingTablePresent=true, minimumAirSupply=197, lowWaterRoofPresent=true, headInWaterAtStart=true, serverPositionSamples=63=0.5,64.0,0.5, waterSourceCellsPresent=true, exitDistance=3.605551275463989, waterBoundaryPresent=true, fixtureAirSupply=200, maximumDistanceFromStart=0.0, serverStartPosition=0.5,64.0,0.5, airSupply=197, maxAirSupply=300, firstHeadInWaterServerTick=65}, health=3.0, foodLevel=20, difficulty=NORMAL, x=0.5, y=64.0, z=0.5]
[13:18:23] [Render thread/INFO] (Minecraft) [STDOUT]: [Lodekeeper verification] catalog recipes=992, sources=1315, rejected=288, samples=[minecraft:andesite_slab_from_andesite_stonecutting (minecraft:stonecutting), minecraft:andesite_stairs_from_andesite_stonecutting (minecraft:stonecutting), minecraft:andesite_wall_from_andesite_stonecutting (minecraft:stonecutting)]
[13:18:23] [Render thread/INFO] (Minecraft) [System] [CHAT] [Lodekeeper] Queued 1 × bucket
[13:18:23] [Render thread/INFO] (lodekeeper) [Lodekeeper] BEGIN label=bucket goal=1 inventory=0 startfeet=0,64,0 elapsed_ms=0 continued=false
[13:18:23] [Render thread/INFO] (lodekeeper) [Lodekeeper] AIR event=begin phase=DRAINING air=173 maxAir=300 submerged=true attempts=0 elapsedMs=0 swimIndex=0 swimSteps=0 feet=0.5,64.0,0.5
[13:18:23] [Render thread/INFO] (lodekeeper) [Lodekeeper] AIR event=swim phase=SWIMMING air=173 maxAir=300 submerged=true attempts=1 elapsedMs=1 swimIndex=0 swimSteps=5 feet=0.5,64.0,0.5
[13:18:25] [Render thread/INFO] (lodekeeper) [Lodekeeper] PROGRESS elapsed_ms=2048 phase=working backend=baritone target=none navigation_elapsed_ms=0 navigation_ticks=0 searching=false path_index=0 path_length=0 retries=0 pending_route_events=0 dropped_route_events=0 status=recovering_air___swimming___223/300
[13:18:26] [Render thread/INFO] (lodekeeper) [Lodekeeper] AIR event=breathing phase=REFILLING air=239 maxAir=300 submerged=false attempts=1 elapsedMs=2242 swimIndex=4 swimSteps=5 feet=3.1654477738863633,66.0,0.5
[13:18:26] [Render thread/INFO] (lodekeeper) [Lodekeeper] AIR event=complete phase=REFILLING air=271 maxAir=300 submerged=false attempts=1 elapsedMs=2618 swimIndex=4 swimSteps=5 feet=3.306777015916119,66.0,0.5
[13:18:27] [Render thread/INFO] (lodekeeper) [Lodekeeper] PROGRESS elapsed_ms=4101 phase=eating backend=baritone target=none navigation_elapsed_ms=0 navigation_ticks=0 searching=false path_index=0 path_length=0 retries=0 pending_route_events=0 dropped_route_events=0 status=eating_before_continuing_bucket
[13:18:28] [Render thread/INFO] (Minecraft) [STDOUT]: [Lodekeeper verification] state=PREPARED_SAFETY, engine=resting for natural health recovery · 5/10 · 0 foreground queued · 0 maintenance queued, screen=none, server=ServerSnapshot[serverTick=166, worldTime=166, inventory={minecraft:iron_ingot=3, minecraft:cooked_beef=2}, woodenAxeRemainingDurability=[], ironPickaxeDeepslateRemaining=-1, coalRecoveryEncasedOreRemaining=-1, coalRecoveryAccessibleOreRemaining=-1, coalStartSurfaceRemaining=-1, coalNavigationCourseMismatchCount=-1, coalNavigationCourseObservedMask=-1, coalNavigationCourseMinimumHealth=-1.0, coalNavigationCourseCheckpointServerTicks=[], nearbyWoodLocalFixture=null, storageInventory={minecraft:iron_ingot=3, minecraft:cooked_beef=2}, equippedItems={}, serverCursorEmpty=true, preparedSafetyThreatReceipt={}, preparedSafetyStationRoomReceipt={}, preparedSafetyPursuitReceipt={}, preparedSafetyAirReceipt={serverStartTick=63, foodLevel=19, initialHealth=3.0, dryExitPresent=true, firstHeadOutOfWaterServerTick=114, saturation=0.0, serverCurrentPosition=3.306777015916119,66.0,0.5, serverLastObservedTick=166, headInWater=false, deathsObserved=0, minimumHealth=3.0, craftingTablePresent=true, minimumAirSupply=151, lowWaterRoofPresent=true, headInWaterAtStart=true, serverPositionSamples=63=0.5,64.0,0.5;73=0.5,64.0,0.5;83=0.5,64.0,0.5;93=0.6605632014333725,64.20000004768372,0.5;103=1.497240374557502,64.20000004768372,0.5;113=2.50460102231447,64.29800004559756,0.5;123=2.699999988079071,65.4851295957809,0.5;133=3.0349664939301175,66.36629898513294,0.5;143=3.306777015916119,66.0,0.5;153=3.306777015916119,66.0,0.5;163=3.306777015916119,66.0,0.5, waterSourceCellsPresent=true, exitDistance=3.605551275463989, waterBoundaryPresent=true, fixtureAirSupply=200, maximumDistanceFromStart=3.592038246012189, serverStartPosition=0.5,64.0,0.5, airSupply=300, maxAirSupply=300, firstHeadInWaterServerTick=65}, health=4.0, foodLevel=19, difficulty=NORMAL, x=3.306777015916119, y=66.0, z=0.5]
[13:18:29] [Render thread/INFO] (lodekeeper) [Lodekeeper] PROGRESS elapsed_ms=6150 phase=working backend=baritone target=none navigation_elapsed_ms=0 navigation_ticks=0 searching=false path_index=0 path_length=0 retries=0 pending_route_events=0 dropped_route_events=0 status=resting_for_natural_health_recovery___8/10
[13:18:31] [Render thread/INFO] (Minecraft) [System] [CHAT] [Lodekeeper] Paused: No plan: [No acquisition source is known for minecraft:acacia_log, No acquisition source is known for minecraft:acacia_log, No acquisition source is known for minecraft:bamboo]. Use resume or stop.
[13:18:31] [Render thread/INFO] (Minecraft) [System] [CHAT] [Lodekeeper] Stopped
[13:18:31] [Render thread/INFO] (Minecraft) [STDERR]: [Lodekeeper verification] FAILED: prepared safety automation paused during prepared_air_recovery_bucket: paused · No plan: [No acquisition source is known for minecraft:acacia_log, No acquisition source is known for minecraft:acacia_log, No acquisition source is known for minecraft:bamboo] · 0 foreground queued · 0 maintenance queued
[13:18:31] [pool-5-thread-2/INFO] (Minecraft) [STDERR]: java.lang.InterruptedException: sleep interrupted
[13:18:31] [pool-5-thread-1/INFO] (Minecraft) [STDERR]: java.lang.InterruptedException
[13:18:31] [IO-Worker-4/INFO] (Minecraft) [STDOUT]: [Lodekeeper verification] Saved screenshot as lodekeeper-2026-10-06T12-18-08-095627Z-a81c03ad-failed-prepared_air_recovery_bucket.png
[13:18:31] [Server thread/INFO] (Minecraft) Saving chunks for level 'ServerLevel[Lodekeeper verification]'/minecraft:overworld
[13:18:31] [Server thread/INFO] (Minecraft) Saving chunks for level 'ServerLevel[Lodekeeper verification]'/minecraft:the_end
[13:18:31] [Server thread/INFO] (Minecraft) Saving chunks for level 'ServerLevel[Lodekeeper verification]'/minecraft:the_nether
