[17:13:21] [Render thread/INFO] (lodekeeper) [Lodekeeper] INIT mod=0.1.0-preview.11 minecraft=26.3
[17:13:21] [Render thread/INFO] (Minecraft) [STDOUT]: [Lodekeeper verification] Enabled; isolated run directory=/private/tmp/lodekeeper-preview11-station-tunnel-repro-263/run-verification, world root=/private/tmp/lodekeeper-preview11-station-tunnel-repro-263/run-verification/verification/2026-10-06T16-13-21-710668Z-1aeb6296/worlds, evidence=/private/tmp/lodekeeper-preview11-station-tunnel-repro-263/run-verification/verification/2026-10-06T16-13-21-710668Z-1aeb6296/evidence
[17:13:32] [Server thread/INFO] (Minecraft) Saving chunks for level 'ServerLevel[Lodekeeper verification 695e47b9]'/minecraft:overworld
[17:13:33] [Server thread/INFO] (Minecraft) Saving chunks for level 'ServerLevel[Lodekeeper verification 695e47b9]'/minecraft:the_nether
[17:13:33] [Server thread/INFO] (Minecraft) Saving chunks for level 'ServerLevel[Lodekeeper verification 695e47b9]'/minecraft:the_end
[17:13:34] [Render thread/INFO] (Minecraft) [STDOUT]: [Lodekeeper verification] Vanilla integrated-world startup requested
[17:13:37] [Render thread/INFO] (Minecraft) [STDOUT]: [Lodekeeper verification] state=WAITING_FOR_WORLD, engine=idle · 0 foreground queued · 0 maintenance queued, server=null
[17:13:38] [Render thread/INFO] (Minecraft) [System] [CHAT] [Lodekeeper] Stopped
[17:13:41] [Render thread/INFO] (Minecraft) [System] [CHAT] [Lodekeeper] Queued 1 × iron_ingot
[17:13:41] [Render thread/INFO] (lodekeeper) [Lodekeeper] BEGIN label=iron_ingot goal=1 inventory=0 startfeet=0,64,0 elapsed_ms=0 continued=false
[17:13:41] [IO-Worker-6/INFO] (Minecraft) [STDOUT]: [Lodekeeper verification] Saved screenshot as lodekeeper-2026-10-06T16-13-21-710668Z-1aeb6296-prepared-safety-station-room-tunnel-setup.png
[17:13:42] [Render thread/INFO] (Minecraft) [STDOUT]: [Lodekeeper verification] state=PREPARED_SAFETY, engine=indexing local resource options · 0 foreground queued · 0 maintenance queued, server=ServerSnapshot[serverTick=116, worldTime=116, inventory={minecraft:furnace=1, minecraft:raw_iron=1, minecraft:coal=1, minecraft:stone_pickaxe=1}, woodenAxeRemainingDurability=[], ironPickaxeDeepslateRemaining=-1, coalRecoveryEncasedOreRemaining=-1, coalRecoveryAccessibleOreRemaining=-1, coalStartSurfaceRemaining=-1, coalNavigationCourseMismatchCount=-1, coalNavigationCourseObservedMask=-1, coalNavigationCourseMinimumHealth=-1.0, coalNavigationCourseCheckpointServerTicks=[], storageInventory={minecraft:furnace=1, minecraft:raw_iron=1, minecraft:coal=1, minecraft:stone_pickaxe=1}, equippedItems={}, serverCursorEmpty=true, preparedSafetyThreatReceipt={}, preparedSafetyStationRoomReceipt={playerPosition=0.367555,64.0,0.505802, furnaceInputCount=0, craftingTablePresent=true, roomStoneCellsStillStone=66, playerPitch=-38.467983, roomStoneCellCandidateCount=66, playerSupportBedrock=true, tunnelAirCellCount=8, stationRoomSubmode=tunnel, roomStoneCellsChangedPositions=, tunnelAirPositions=-2,64,0;-2,65,0;-2,66,0;-1,65,0;-1,66,0;0,64,0;0,65,0;0,66,0, furnaceFuelCount=0, playerYaw=98.8869, preparedRoomStartPosition=0.367555,64,0.505802, nearbyFurnacePositions=, nearbyFurnaceCount=0, furnaceOutputCount=0, stationFloorBedrock=false, roomFloorBedrock=true, roomStoneCellsChangedCount=0, roomFloorBedrockCellCount=361, stonePickaxeHeld=true}, preparedSafetyPursuitReceipt={}, preparedSafetyAirReceipt={}, preparedSafetyWorkbenchReceipt={}, preparedSafetyHeldFuelReceipt={}, health=20.0, foodLevel=20, difficulty=NORMAL, x=0.367555, y=64.0, z=0.505802]
[17:13:42] [Render thread/INFO] (lodekeeper) [Lodekeeper] STEP kind=PLACE_STATION source=place:minecraft:furnace output=null count=0 operations=1 auxiliary=false
[17:13:42] [Render thread/INFO] (lodekeeper) [Lodekeeper] TARGET target=-2,64,0 block=minecraft:air
[17:13:42] [Render thread/INFO] (lodekeeper) [Lodekeeper] NAV backend=baritone mode=MOVE event=CALC_STARTED elapsedMs=12
[17:13:42] [Render thread/INFO] (lodekeeper) [Lodekeeper] NAV calcTool=minecraft:stone_pickaxe slot=0
[17:13:42] [Render thread/INFO] (lodekeeper) [Lodekeeper] NAV backend=baritone mode=MOVE event=CALC_FINISHED_NOW_EXECUTING elapsedMs=95
[17:13:43] [Render thread/INFO] (lodekeeper) [Lodekeeper] PROGRESS elapsed_ms=2017 phase=traveling backend=baritone target=-2,64,0 block=minecraft:air navigation_elapsed_ms=597 navigation_ticks=12 searching=false path_index=0 path_length=2 retries=0 pending_route_events=0 dropped_route_events=0 status=following_route
[17:13:43] [Render thread/INFO] (lodekeeper) [Lodekeeper] NAV backend=baritone mode=IDLE event=CANCELED elapsedMs=743
[17:13:43] [Render thread/INFO] (lodekeeper) [Lodekeeper] NAV backend=baritone mode=IDLE event=CANCELED elapsedMs=743
[17:13:43] [Render thread/INFO] (lodekeeper) [Lodekeeper] NAV backend=baritone mode=IDLE event=CANCELED elapsedMs=776
[17:13:43] [Render thread/INFO] (lodekeeper) [Lodekeeper] NAV backend=baritone mode=IDLE event=CANCELED elapsedMs=843
[17:13:43] [Render thread/INFO] (lodekeeper) [Lodekeeper] NAV backend=baritone mode=IDLE event=CANCELED elapsedMs=876
[17:13:43] [Render thread/INFO] (lodekeeper) [Lodekeeper] NAV backend=baritone mode=IDLE event=CANCELED elapsedMs=944
[17:13:43] [Render thread/INFO] (lodekeeper) [Lodekeeper] NAV backend=baritone mode=IDLE event=CANCELED elapsedMs=977
[17:13:43] [Render thread/INFO] (lodekeeper) [Lodekeeper] NAV backend=baritone mode=IDLE event=CANCELED elapsedMs=1043
[17:13:43] [Render thread/INFO] (lodekeeper) [Lodekeeper] STATION_SITE rejected site=BlockPos{x=-2, y=64, z=0} player=(-1.4577039681483996, 64.0, 0.4982926107847785) box=AABB[-1.7577039800693286, 64.0, 0.19829259886384953] -> [-1.1577039562274707, 65.79999995231628, 0.7982926227057074] overlap=true placeable=false roomProblem=station room would remove player support or intersect the player
[17:13:43] [Render thread/INFO] (lodekeeper) [Lodekeeper] TARGET target=none
[17:13:43] [Render thread/INFO] (lodekeeper) [Lodekeeper] TARGET target=0,64,0 block=minecraft:air
[17:13:43] [Render thread/INFO] (lodekeeper) [Lodekeeper] NAV backend=baritone mode=MOVE event=CALC_STARTED elapsedMs=1
[17:13:43] [Render thread/INFO] (lodekeeper) [Lodekeeper] NAV calcTool=minecraft:stone_pickaxe slot=0
[17:13:44] [Render thread/INFO] (lodekeeper) [Lodekeeper] NAV backend=baritone mode=MOVE event=CALC_FINISHED_NOW_EXECUTING elapsedMs=66
[17:13:44] [Render thread/INFO] (lodekeeper) [Lodekeeper] NAV backend=baritone mode=IDLE event=CANCELED elapsedMs=701
[17:13:44] [Render thread/INFO] (lodekeeper) [Lodekeeper] NAV backend=baritone mode=IDLE event=CANCELED elapsedMs=702
[17:13:44] [Render thread/INFO] (lodekeeper) [Lodekeeper] NAV backend=baritone mode=IDLE event=CANCELED elapsedMs=770
[17:13:44] [Render thread/INFO] (lodekeeper) [Lodekeeper] NAV backend=baritone mode=IDLE event=CANCELED elapsedMs=802
[17:13:44] [Render thread/INFO] (lodekeeper) [Lodekeeper] NAV backend=baritone mode=IDLE event=CANCELED elapsedMs=870
[17:13:44] [Render thread/INFO] (lodekeeper) [Lodekeeper] NAV backend=baritone mode=IDLE event=CANCELED elapsedMs=903
[17:13:44] [Render thread/INFO] (lodekeeper) [Lodekeeper] NAV backend=baritone mode=IDLE event=CANCELED elapsedMs=971
[17:13:44] [Render thread/INFO] (lodekeeper) [Lodekeeper] NAV backend=baritone mode=IDLE event=CANCELED elapsedMs=1004
[17:13:45] [Render thread/INFO] (lodekeeper) [Lodekeeper] STATION_SITE rejected site=BlockPos{x=0, y=64, z=0} player=(0.457686067742092, 64.0, 0.513111427931391) box=AABB[0.15768605582116302, 64.0, 0.21311141601046202] -> [0.7576860796630209, 65.79999995231628, 0.8131114398523199] overlap=true placeable=false roomProblem=station room would remove player support or intersect the player
[17:13:45] [Render thread/INFO] (lodekeeper) [Lodekeeper] TARGET target=none
[17:13:45] [Render thread/INFO] (lodekeeper) [Lodekeeper] TARGET target=0,64,-1 block=minecraft:deepslate
[17:13:45] [Render thread/INFO] (lodekeeper) [Lodekeeper] PROGRESS elapsed_ms=4049 phase=gathering backend=baritone target=0,64,-1 block=minecraft:deepslate navigation_elapsed_ms=0 navigation_ticks=0 searching=false path_index=0 path_length=0 retries=0 pending_route_events=0 dropped_route_events=0 status=mining_station_head_space
[17:13:47] [Render thread/INFO] (Minecraft) [STDOUT]: [Lodekeeper verification] state=PREPARED_SAFETY, engine=mining station feet space · 0 foreground queued · 0 maintenance queued, server=ServerSnapshot[serverTick=216, worldTime=216, inventory={minecraft:furnace=1, minecraft:raw_iron=1, minecraft:coal=1, minecraft:stone_pickaxe=1}, woodenAxeRemainingDurability=[], ironPickaxeDeepslateRemaining=-1, coalRecoveryEncasedOreRemaining=-1, coalRecoveryAccessibleOreRemaining=-1, coalStartSurfaceRemaining=-1, coalNavigationCourseMismatchCount=-1, coalNavigationCourseObservedMask=-1, coalNavigationCourseMinimumHealth=-1.0, coalNavigationCourseCheckpointServerTicks=[], storageInventory={minecraft:furnace=1, minecraft:raw_iron=1, minecraft:coal=1, minecraft:stone_pickaxe=1}, equippedItems={}, serverCursorEmpty=true, preparedSafetyThreatReceipt={}, preparedSafetyStationRoomReceipt={playerPosition=0.4686818598089544,64.0,0.5132345294698906, furnaceInputCount=0, craftingTablePresent=true, roomStoneCellsStillStone=66, playerPitch=31.409208, roomStoneCellCandidateCount=66, playerSupportBedrock=true, tunnelAirCellCount=8, stationRoomSubmode=tunnel, roomStoneCellsChangedPositions=, tunnelAirPositions=-2,64,0;-2,65,0;-2,66,0;-1,65,0;-1,66,0;0,64,0;0,65,0;0,66,0, furnaceFuelCount=0, playerYaw=-178.2296, preparedRoomStartPosition=0.367555,64,0.505802, nearbyFurnacePositions=, nearbyFurnaceCount=0, furnaceOutputCount=0, stationFloorBedrock=false, roomFloorBedrock=true, roomStoneCellsChangedCount=0, roomFloorBedrockCellCount=361, stonePickaxeHeld=true}, preparedSafetyPursuitReceipt={}, preparedSafetyAirReceipt={}, preparedSafetyWorkbenchReceipt={}, preparedSafetyHeldFuelReceipt={}, health=20.0, foodLevel=20, difficulty=NORMAL, x=0.4686818598089544, y=64.0, z=0.5132345294698906]
[17:13:47] [Render thread/INFO] (lodekeeper) [Lodekeeper] PROGRESS elapsed_ms=6058 phase=gathering backend=baritone target=0,64,-1 block=minecraft:deepslate navigation_elapsed_ms=0 navigation_ticks=0 searching=false path_index=0 path_length=0 retries=0 pending_route_events=0 dropped_route_events=0 status=mining_station_feet_space
[17:13:47] [Render thread/INFO] (lodekeeper) [Lodekeeper] TARGET target=none
[17:13:47] [Render thread/INFO] (lodekeeper) [Lodekeeper] SMELT_REQUIREMENTS source=server:minecraft:iron_ingot_from_smelting_raw_iron:768 selected=[SelectedItemRequirement[item=minecraft:raw_iron, count=1, consumed=true, purpose=smelting input, recipeSlot=-1], SelectedItemRequirement[item=minecraft:coal, count=1, consumed=true, purpose=smelting fuel, recipeSlot=-1], SelectedStationRequirement[station=minecraft:furnace, purpose=use station]]
[17:13:47] [Render thread/INFO] (lodekeeper) [Lodekeeper] STEP kind=SMELT source=server:minecraft:iron_ingot_from_smelting_raw_iron:768 output=minecraft:iron_ingot count=1 operations=1 auxiliary=false
[17:13:49] [Render thread/INFO] (lodekeeper) [Lodekeeper] PROGRESS elapsed_ms=8119 phase=smelting backend=baritone target=none navigation_elapsed_ms=0 navigation_ticks=0 searching=false path_index=0 path_length=0 retries=0 pending_route_events=0 dropped_route_events=0 status=SMELT_server:minecraft:iron_ingot_from_smelting_raw_iron:768
[17:13:51] [Render thread/INFO] (lodekeeper) [Lodekeeper] PROGRESS elapsed_ms=10147 phase=smelting backend=baritone target=none navigation_elapsed_ms=0 navigation_ticks=0 searching=false path_index=0 path_length=0 retries=0 pending_route_events=0 dropped_route_events=0 status=SMELT_server:minecraft:iron_ingot_from_smelting_raw_iron:768
[17:13:52] [Render thread/INFO] (Minecraft) [STDOUT]: [Lodekeeper verification] state=PREPARED_SAFETY, engine=SMELT server:minecraft:iron_ingot_from_smelting_raw_iron:768 · 0 foreground queued · 0 maintenance queued, server=ServerSnapshot[serverTick=316, worldTime=316, inventory={minecraft:stone_pickaxe=1, minecraft:cobbled_deepslate=2}, woodenAxeRemainingDurability=[], ironPickaxeDeepslateRemaining=-1, coalRecoveryEncasedOreRemaining=-1, coalRecoveryAccessibleOreRemaining=-1, coalStartSurfaceRemaining=-1, coalNavigationCourseMismatchCount=-1, coalNavigationCourseObservedMask=-1, coalNavigationCourseMinimumHealth=-1.0, coalNavigationCourseCheckpointServerTicks=[], storageInventory={minecraft:stone_pickaxe=1, minecraft:cobbled_deepslate=2}, equippedItems={}, serverCursorEmpty=true, preparedSafetyThreatReceipt={}, preparedSafetyStationRoomReceipt={playerPosition=0.4686818598089544,64.0,0.5132345294698906, furnaceInputCount=1, craftingTablePresent=true, roomStoneCellsStillStone=64, playerPitch=57.947727, roomStoneCellCandidateCount=66, playerSupportBedrock=true, tunnelAirCellCount=8, stationRoomSubmode=tunnel, roomStoneCellsChangedPositions=0,64,-1=minecraft:furnace;0,65,-1=minecraft:air, tunnelAirPositions=-2,64,0;-2,65,0;-2,66,0;-1,65,0;-1,66,0;0,64,0;0,65,0;0,66,0, furnaceFuelCount=0, playerYaw=-178.2296, preparedRoomStartPosition=0.367555,64,0.505802, nearbyFurnacePositions=0,64,-1, nearbyFurnaceCount=1, furnaceOutputCount=0, stationFloorBedrock=true, roomFloorBedrock=true, roomStoneCellsChangedCount=2, roomFloorBedrockCellCount=361, stonePickaxeHeld=false}, preparedSafetyPursuitReceipt={}, preparedSafetyAirReceipt={}, preparedSafetyWorkbenchReceipt={}, preparedSafetyHeldFuelReceipt={}, health=20.0, foodLevel=20, difficulty=NORMAL, x=0.4686818598089544, y=64.0, z=0.5132345294698906]
[17:13:53] [Render thread/INFO] (lodekeeper) [Lodekeeper] PROGRESS elapsed_ms=12160 phase=smelting backend=baritone target=none navigation_elapsed_ms=0 navigation_ticks=0 searching=false path_index=0 path_length=0 retries=0 pending_route_events=0 dropped_route_events=0 status=SMELT_server:minecraft:iron_ingot_from_smelting_raw_iron:768
[17:13:55] [Render thread/INFO] (lodekeeper) [Lodekeeper] PROGRESS elapsed_ms=14209 phase=smelting backend=baritone target=none navigation_elapsed_ms=0 navigation_ticks=0 searching=false path_index=0 path_length=0 retries=0 pending_route_events=0 dropped_route_events=0 status=SMELT_server:minecraft:iron_ingot_from_smelting_raw_iron:768
[17:13:57] [Render thread/INFO] (Minecraft) [STDOUT]: [Lodekeeper verification] state=PREPARED_SAFETY, engine=SMELT server:minecraft:iron_ingot_from_smelting_raw_iron:768 · 0 foreground queued · 0 maintenance queued, server=ServerSnapshot[serverTick=416, worldTime=416, inventory={minecraft:stone_pickaxe=1, minecraft:cobbled_deepslate=2}, woodenAxeRemainingDurability=[], ironPickaxeDeepslateRemaining=-1, coalRecoveryEncasedOreRemaining=-1, coalRecoveryAccessibleOreRemaining=-1, coalStartSurfaceRemaining=-1, coalNavigationCourseMismatchCount=-1, coalNavigationCourseObservedMask=-1, coalNavigationCourseMinimumHealth=-1.0, coalNavigationCourseCheckpointServerTicks=[], storageInventory={minecraft:stone_pickaxe=1, minecraft:cobbled_deepslate=2}, equippedItems={}, serverCursorEmpty=true, preparedSafetyThreatReceipt={}, preparedSafetyStationRoomReceipt={playerPosition=0.4686818598089544,64.0,0.5132345294698906, furnaceInputCount=1, craftingTablePresent=true, roomStoneCellsStillStone=64, playerPitch=57.947727, roomStoneCellCandidateCount=66, playerSupportBedrock=true, tunnelAirCellCount=8, stationRoomSubmode=tunnel, roomStoneCellsChangedPositions=0,64,-1=minecraft:furnace;0,65,-1=minecraft:air, tunnelAirPositions=-2,64,0;-2,65,0;-2,66,0;-1,65,0;-1,66,0;0,64,0;0,65,0;0,66,0, furnaceFuelCount=0, playerYaw=-178.2296, preparedRoomStartPosition=0.367555,64,0.505802, nearbyFurnacePositions=0,64,-1, nearbyFurnaceCount=1, furnaceOutputCount=0, stationFloorBedrock=true, roomFloorBedrock=true, roomStoneCellsChangedCount=2, roomFloorBedrockCellCount=361, stonePickaxeHeld=false}, preparedSafetyPursuitReceipt={}, preparedSafetyAirReceipt={}, preparedSafetyWorkbenchReceipt={}, preparedSafetyHeldFuelReceipt={}, health=20.0, foodLevel=20, difficulty=NORMAL, x=0.4686818598089544, y=64.0, z=0.5132345294698906]
[17:13:57] [Render thread/INFO] (lodekeeper) [Lodekeeper] PROGRESS elapsed_ms=16218 phase=smelting backend=baritone target=none navigation_elapsed_ms=0 navigation_ticks=0 searching=false path_index=0 path_length=0 retries=0 pending_route_events=0 dropped_route_events=0 status=SMELT_server:minecraft:iron_ingot_from_smelting_raw_iron:768
[17:13:59] [Render thread/INFO] (Minecraft) [System] [CHAT] [Lodekeeper] Complete: 1 × iron_ingot
[17:13:59] [Render thread/INFO] (lodekeeper) [Lodekeeper] task_end reason=idle label=iron_ingot elapsed_ms=17699 pending_route_events=0 dropped_route_events=0 status=idle
[17:13:59] [IO-Worker-2/INFO] (Minecraft) [STDOUT]: [Lodekeeper verification] Saved screenshot as lodekeeper-2026-10-06T16-13-21-710668Z-1aeb6296-prepared-safety-prepared_station_room_tunnel_iron_ingot.png
[17:14:00] [Render thread/INFO] (Minecraft) [STDOUT]: [Lodekeeper verification] Finished 1 server-observed cases; evidence=/private/tmp/lodekeeper-preview11-station-tunnel-repro-263/run-verification/verification/2026-10-06T16-13-21-710668Z-1aeb6296/evidence
[17:14:00] [Server thread/INFO] (Minecraft) Saving chunks for level 'ServerLevel[Lodekeeper verification 695e47b9]'/minecraft:overworld
[17:14:01] [Server thread/INFO] (Minecraft) Saving chunks for level 'ServerLevel[Lodekeeper verification 695e47b9]'/minecraft:the_nether
[17:14:01] [Server thread/INFO] (Minecraft) Saving chunks for level 'ServerLevel[Lodekeeper verification 695e47b9]'/minecraft:the_end
