[19:45:18] [Render thread/INFO] (lodekeeper) [Lodekeeper] INIT mod=0.1.0-preview.11 minecraft=26.3
[19:45:18] [Render thread/INFO] (Minecraft) [STDOUT]: [Lodekeeper verification] Enabled; isolated run directory=/private/tmp/lodekeeper-preview11-hop-static-263/run-verification, world root=/private/tmp/lodekeeper-preview11-hop-static-263/run-verification/verification/2026-10-06T18-45-18-522078Z-ce6cb964/worlds, evidence=/private/tmp/lodekeeper-preview11-hop-static-263/run-verification/verification/2026-10-06T18-45-18-522078Z-ce6cb964/evidence
[19:45:31] [Render thread/INFO] (Minecraft) [STDOUT]: [Lodekeeper verification] Vanilla integrated-world startup requested
[19:45:33] [Render thread/INFO] (Minecraft) [STDOUT]: [Lodekeeper verification] state=WAITING_FOR_WORLD, engine=idle · 0 foreground queued · 0 maintenance queued, server=null
[19:45:35] [Render thread/INFO] (Minecraft) [System] [CHAT] [Lodekeeper] Stopped
[19:45:37] [Render thread/INFO] (Minecraft) [System] [CHAT] [Lodekeeper] Queued 1 × bucket
[19:45:37] [Render thread/INFO] (lodekeeper) [Lodekeeper] THREAT_RESPONSE outcome=started attacks=0 retreats=0 ticks=0 status=stopping movement before defense
[19:45:37] [Render thread/INFO] (lodekeeper) [Lodekeeper] BEGIN label=bucket goal=1 inventory=0 startfeet=0,64,0 elapsed_ms=0 continued=false
[19:45:37] [Render thread/INFO] (lodekeeper) [Lodekeeper] THREAT_RESPONSE outcome=melee attacks=0 retreats=0 ticks=1 status=native melee defense
[19:45:37] [Render thread/INFO] (lodekeeper) [Lodekeeper] DEFENSE_ATTACK outcome=select tick=2 slot=1 weapon=minecraft:wooden_pickaxe cooldown=1.0 target=2 targetHealth=4.0 sweepCollateral=true playerHealth=20.0 grounded=true y=64.0
[19:45:38] [Render thread/INFO] (lodekeeper) [Lodekeeper] DEFENSE_ATTACK outcome=attack tick=20 slot=1 weapon=minecraft:wooden_pickaxe cooldown=1.0 target=2 targetHealth=4.0 sweepCollateral=true playerHealth=20.0 grounded=true y=64.0
[19:45:38] [Render thread/INFO] (lodekeeper) [Lodekeeper] DEFENSE_ATTACK outcome=attack tick=37 slot=1 weapon=minecraft:wooden_pickaxe cooldown=1.0 target=2 targetHealth=2.08 sweepCollateral=true playerHealth=20.0 grounded=true y=64.0
[19:45:38] [Render thread/INFO] (Minecraft) [STDOUT]: [Lodekeeper verification] state=PREPARED_SAFETY, engine=native defense attack 2 · 0 foreground queued · 0 maintenance queued, server=ServerSnapshot[serverTick=115, worldTime=115, inventory={minecraft:iron_ingot=3, minecraft:crafting_table=1, minecraft:diamond_sword=1, minecraft:wooden_pickaxe=1}, woodenAxeRemainingDurability=[], ironPickaxeDeepslateRemaining=-1, coalRecoveryEncasedOreRemaining=-1, coalRecoveryAccessibleOreRemaining=-1, coalStartSurfaceRemaining=-1, coalNavigationCourseMismatchCount=-1, coalNavigationCourseObservedMask=-1, coalNavigationCourseMinimumHealth=-1.0, coalNavigationCourseCheckpointServerTicks=[], storageInventory={minecraft:iron_ingot=3, minecraft:crafting_table=1, minecraft:diamond_sword=1, minecraft:wooden_pickaxe=1}, equippedItems={}, serverCursorEmpty=true, preparedSafetyThreatReceipt={zombieCanSeeSky=false, zombieUuid=49ce5ba5-8aef-40f0-94c7-97ad6619627a, zombieLastDamage=, preparedThreatsCleared=false, cowUuid=36167418-5f10-47d6-be41-318dd8903903, zombieOnFire=false, cowAlive=true, cowInitialHealth=10.0, diamondSwordDamage=0, woodenPickaxeDamage=0, cowHealth=10.0, zombieRemoved=false, zombieAlive=true, zombieHealth=4.0}, preparedSafetyStationRoomReceipt={}, preparedSafetyPursuitReceipt={}, preparedSafetyAirReceipt={}, preparedSafetyWorkbenchReceipt={}, preparedSafetyHeldFuelReceipt={}, health=20.0, foodLevel=20, difficulty=NORMAL, x=0.5, y=64.0, z=0.5]
[19:45:39] [Render thread/INFO] (lodekeeper) [Lodekeeper] PROGRESS elapsed_ms=2000 phase=working backend=baritone target=none navigation_elapsed_ms=0 navigation_ticks=0 searching=false path_index=0 path_length=0 retries=0 pending_route_events=0 dropped_route_events=0 status=native_defense_attack_2
[19:45:39] [Render thread/INFO] (lodekeeper) [Lodekeeper] DEFENSE_ATTACK outcome=attack tick=54 slot=1 weapon=minecraft:wooden_pickaxe cooldown=1.0 target=2 targetHealth=0.15999997 sweepCollateral=true playerHealth=20.0 grounded=true y=64.0
[19:45:39] [Render thread/INFO] (lodekeeper) [Lodekeeper] THREAT_RESPONSE outcome=cleared attacks=3 retreats=0 ticks=55 status=live threats cleared
[19:45:41] [Render thread/INFO] (lodekeeper) [Lodekeeper] STEP kind=PLACE_STATION source=place:minecraft:crafting_table output=null count=0 operations=1 auxiliary=false
[19:45:41] [Render thread/INFO] (lodekeeper) [Lodekeeper] TARGET target=-1,64,0 block=minecraft:crafting_table
[19:45:41] [Render thread/INFO] (lodekeeper) [Lodekeeper] PROGRESS elapsed_ms=4004 phase=station backend=baritone target=-1,64,0 block=minecraft:crafting_table navigation_elapsed_ms=0 navigation_ticks=0 searching=false path_index=0 path_length=0 retries=0 pending_route_events=0 dropped_route_events=0 status=PLACE_STATION_place:minecraft:crafting_table
[19:45:41] [Render thread/INFO] (lodekeeper) [Lodekeeper] TARGET target=none
[19:45:41] [Render thread/INFO] (lodekeeper) [Lodekeeper] STEP kind=CRAFT source=server:minecraft:bucket:162 output=minecraft:bucket count=1 operations=1 auxiliary=false
[19:45:43] [Render thread/INFO] (lodekeeper) [Lodekeeper] PROGRESS elapsed_ms=6016 phase=crafting backend=baritone target=none navigation_elapsed_ms=0 navigation_ticks=0 searching=false path_index=0 path_length=0 retries=0 pending_route_events=0 dropped_route_events=0 status=CRAFT_server:minecraft:bucket:162
[19:45:43] [Render thread/INFO] (Minecraft) [System] [CHAT] [Lodekeeper] Complete: 1 × bucket
[19:45:43] [Render thread/INFO] (lodekeeper) [Lodekeeper] task_end reason=idle label=bucket elapsed_ms=6630 pending_route_events=0 dropped_route_events=0 status=idle
[19:45:43] [Render thread/INFO] (Minecraft) [STDOUT]: [Lodekeeper verification] state=PREPARED_SAFETY, engine=idle · 0 foreground queued · 0 maintenance queued, server=ServerSnapshot[serverTick=215, worldTime=215, inventory={minecraft:rotten_flesh=2, minecraft:diamond_sword=1, minecraft:wooden_pickaxe=1}, woodenAxeRemainingDurability=[], ironPickaxeDeepslateRemaining=-1, coalRecoveryEncasedOreRemaining=-1, coalRecoveryAccessibleOreRemaining=-1, coalStartSurfaceRemaining=-1, coalNavigationCourseMismatchCount=-1, coalNavigationCourseObservedMask=-1, coalNavigationCourseMinimumHealth=-1.0, coalNavigationCourseCheckpointServerTicks=[], storageInventory={minecraft:rotten_flesh=2, minecraft:diamond_sword=1, minecraft:wooden_pickaxe=1}, equippedItems={}, serverCursorEmpty=true, preparedSafetyThreatReceipt={zombieCanSeeSky=false, zombieUuid=49ce5ba5-8aef-40f0-94c7-97ad6619627a, zombieLastDamage=, preparedThreatsCleared=true, cowUuid=36167418-5f10-47d6-be41-318dd8903903, zombieOnFire=false, cowAlive=true, cowInitialHealth=10.0, diamondSwordDamage=0, woodenPickaxeDamage=6, cowHealth=10.0, zombieRemoved=true, zombieAlive=false, zombieHealth=0.0}, preparedSafetyStationRoomReceipt={}, preparedSafetyPursuitReceipt={}, preparedSafetyAirReceipt={}, preparedSafetyWorkbenchReceipt={}, preparedSafetyHeldFuelReceipt={}, health=20.0, foodLevel=20, difficulty=NORMAL, x=0.5, y=64.0, z=0.5]
[19:45:44] [IO-Worker-3/INFO] (Minecraft) [STDOUT]: [Lodekeeper verification] Saved screenshot as lodekeeper-2026-10-06T18-45-18-522078Z-ce6cb964-prepared-safety-prepared_threat_sweep_guard_bucket.png
[19:45:45] [Render thread/INFO] (Minecraft) [STDOUT]: [Lodekeeper verification] Finished 1 server-observed cases; evidence=/private/tmp/lodekeeper-preview11-hop-static-263/run-verification/verification/2026-10-06T18-45-18-522078Z-ce6cb964/evidence
