[19:43:54] [Render thread/INFO] (Minecraft) [STDOUT]: [Lodekeeper verification] Enabled. World and evidence paths are under /private/tmp/lodekeeper-preview11-hop-static-1211/run/verification
[19:43:54] [Render thread/INFO] (lodekeeper) [Lodekeeper] INIT mod=0.1.0-preview.11 minecraft=1.21.1
[19:44:01] [Render thread/INFO] (Minecraft) [STDOUT]: [Lodekeeper verification] state=OPENING_WORLD, engine=idle · 0 foreground queued · 0 maintenance queued, screen=TitleScreen, server=null
[19:44:09] [Render thread/INFO] (Minecraft) [System] [CHAT] [Lodekeeper] Stopped
[19:44:10] [Render thread/INFO] (Minecraft) [STDOUT]: [Lodekeeper verification] state=WAITING_FOR_EMPTY_SNAPSHOT, engine=idle · 0 foreground queued · 0 maintenance queued, screen=none, server=ServerSnapshot[serverTick=70, worldTime=70, inventory={minecraft:wooden_pickaxe=1, minecraft:diamond_sword=1, minecraft:crafting_table=1, minecraft:iron_ingot=3}, woodenAxeRemainingDurability=[], ironPickaxeDeepslateRemaining=-1, coalRecoveryEncasedOreRemaining=-1, coalRecoveryAccessibleOreRemaining=-1, coalStartSurfaceRemaining=-1, coalNavigationCourseMismatchCount=-1, coalNavigationCourseObservedMask=-1, coalNavigationCourseMinimumHealth=-1.0, coalNavigationCourseCheckpointServerTicks=[], nearbyWoodLocalFixture=null, storageInventory={minecraft:wooden_pickaxe=1, minecraft:diamond_sword=1, minecraft:crafting_table=1, minecraft:iron_ingot=3}, equippedItems={}, serverCursorEmpty=true, preparedSafetyThreatReceipt={zombieHealth=4.0, zombieUuid=87407f05-3fad-42fd-b2dc-cc98a6d2879b, woodenPickaxeDamage=0, cowHealth=10.0, zombieRemoved=false, zombieAlive=true, preparedThreatsCleared=false, cowAlive=true, cowUuid=b7c58605-3b49-446d-be6f-3f62326738af, diamondSwordDamage=0, cowInitialHealth=10.0}, preparedSafetyStationRoomReceipt={}, preparedSafetyPursuitReceipt={}, preparedSafetyAirReceipt={}, preparedSafetyWorkbenchReceipt={}, preparedSafetyHeldFuelReceipt={}, health=20.0, foodLevel=20, difficulty=NORMAL, x=0.5, y=64.0, z=0.5]
[19:44:10] [Render thread/INFO] (Minecraft) [STDOUT]: [Lodekeeper verification] catalog recipes=992, sources=1315, rejected=288, samples=[minecraft:andesite_slab_from_andesite_stonecutting (minecraft:stonecutting), minecraft:andesite_stairs_from_andesite_stonecutting (minecraft:stonecutting), minecraft:andesite_wall_from_andesite_stonecutting (minecraft:stonecutting)]
[19:44:10] [Render thread/INFO] (Minecraft) [System] [CHAT] [Lodekeeper] Queued 1 × bucket
[19:44:10] [Render thread/INFO] (lodekeeper) [Lodekeeper] THREAT_RESPONSE outcome=started attacks=0 retreats=0 ticks=0 status=stopping movement before defense
[19:44:10] [Render thread/INFO] (lodekeeper) [Lodekeeper] BEGIN label=bucket goal=1 inventory=0 startfeet=0,64,0 elapsed_ms=0 continued=false
[19:44:10] [Render thread/INFO] (lodekeeper) [Lodekeeper] THREAT_RESPONSE outcome=melee attacks=0 retreats=0 ticks=1 status=native melee defense
[19:44:10] [Render thread/INFO] (lodekeeper) [Lodekeeper] DEFENSE_ATTACK outcome=select tick=2 slot=1 weapon=minecraft:wooden_pickaxe cooldown=1.0 target=3 targetHealth=4.0 sweepCollateral=true playerHealth=20.0 grounded=true y=64.0
[19:44:11] [Render thread/INFO] (lodekeeper) [Lodekeeper] DEFENSE_ATTACK outcome=attack tick=20 slot=1 weapon=minecraft:wooden_pickaxe cooldown=1.0 target=3 targetHealth=4.0 sweepCollateral=true playerHealth=20.0 grounded=true y=64.0
[19:44:12] [Render thread/INFO] (lodekeeper) [Lodekeeper] DEFENSE_ATTACK outcome=attack tick=37 slot=1 weapon=minecraft:wooden_pickaxe cooldown=1.0 target=3 targetHealth=2.1118197 sweepCollateral=true playerHealth=20.0 grounded=true y=64.0
[19:44:12] [Render thread/INFO] (lodekeeper) [Lodekeeper] PROGRESS elapsed_ms=2054 phase=working backend=baritone target=none navigation_elapsed_ms=0 navigation_ticks=0 searching=false path_index=0 path_length=0 retries=0 pending_route_events=0 dropped_route_events=0 status=native_defense_attack_2
[19:44:13] [Render thread/INFO] (lodekeeper) [Lodekeeper] DEFENSE_ATTACK outcome=attack tick=54 slot=1 weapon=minecraft:wooden_pickaxe cooldown=1.0 target=3 targetHealth=0.22363937 sweepCollateral=true playerHealth=20.0 grounded=true y=64.0
[19:44:13] [Render thread/INFO] (lodekeeper) [Lodekeeper] THREAT_RESPONSE outcome=cleared attacks=3 retreats=0 ticks=55 status=live threats cleared
[19:44:14] [Render thread/INFO] (lodekeeper) [Lodekeeper] STEP kind=PLACE_STATION source=place:minecraft:crafting_table output=null count=0 operations=1 auxiliary=false
[19:44:14] [Render thread/INFO] (lodekeeper) [Lodekeeper] TARGET target=-1,64,0 block=minecraft:crafting_table
[19:44:14] [Render thread/INFO] (lodekeeper) [Lodekeeper] TARGET target=none
[19:44:14] [Render thread/INFO] (lodekeeper) [Lodekeeper] STEP kind=CRAFT source=minecraft:bucket output=minecraft:bucket count=1 operations=1 auxiliary=false
[19:44:14] [Render thread/INFO] (lodekeeper) [Lodekeeper] PROGRESS elapsed_ms=4058 phase=crafting backend=baritone target=none navigation_elapsed_ms=0 navigation_ticks=0 searching=false path_index=0 path_length=0 retries=0 pending_route_events=0 dropped_route_events=0 status=CRAFT_minecraft:bucket
[19:44:15] [Render thread/INFO] (Minecraft) [STDOUT]: [Lodekeeper verification] state=PREPARED_SAFETY, engine=CRAFT minecraft:bucket · 0 foreground queued · 0 maintenance queued, screen=CraftingScreen, server=ServerSnapshot[serverTick=166, worldTime=166, inventory={minecraft:wooden_pickaxe=1, minecraft:diamond_sword=1, minecraft:crafting_table=1, minecraft:iron_ingot=3}, woodenAxeRemainingDurability=[], ironPickaxeDeepslateRemaining=-1, coalRecoveryEncasedOreRemaining=-1, coalRecoveryAccessibleOreRemaining=-1, coalStartSurfaceRemaining=-1, coalNavigationCourseMismatchCount=-1, coalNavigationCourseObservedMask=-1, coalNavigationCourseMinimumHealth=-1.0, coalNavigationCourseCheckpointServerTicks=[], nearbyWoodLocalFixture=null, storageInventory={minecraft:wooden_pickaxe=1, minecraft:diamond_sword=1, minecraft:crafting_table=1, minecraft:iron_ingot=3}, equippedItems={}, serverCursorEmpty=true, preparedSafetyThreatReceipt={zombieHealth=0.0, zombieUuid=87407f05-3fad-42fd-b2dc-cc98a6d2879b, woodenPickaxeDamage=6, cowHealth=10.0, zombieRemoved=true, zombieAlive=false, preparedThreatsCleared=true, cowAlive=true, cowUuid=b7c58605-3b49-446d-be6f-3f62326738af, diamondSwordDamage=0, cowInitialHealth=10.0}, preparedSafetyStationRoomReceipt={}, preparedSafetyPursuitReceipt={}, preparedSafetyAirReceipt={}, preparedSafetyWorkbenchReceipt={}, preparedSafetyHeldFuelReceipt={}, health=20.0, foodLevel=20, difficulty=NORMAL, x=0.5, y=64.0, z=0.5]
[19:44:16] [Render thread/INFO] (lodekeeper) [Lodekeeper] PROGRESS elapsed_ms=6078 phase=crafting backend=baritone target=none navigation_elapsed_ms=0 navigation_ticks=0 searching=false path_index=0 path_length=0 retries=0 pending_route_events=0 dropped_route_events=0 status=CRAFT_minecraft:bucket
[19:44:17] [Render thread/INFO] (Minecraft) [System] [CHAT] [Lodekeeper] Complete: 1 × bucket
[19:44:17] [Render thread/INFO] (lodekeeper) [Lodekeeper] task_end reason=idle label=bucket elapsed_ms=6490 pending_route_events=0 dropped_route_events=0 status=idle
[19:44:17] [IO-Worker-3/INFO] (Minecraft) [STDOUT]: [Lodekeeper verification] Saved screenshot as lodekeeper-2026-10-06T18-43-54-479023Z-b9bd12f4-prepared_threat_sweep_guard_bucket.png
[19:44:18] [Render thread/INFO] (Minecraft) [STDOUT]: [Lodekeeper verification] Finished 1 server-observed cases; evidence: /private/tmp/lodekeeper-preview11-hop-static-1211/run/verification/evidence
[19:44:18] [Server thread/INFO] (Minecraft) Saving chunks for level 'ServerLevel[Lodekeeper verification]'/minecraft:overworld
[19:44:18] [Server thread/INFO] (Minecraft) Saving chunks for level 'ServerLevel[Lodekeeper verification]'/minecraft:the_end
[19:44:18] [Server thread/INFO] (Minecraft) Saving chunks for level 'ServerLevel[Lodekeeper verification]'/minecraft:the_nether
