[15:13:51] [Render thread/INFO] (lodekeeper) [Lodekeeper] INIT mod=0.1.0-preview.10 minecraft=1.21.1
[15:13:51] [Render thread/INFO] (Minecraft) [STDOUT]: [Lodekeeper verification] Enabled. World and evidence paths are under /private/tmp/lodekeeper-preview10-workbench-corrected-1211/run/verification
[15:14:00] [Render thread/INFO] (Minecraft) [STDOUT]: [Lodekeeper verification] state=WAITING_FOR_WORLD, engine=idle · 0 foreground queued · 0 maintenance queued, screen=CreateWorldScreen, server=null
[15:14:05] [Render thread/INFO] (Minecraft) [System] [CHAT] [Lodekeeper] Stopped
[15:14:06] [Render thread/INFO] (Minecraft) [STDOUT]: [Lodekeeper verification] state=WAITING_FOR_EMPTY_SNAPSHOT, engine=idle · 0 foreground queued · 0 maintenance queued, screen=none, server=ServerSnapshot[serverTick=69, worldTime=69, inventory={minecraft:oak_planks=12}, woodenAxeRemainingDurability=[], ironPickaxeDeepslateRemaining=-1, coalRecoveryEncasedOreRemaining=-1, coalRecoveryAccessibleOreRemaining=-1, coalStartSurfaceRemaining=-1, coalNavigationCourseMismatchCount=-1, coalNavigationCourseObservedMask=-1, coalNavigationCourseMinimumHealth=-1.0, coalNavigationCourseCheckpointServerTicks=[], nearbyWoodLocalFixture=null, storageInventory={minecraft:oak_planks=12}, equippedItems={}, serverCursorEmpty=true, preparedSafetyThreatReceipt={}, preparedSafetyStationRoomReceipt={}, preparedSafetyPursuitReceipt={}, preparedSafetyAirReceipt={}, preparedSafetyWorkbenchReceipt={}, health=20.0, foodLevel=20, difficulty=NORMAL, x=0.5, y=64.0, z=0.5]
[15:14:07] [Render thread/INFO] (Minecraft) [STDOUT]: [Lodekeeper verification] catalog recipes=992, sources=1315, rejected=288, samples=[minecraft:andesite_slab_from_andesite_stonecutting (minecraft:stonecutting), minecraft:andesite_stairs_from_andesite_stonecutting (minecraft:stonecutting), minecraft:andesite_wall_from_andesite_stonecutting (minecraft:stonecutting)]
[15:14:07] [Render thread/INFO] (Minecraft) [System] [CHAT] [Lodekeeper] Queued 1 × wooden_pickaxe
[15:14:07] [Render thread/INFO] (lodekeeper) [Lodekeeper] BEGIN label=wooden_pickaxe goal=1 inventory=0 startfeet=0,64,0 elapsed_ms=0 continued=false
[15:14:08] [Render thread/INFO] (lodekeeper) [Lodekeeper] STEP kind=CRAFT source=minecraft:stick output=minecraft:stick count=4 operations=1 auxiliary=false
[15:14:09] [Render thread/INFO] (lodekeeper) [Lodekeeper] PROGRESS elapsed_ms=2040 phase=crafting backend=baritone target=none navigation_elapsed_ms=0 navigation_ticks=0 searching=false path_index=0 path_length=0 retries=0 pending_route_events=0 dropped_route_events=0 status=CRAFT_minecraft:stick
[15:14:10] [Render thread/INFO] (lodekeeper) [Lodekeeper] STEP kind=CRAFT source=minecraft:crafting_table output=minecraft:crafting_table count=1 operations=1 auxiliary=false
[15:14:11] [Render thread/INFO] (lodekeeper) [Lodekeeper] PROGRESS elapsed_ms=4092 phase=crafting backend=baritone target=none navigation_elapsed_ms=0 navigation_ticks=0 searching=false path_index=0 path_length=0 retries=0 pending_route_events=0 dropped_route_events=0 status=CRAFT_minecraft:crafting_table
[15:14:11] [Render thread/INFO] (Minecraft) [STDOUT]: [Lodekeeper verification] state=PREPARED_SAFETY, engine=CRAFT minecraft:crafting_table · 0 foreground queued · 0 maintenance queued, screen=none, server=ServerSnapshot[serverTick=168, worldTime=168, inventory={minecraft:stick=4}, woodenAxeRemainingDurability=[], ironPickaxeDeepslateRemaining=-1, coalRecoveryEncasedOreRemaining=-1, coalRecoveryAccessibleOreRemaining=-1, coalStartSurfaceRemaining=-1, coalNavigationCourseMismatchCount=-1, coalNavigationCourseObservedMask=-1, coalNavigationCourseMinimumHealth=-1.0, coalNavigationCourseCheckpointServerTicks=[], nearbyWoodLocalFixture=null, storageInventory={minecraft:stick=4}, equippedItems={}, serverCursorEmpty=false, preparedSafetyThreatReceipt={}, preparedSafetyStationRoomReceipt={}, preparedSafetyPursuitReceipt={}, preparedSafetyAirReceipt={}, preparedSafetyWorkbenchReceipt={}, health=20.0, foodLevel=20, difficulty=NORMAL, x=0.5, y=64.0, z=0.5]
[15:14:13] [Render thread/INFO] (lodekeeper) [Lodekeeper] STEP kind=PLACE_STATION source=place:minecraft:crafting_table output=null count=0 operations=1 auxiliary=false
[15:14:13] [Render thread/INFO] (lodekeeper) [Lodekeeper] TARGET target=-1,64,0 block=minecraft:crafting_table
[15:14:13] [Render thread/INFO] (lodekeeper) [Lodekeeper] PROGRESS elapsed_ms=6144 phase=station backend=baritone target=-1,64,0 block=minecraft:crafting_table navigation_elapsed_ms=0 navigation_ticks=0 searching=false path_index=0 path_length=0 retries=0 pending_route_events=0 dropped_route_events=0 status=PLACE_STATION_place:minecraft:crafting_table
[15:14:13] [Render thread/INFO] (lodekeeper) [Lodekeeper] TARGET target=none
[15:14:13] [Render thread/INFO] (lodekeeper) [Lodekeeper] STEP kind=CRAFT source=minecraft:wooden_pickaxe output=minecraft:wooden_pickaxe count=1 operations=1 auxiliary=false
[15:14:15] [Render thread/INFO] (lodekeeper) [Lodekeeper] PROGRESS elapsed_ms=8170 phase=crafting backend=baritone target=none navigation_elapsed_ms=0 navigation_ticks=0 searching=false path_index=0 path_length=0 retries=0 pending_route_events=0 dropped_route_events=0 status=CRAFT_minecraft:wooden_pickaxe
[15:14:16] [Render thread/INFO] (Minecraft) [STDOUT]: [Lodekeeper verification] state=PREPARED_SAFETY, engine=CRAFT minecraft:wooden_pickaxe · 0 foreground queued · 0 maintenance queued, screen=CraftingScreen, server=ServerSnapshot[serverTick=268, worldTime=268, inventory={minecraft:oak_planks=3}, woodenAxeRemainingDurability=[], ironPickaxeDeepslateRemaining=-1, coalRecoveryEncasedOreRemaining=-1, coalRecoveryAccessibleOreRemaining=-1, coalStartSurfaceRemaining=-1, coalNavigationCourseMismatchCount=-1, coalNavigationCourseObservedMask=-1, coalNavigationCourseMinimumHealth=-1.0, coalNavigationCourseCheckpointServerTicks=[], nearbyWoodLocalFixture=null, storageInventory={minecraft:oak_planks=3}, equippedItems={}, serverCursorEmpty=false, preparedSafetyThreatReceipt={}, preparedSafetyStationRoomReceipt={}, preparedSafetyPursuitReceipt={}, preparedSafetyAirReceipt={}, preparedSafetyWorkbenchReceipt={}, health=20.0, foodLevel=20, difficulty=NORMAL, x=0.5, y=64.0, z=0.5]
[15:14:17] [Render thread/INFO] (lodekeeper) [Lodekeeper] PROGRESS elapsed_ms=10188 phase=discovering backend=baritone target=none navigation_elapsed_ms=0 navigation_ticks=0 searching=false path_index=0 path_length=0 retries=0 pending_route_events=0 dropped_route_events=0 status=indexing_local_resource_options
[15:14:17] [Render thread/INFO] (Minecraft) [System] [CHAT] [Lodekeeper] Complete: 1 × wooden_pickaxe
[15:14:17] [Render thread/INFO] (lodekeeper) [Lodekeeper] task_end reason=idle label=wooden_pickaxe elapsed_ms=10697 pending_route_events=0 dropped_route_events=0 status=idle
[15:14:17] [IO-Worker-4/INFO] (Minecraft) [STDOUT]: [Lodekeeper verification] Saved screenshot as lodekeeper-2026-10-06T14-13-51-509519Z-28320fdd-prepared_owned_workbench_setup_complete.png
[15:14:19] [Render thread/INFO] (Minecraft) [System] [CHAT] [Lodekeeper] Queued 1 × cobblestone
[15:14:19] [Render thread/INFO] (lodekeeper) [Lodekeeper] BEGIN label=cobblestone goal=1 inventory=0 startfeet=5,64,0 elapsed_ms=0 continued=false
[15:14:19] [Render thread/INFO] (lodekeeper) [Lodekeeper] STEP kind=GATHER source=gather:minecraft:stone output=minecraft:cobblestone count=1 operations=1 auxiliary=false
[15:14:19] [Render thread/INFO] (lodekeeper) [Lodekeeper] NAV backend=baritone mode=MOVE event=CALC_STARTED elapsedMs=9
[15:14:19] [Render thread/INFO] (lodekeeper) [Lodekeeper] NAV calcTool=minecraft:wooden_pickaxe slot=7
[15:14:19] [Render thread/INFO] (lodekeeper) [Lodekeeper] NAV backend=baritone mode=MOVE event=CALC_FINISHED_NOW_EXECUTING elapsedMs=30
[15:14:19] [Render thread/INFO] (lodekeeper) [Lodekeeper] NAV backend=baritone mode=IDLE event=CANCELED elapsedMs=336
[15:14:19] [Render thread/INFO] (lodekeeper) [Lodekeeper] NAV backend=baritone mode=IDLE event=CANCELED elapsedMs=336
[15:14:19] [Render thread/INFO] (lodekeeper) [Lodekeeper] NAV backend=baritone mode=IDLE event=CANCELED elapsedMs=370
[15:14:19] [Render thread/INFO] (lodekeeper) [Lodekeeper] NAV backend=baritone mode=IDLE event=CANCELED elapsedMs=439
[15:14:19] [Render thread/INFO] (lodekeeper) [Lodekeeper] NAV backend=baritone mode=IDLE event=CANCELED elapsedMs=473
[15:14:21] [Render thread/INFO] (lodekeeper) [Lodekeeper] PROGRESS elapsed_ms=2050 phase=gathering backend=baritone target=none navigation_elapsed_ms=0 navigation_ticks=0 searching=false path_index=0 path_length=0 retries=0 pending_route_events=0 dropped_route_events=0 status=mining_the_recorded_owned_crafting_table
[15:14:21] [Render thread/INFO] (Minecraft) [STDOUT]: [Lodekeeper verification] state=PREPARED_SAFETY, engine=mining the recorded owned crafting table · 0 foreground queued · 0 maintenance queued, screen=none, server=ServerSnapshot[serverTick=368, worldTime=368, inventory={minecraft:stick=2, minecraft:wooden_pickaxe=1, minecraft:oak_planks=3}, woodenAxeRemainingDurability=[], ironPickaxeDeepslateRemaining=-1, coalRecoveryEncasedOreRemaining=-1, coalRecoveryAccessibleOreRemaining=-1, coalStartSurfaceRemaining=-1, coalNavigationCourseMismatchCount=-1, coalNavigationCourseObservedMask=-1, coalNavigationCourseMinimumHealth=-1.0, coalNavigationCourseCheckpointServerTicks=[], nearbyWoodLocalFixture=null, storageInventory={minecraft:stick=2, minecraft:wooden_pickaxe=1, minecraft:oak_planks=3}, equippedItems={}, serverCursorEmpty=true, preparedSafetyThreatReceipt={}, preparedSafetyStationRoomReceipt={}, preparedSafetyPursuitReceipt={}, preparedSafetyAirReceipt={}, preparedSafetyWorkbenchReceipt={blocked=false, playerFeetY=64.0, tablePosition=-1,64,0, tablePresent=true, horizontalDistance=4.321160868142142, bedrockShellCells=9, tableAir=false, stoneAir=false, stonePosition=7,64,0, stonePresent=true}, health=20.0, foodLevel=20, difficulty=NORMAL, x=3.8211598572421055, y=64.0, z=0.49704423912666384]
[15:14:23] [Render thread/INFO] (lodekeeper) [Lodekeeper] PROGRESS elapsed_ms=4078 phase=gathering backend=baritone target=none navigation_elapsed_ms=0 navigation_ticks=0 searching=false path_index=0 path_length=0 retries=0 pending_route_events=0 dropped_route_events=0 status=mining_the_recorded_owned_crafting_table
[15:14:23] [Render thread/INFO] (lodekeeper) [Lodekeeper] NAV backend=baritone mode=PICKUP event=CALC_STARTED elapsedMs=3
[15:14:23] [Render thread/INFO] (lodekeeper) [Lodekeeper] NAV calcTool=minecraft:oak_planks slot=0
[15:14:23] [Render thread/INFO] (lodekeeper) [Lodekeeper] NAV backend=baritone mode=PICKUP event=CALC_FINISHED_NOW_EXECUTING elapsedMs=62
[15:14:24] [Render thread/INFO] (lodekeeper) [Lodekeeper] NAV backend=baritone mode=PICKUP event=CALC_STARTED elapsedMs=406
[15:14:24] [Render thread/INFO] (lodekeeper) [Lodekeeper] NAV calcTool=minecraft:oak_planks slot=0
[15:14:24] [Render thread/INFO] (lodekeeper) [Lodekeeper] NAV backend=baritone mode=PICKUP event=CALC_FINISHED_NOW_EXECUTING elapsedMs=406
[15:14:24] [Render thread/INFO] (lodekeeper) [Lodekeeper] NAV backend=baritone mode=IDLE event=CANCELED elapsedMs=507
[15:14:24] [Render thread/INFO] (lodekeeper) [Lodekeeper] NAV backend=baritone mode=IDLE event=CANCELED elapsedMs=508
[15:14:24] [Render thread/INFO] (lodekeeper) [Lodekeeper] NAV backend=baritone mode=IDLE event=CANCELED elapsedMs=540
[15:14:24] [Render thread/INFO] (lodekeeper) [Lodekeeper] NAV backend=baritone mode=IDLE event=CANCELED elapsedMs=608
[15:14:24] [Render thread/INFO] (lodekeeper) [Lodekeeper] NAV backend=baritone mode=IDLE event=CANCELED elapsedMs=641
[15:14:24] [Render thread/INFO] (lodekeeper) [Lodekeeper] MINING_DEPTH policy=NEAREST desiredY=-2147483648 ceiling=2031 deficit=1 phase=MINE blocks=[Block{minecraft:stone}]
[15:14:24] [Render thread/INFO] (lodekeeper) [Lodekeeper] NAV scan=native-mine durationNanos=487062296 hits=-1 requestTicks=0
[15:14:24] [Render thread/INFO] (lodekeeper) [Lodekeeper] NAV backend=baritone mode=MINE event=CALC_STARTED elapsedMs=491
[15:14:24] [Render thread/INFO] (lodekeeper) [Lodekeeper] NAV calcTool=minecraft:wooden_pickaxe slot=7
[15:14:24] [Render thread/INFO] (lodekeeper) [Lodekeeper] ROUTE_SEARCH kind=unknown anchor=unknown feet_y16=0 candidates=0 target=none elapsed_ms=5792
[15:14:24] [Render thread/INFO] (lodekeeper) [Lodekeeper] TARGET target=7,64,0 block=minecraft:stone
[15:14:24] [Render thread/INFO] (lodekeeper) [Lodekeeper] ROUTE_TRAVEL path_index=0 path_length=7 target=7,64,0 block=minecraft:stone elapsed_ms=5902
[15:14:24] [Render thread/INFO] (lodekeeper) [Lodekeeper] NAV backend=baritone mode=MINE event=CALC_FINISHED_NOW_EXECUTING elapsedMs=617
[15:14:25] [Render thread/INFO] (lodekeeper) [Lodekeeper] PROGRESS elapsed_ms=6145 phase=traveling backend=baritone target=7,64,0 block=minecraft:stone navigation_elapsed_ms=787 navigation_ticks=16 searching=false path_index=0 path_length=7 retries=0 pending_route_events=0 dropped_route_events=0 status=mining_and_collecting_minecraft:cobblestone___0/1
[15:14:25] [Render thread/INFO] (lodekeeper) [Lodekeeper] BREAK target=Mutable{x=7, y=64, z=0} block=Block{minecraft:stone} tool=minecraft:wooden_pickaxe slot=7 remaining=59 required=minecraft:wooden_pickaxe
[15:14:26] [Render thread/INFO] (Minecraft) [STDOUT]: [Lodekeeper verification] state=PREPARED_SAFETY, engine=mining and collecting minecraft:cobblestone · 0/1 · 0 foreground queued · 0 maintenance queued, screen=none, server=ServerSnapshot[serverTick=468, worldTime=468, inventory={minecraft:stick=2, minecraft:oak_planks=3, minecraft:crafting_table=1, minecraft:wooden_pickaxe=1}, woodenAxeRemainingDurability=[], ironPickaxeDeepslateRemaining=-1, coalRecoveryEncasedOreRemaining=-1, coalRecoveryAccessibleOreRemaining=-1, coalStartSurfaceRemaining=-1, coalNavigationCourseMismatchCount=-1, coalNavigationCourseObservedMask=-1, coalNavigationCourseMinimumHealth=-1.0, coalNavigationCourseCheckpointServerTicks=[], nearbyWoodLocalFixture=null, storageInventory={minecraft:stick=2, minecraft:oak_planks=3, minecraft:crafting_table=1, minecraft:wooden_pickaxe=1}, equippedItems={}, serverCursorEmpty=true, preparedSafetyThreatReceipt={}, preparedSafetyStationRoomReceipt={}, preparedSafetyPursuitReceipt={}, preparedSafetyAirReceipt={}, preparedSafetyWorkbenchReceipt={blocked=false, playerFeetY=64.0, tablePosition=-1,64,0, tablePresent=false, horizontalDistance=7.075129993719701, bedrockShellCells=9, tableAir=true, stoneAir=false, stonePosition=7,64,0, stonePresent=true}, health=20.0, foodLevel=20, difficulty=NORMAL, x=6.575129297437432, y=64.0, z=0.5031388811130507]
[15:14:27] [Render thread/INFO] (lodekeeper) [Lodekeeper] PROGRESS elapsed_ms=8155 phase=traveling backend=baritone target=7,64,0 block=minecraft:stone navigation_elapsed_ms=2798 navigation_ticks=56 searching=false path_index=0 path_length=2 retries=0 pending_route_events=0 dropped_route_events=0 status=mining_and_collecting_minecraft:cobblestone___0/1
[15:14:27] [Render thread/INFO] (lodekeeper) [Lodekeeper] TARGET target=none
[15:14:27] [Render thread/INFO] (lodekeeper) [Lodekeeper] NAV backend=baritone mode=MINE event=AT_GOAL elapsedMs=3108
[15:14:28] [Render thread/INFO] (Minecraft) [System] [CHAT] [Lodekeeper] Complete: 1 × cobblestone
[15:14:28] [Render thread/INFO] (lodekeeper) [Lodekeeper] task_end reason=idle label=cobblestone elapsed_ms=9081 pending_route_events=0 dropped_route_events=0 status=idle
[15:14:28] [IO-Worker-4/INFO] (Minecraft) [STDOUT]: [Lodekeeper verification] Saved screenshot as lodekeeper-2026-10-06T14-13-51-509519Z-28320fdd-prepared_owned_workbench_approach_cobblestone.png
[15:14:29] [Render thread/INFO] (Minecraft) [STDOUT]: [Lodekeeper verification] Finished 1 server-observed cases; evidence: /private/tmp/lodekeeper-preview10-workbench-corrected-1211/run/verification/evidence
[15:14:29] [Server thread/INFO] (Minecraft) Saving chunks for level 'ServerLevel[Lodekeeper verification]'/minecraft:overworld
[15:14:29] [Server thread/INFO] (Minecraft) Saving chunks for level 'ServerLevel[Lodekeeper verification]'/minecraft:the_nether
[15:14:29] [Server thread/INFO] (Minecraft) Saving chunks for level 'ServerLevel[Lodekeeper verification]'/minecraft:the_end
