[04:04:16] [Render thread/INFO]: [System] [CHAT] [Lodekeeper] Queued 1 × cobblestone
[04:04:16] [Render thread/INFO]: [Lodekeeper] BEGIN label=cobblestone goal=1 inventory=0 startfeet=46,114,53 elapsed_ms=0 continued=false
[04:04:17] [Render thread/INFO]: [Lodekeeper] TARGET target=42,117,52 block=minecraft:oak_log
[04:04:17] [Render thread/INFO]: [Lodekeeper] ROUTE_SEARCH kind=near anchor=42,117,52 feet_y16=1872 candidates=0 target=42,117,52 block=minecraft:oak_log elapsed_ms=597
[04:04:18] [Render thread/INFO]: [Lodekeeper] PROGRESS elapsed_ms=2046 phase=searching target=42,117,52 block=minecraft:oak_log search_cpu_ms=71 search_ticks=29 expanded=86 discovered=341 open=255 path_index=1 path_length=0 retries=0 pending_route_events=0 dropped_route_events=0 status=route_search
[04:04:20] [Render thread/INFO]: [Lodekeeper] PROGRESS elapsed_ms=4050 phase=searching target=42,117,52 block=minecraft:oak_log search_cpu_ms=169 search_ticks=69 expanded=202 discovered=677 open=475 path_index=1 path_length=0 retries=0 pending_route_events=0 dropped_route_events=0 status=route_search
[04:04:22] [Render thread/INFO]: [Lodekeeper] PROGRESS elapsed_ms=6101 phase=searching target=42,117,52 block=minecraft:oak_log search_cpu_ms=265 search_ticks=110 expanded=329 discovered=876 open=547 path_index=1 path_length=0 retries=0 pending_route_events=0 dropped_route_events=0 status=route_search
[04:04:24] [Render thread/INFO]: [Lodekeeper] PROGRESS elapsed_ms=8146 phase=searching target=42,117,52 block=minecraft:oak_log search_cpu_ms=364 search_ticks=151 expanded=458 discovered=1080 open=622 path_index=1 path_length=0 retries=0 pending_route_events=0 dropped_route_events=0 status=route_search
[04:04:26] [Render thread/INFO]: [Lodekeeper] PROGRESS elapsed_ms=10199 phase=searching target=42,117,52 block=minecraft:oak_log search_cpu_ms=464 search_ticks=192 expanded=600 discovered=1270 open=670 path_index=1 path_length=0 retries=0 pending_route_events=0 dropped_route_events=0 status=route_search
[04:04:28] [Render thread/INFO]: [Lodekeeper] PROGRESS elapsed_ms=12201 phase=searching target=42,117,52 block=minecraft:oak_log search_cpu_ms=562 search_ticks=232 expanded=742 discovered=1431 open=689 path_index=1 path_length=0 retries=0 pending_route_events=0 dropped_route_events=0 status=route_search
[04:04:30] [Render thread/INFO]: [Lodekeeper] PROGRESS elapsed_ms=14251 phase=searching target=42,117,52 block=minecraft:oak_log search_cpu_ms=656 search_ticks=273 expanded=876 discovered=1617 open=741 path_index=1 path_length=0 retries=0 pending_route_events=0 dropped_route_events=0 status=route_search
[04:04:33] [Render thread/INFO]: [Lodekeeper] PROGRESS elapsed_ms=16300 phase=searching target=42,117,52 block=minecraft:oak_log search_cpu_ms=757 search_ticks=314 expanded=1034 discovered=1800 open=766 path_index=1 path_length=0 retries=0 pending_route_events=0 dropped_route_events=0 status=route_search
[04:04:35] [Render thread/INFO]: [Lodekeeper] PROGRESS elapsed_ms=18300 phase=searching target=42,117,52 block=minecraft:oak_log search_cpu_ms=851 search_ticks=354 expanded=1184 discovered=1987 open=803 path_index=1 path_length=0 retries=0 pending_route_events=0 dropped_route_events=0 status=route_search
[04:04:37] [Render thread/INFO]: [Lodekeeper] PROGRESS elapsed_ms=20351 phase=searching target=42,117,52 block=minecraft:oak_log search_cpu_ms=947 search_ticks=395 expanded=1334 discovered=2153 open=819 path_index=1 path_length=0 retries=0 pending_route_events=0 dropped_route_events=0 status=route_search
[04:04:39] [Render thread/INFO]: [Lodekeeper] PROGRESS elapsed_ms=22401 phase=searching target=42,117,52 block=minecraft:oak_log search_cpu_ms=1045 search_ticks=436 expanded=1483 discovered=2327 open=844 path_index=1 path_length=0 retries=0 pending_route_events=0 dropped_route_events=0 status=route_search
[04:04:41] [Render thread/INFO]: [Lodekeeper] PROGRESS elapsed_ms=24448 phase=searching target=42,117,52 block=minecraft:oak_log search_cpu_ms=1143 search_ticks=477 expanded=1628 discovered=2530 open=902 path_index=1 path_length=0 retries=0 pending_route_events=0 dropped_route_events=0 status=route_search
[04:04:43] [Render thread/INFO]: [Lodekeeper] PROGRESS elapsed_ms=26495 phase=searching target=42,117,52 block=minecraft:oak_log search_cpu_ms=1238 search_ticks=518 expanded=1768 discovered=2723 open=955 path_index=1 path_length=0 retries=0 pending_route_events=0 dropped_route_events=0 status=route_search
[04:04:45] [Render thread/INFO]: [Lodekeeper] PROGRESS elapsed_ms=28499 phase=searching target=42,117,52 block=minecraft:oak_log search_cpu_ms=1334 search_ticks=558 expanded=1907 discovered=2906 open=999 path_index=1 path_length=0 retries=0 pending_route_events=0 dropped_route_events=0 status=route_search
[04:04:47] [Render thread/INFO]: [Lodekeeper] PROGRESS elapsed_ms=30546 phase=searching target=42,117,52 block=minecraft:oak_log search_cpu_ms=1429 search_ticks=599 expanded=2050 discovered=3091 open=1041 path_index=1 path_length=0 retries=0 pending_route_events=0 dropped_route_events=0 status=route_search
[04:04:49] [Render thread/INFO]: [Lodekeeper] PROGRESS elapsed_ms=32599 phase=searching target=42,117,52 block=minecraft:oak_log search_cpu_ms=1526 search_ticks=640 expanded=2203 discovered=3262 open=1059 path_index=1 path_length=0 retries=0 pending_route_events=0 dropped_route_events=0 status=route_search
[04:04:51] [Render thread/INFO]: [Lodekeeper] PROGRESS elapsed_ms=34650 phase=searching target=42,117,52 block=minecraft:oak_log search_cpu_ms=1626 search_ticks=681 expanded=2346 discovered=3457 open=1111 path_index=1 path_length=0 retries=0 pending_route_events=0 dropped_route_events=0 status=route_search
[04:04:53] [Render thread/INFO]: [Lodekeeper] PROGRESS elapsed_ms=36700 phase=searching target=42,117,52 block=minecraft:oak_log search_cpu_ms=1722 search_ticks=722 expanded=2490 discovered=3631 open=1141 path_index=1 path_length=0 retries=0 pending_route_events=0 dropped_route_events=0 status=route_search
[04:04:55] [Render thread/INFO]: [Lodekeeper] PROGRESS elapsed_ms=38750 phase=searching target=42,117,52 block=minecraft:oak_log search_cpu_ms=1818 search_ticks=763 expanded=2631 discovered=3829 open=1198 path_index=1 path_length=0 retries=0 pending_route_events=0 dropped_route_events=0 status=route_search
[04:04:57] [Render thread/INFO]: [Lodekeeper] PROGRESS elapsed_ms=40801 phase=searching target=42,117,52 block=minecraft:oak_log search_cpu_ms=1917 search_ticks=804 expanded=2783 discovered=4026 open=1243 path_index=1 path_length=0 retries=0 pending_route_events=0 dropped_route_events=0 status=route_search
[04:04:59] [Render thread/INFO]: [Lodekeeper] PROGRESS elapsed_ms=42845 phase=searching target=42,117,52 block=minecraft:oak_log search_cpu_ms=2017 search_ticks=845 expanded=2939 discovered=4219 open=1280 path_index=1 path_length=0 retries=0 pending_route_events=0 dropped_route_events=0 status=route_search
[04:05:01] [Render thread/INFO]: [Lodekeeper] PROGRESS elapsed_ms=44849 phase=searching target=42,117,52 block=minecraft:oak_log search_cpu_ms=2112 search_ticks=885 expanded=3079 discovered=4414 open=1335 path_index=1 path_length=0 retries=0 pending_route_events=0 dropped_route_events=0 status=route_search
[04:05:03] [Render thread/INFO]: [Lodekeeper] PROGRESS elapsed_ms=46901 phase=searching target=42,117,52 block=minecraft:oak_log search_cpu_ms=2210 search_ticks=926 expanded=3220 discovered=4580 open=1360 path_index=1 path_length=0 retries=0 pending_route_events=0 dropped_route_events=0 status=route_search
[04:05:05] [Render thread/INFO]: [Lodekeeper] PROGRESS elapsed_ms=48949 phase=searching target=42,117,52 block=minecraft:oak_log search_cpu_ms=2309 search_ticks=967 expanded=3367 discovered=4756 open=1389 path_index=1 path_length=0 retries=0 pending_route_events=0 dropped_route_events=0 status=route_search
[04:05:07] [Render thread/INFO]: [Lodekeeper] PROGRESS elapsed_ms=50951 phase=searching target=42,117,52 block=minecraft:oak_log search_cpu_ms=2403 search_ticks=1007 expanded=3507 discovered=4929 open=1422 path_index=1 path_length=0 retries=0 pending_route_events=0 dropped_route_events=0 status=route_search
[04:05:09] [Render thread/INFO]: [Lodekeeper] PROGRESS elapsed_ms=53000 phase=searching target=42,117,52 block=minecraft:oak_log search_cpu_ms=2499 search_ticks=1048 expanded=3646 discovered=5097 open=1451 path_index=1 path_length=0 retries=0 pending_route_events=0 dropped_route_events=0 status=route_search
[04:05:11] [Render thread/INFO]: [Lodekeeper] PROGRESS elapsed_ms=55001 phase=searching target=42,117,52 block=minecraft:oak_log search_cpu_ms=2592 search_ticks=1088 expanded=3792 discovered=5253 open=1461 path_index=1 path_length=0 retries=0 pending_route_events=0 dropped_route_events=0 status=route_search
[04:05:13] [Render thread/INFO]: [Lodekeeper] PROGRESS elapsed_ms=57001 phase=searching target=42,117,52 block=minecraft:oak_log search_cpu_ms=2685 search_ticks=1128 expanded=3930 discovered=5410 open=1480 path_index=1 path_length=0 retries=0 pending_route_events=0 dropped_route_events=0 status=route_search
[04:05:15] [Render thread/INFO]: [Lodekeeper] PROGRESS elapsed_ms=59050 phase=searching target=42,117,52 block=minecraft:oak_log search_cpu_ms=2788 search_ticks=1169 expanded=4065 discovered=5588 open=1523 path_index=1 path_length=0 retries=0 pending_route_events=0 dropped_route_events=0 status=route_search
[04:05:17] [Render thread/INFO]: [Lodekeeper] RESOURCE_REJECT reason=42,117,52: Gathering made no confirmed progress before its timeout
[04:05:17] [Render thread/INFO]: [Lodekeeper] TARGET target=none
[04:05:17] [Render thread/INFO]: [Lodekeeper] PROGRESS elapsed_ms=61094 phase=planning target=none search_cpu_ms=0 search_ticks=0 expanded=0 discovered=0 open=0 path_index=0 path_length=0 retries=0 pending_route_events=0 dropped_route_events=0 status=planning
[04:05:18] [Render thread/INFO]: [Lodekeeper] TARGET target=42,118,52 block=minecraft:oak_log
[04:05:18] [Render thread/INFO]: [Lodekeeper] ROUTE_SEARCH kind=near anchor=42,118,52 feet_y16=1888 candidates=0 target=42,118,52 block=minecraft:oak_log elapsed_ms=61401
[04:05:19] [Render thread/INFO]: [Lodekeeper] ROUTE_TRAVEL path_index=1 path_length=7 target=42,118,52 block=minecraft:oak_log elapsed_ms=62901
[04:05:19] [Render thread/INFO]: [Lodekeeper] PROGRESS elapsed_ms=63096 phase=traveling target=42,118,52 block=minecraft:oak_log search_cpu_ms=73 search_ticks=30 expanded=89 discovered=353 open=264 path_index=1 path_length=7 retries=0 pending_route_events=0 dropped_route_events=0 status=route_1/7
[04:05:20] [Render thread/INFO]: [Lodekeeper] Settled launch approach at 44.505288651236135,114.0,54.46745808728971 horizontal=0.03296886280631808 speed=0.009596212168707586
[04:05:21] [Render thread/INFO]: [Lodekeeper] PROGRESS elapsed_ms=65098 phase=traveling target=42,118,52 block=minecraft:oak_log search_cpu_ms=73 search_ticks=30 expanded=89 discovered=353 open=264 path_index=5 path_length=7 retries=0 pending_route_events=0 dropped_route_events=0 status=route_5/7
[04:05:22] [Render thread/INFO]: [Lodekeeper] Navigation retry 1: Route edge became unsafe at 44.50082079043136,114.0,55.948863986851784 onGround=true live=true/true/false/0/false/true edge=44,113.0,55->44,114.0,56:JUMP
[04:05:22] [Render thread/INFO]: [Lodekeeper] RETRY count=1 target=42,118,52 block=minecraft:oak_log status=route_5/7 elapsed_ms=65297
[04:05:22] [Render thread/INFO]: [Lodekeeper] RESOURCE_REJECT reason=42,118,52: Navigation: NO_PATH to 42,118,52 after 0 expansions
[04:05:22] [Render thread/INFO]: [Lodekeeper] TARGET target=none
[04:05:22] [Render thread/INFO]: [Lodekeeper] TARGET target=41,118,54 block=minecraft:oak_log
[04:05:22] [Render thread/INFO]: [Lodekeeper] ROUTE_SEARCH kind=near anchor=41,118,54 feet_y16=1888 candidates=0 target=41,118,54 block=minecraft:oak_log elapsed_ms=66150
[04:05:23] [Render thread/INFO]: [Lodekeeper] PROGRESS elapsed_ms=67100 phase=searching target=41,118,54 block=minecraft:oak_log search_cpu_ms=47 search_ticks=19 expanded=51 discovered=225 open=174 path_index=1 path_length=0 retries=0 pending_route_events=0 dropped_route_events=0 status=route_search
[04:05:23] [Render thread/INFO]: [Lodekeeper] RESOURCE_REJECT reason=41,118,54: Cannot prove safe grounded launch braking or centering
[04:05:23] [Render thread/INFO]: [Lodekeeper] TARGET target=none
[04:05:24] [Render thread/INFO]: [Lodekeeper] TARGET target=41,119,54 block=minecraft:oak_log
[04:05:24] [Render thread/INFO]: [Lodekeeper] ROUTE_SEARCH kind=near anchor=41,119,54 feet_y16=1904 candidates=0 target=41,119,54 block=minecraft:oak_log elapsed_ms=67949
[04:05:25] [Render thread/INFO]: [Lodekeeper] RESOURCE_REJECT reason=41,119,54: Cannot prove safe grounded launch braking or centering
[04:05:25] [Render thread/INFO]: [Lodekeeper] TARGET target=none
[04:05:25] [Render thread/INFO]: [Lodekeeper] PROGRESS elapsed_ms=69146 phase=discovering target=none search_cpu_ms=0 search_ticks=0 expanded=0 discovered=0 open=0 path_index=0 path_length=0 retries=0 pending_route_events=0 dropped_route_events=0 status=finding_nearby_recipe_wood___local_1024/1287_positions
[04:05:27] [Render thread/INFO]: [Lodekeeper] TARGET target=43,113,41 block=minecraft:oak_log
[04:05:27] [Render thread/INFO]: [Lodekeeper] ROUTE_SEARCH kind=any anchor=41,112,40 feet_y16=1792 candidates=23 target=43,113,41 block=minecraft:oak_log elapsed_ms=70597
[04:05:27] [Render thread/INFO]: [Lodekeeper] PROGRESS elapsed_ms=71150 phase=searching target=43,113,41 block=minecraft:oak_log search_cpu_ms=26 search_ticks=11 expanded=26 discovered=160 open=134 path_index=1 path_length=0 retries=0 pending_route_events=0 dropped_route_events=0 status=route_search
[04:05:28] [Render thread/INFO]: [Lodekeeper] ROUTE_TRAVEL path_index=1 path_length=14 target=43,113,41 block=minecraft:oak_log elapsed_ms=71601
[04:05:29] [Render thread/INFO]: [Lodekeeper] PROGRESS elapsed_ms=73195 phase=traveling target=43,113,41 block=minecraft:oak_log search_cpu_ms=49 search_ticks=20 expanded=50 discovered=233 open=183 path_index=7 path_length=14 retries=0 pending_route_events=0 dropped_route_events=0 status=route_7/14
[04:05:30] [Render thread/INFO]: [Lodekeeper] Settled launch approach at 43.50003389918838,114.0,48.523148318662315 horizontal=0.023148343483866414 speed=0.006805608654335254
[04:05:31] [Render thread/INFO]: [Lodekeeper] PROGRESS elapsed_ms=75196 phase=traveling target=43,113,41 block=minecraft:oak_log search_cpu_ms=49 search_ticks=20 expanded=50 discovered=233 open=183 path_index=11 path_length=14 retries=0 pending_route_events=0 dropped_route_events=0 status=route_11/14
[04:05:32] [Render thread/INFO]: [Lodekeeper] ROUTE_SEARCH kind=any anchor=41,112,40 feet_y16=1792 candidates=23 target=43,113,41 block=minecraft:oak_log elapsed_ms=75749
[04:05:32] [Render thread/INFO]: [Lodekeeper] ROUTE_TRAVEL path_index=1 path_length=7 target=43,113,41 block=minecraft:oak_log elapsed_ms=76147
[04:05:33] [Render thread/INFO]: [Lodekeeper] PROGRESS elapsed_ms=77197 phase=traveling target=43,113,41 block=minecraft:oak_log search_cpu_ms=18 search_ticks=8 expanded=24 discovered=105 open=81 path_index=4 path_length=7 retries=0 pending_route_events=0 dropped_route_events=0 status=route_4/7
[04:05:34] [Render thread/INFO]: [Lodekeeper] Settled launch approach at 40.50545549280414,113.0,44.533790560880334 horizontal=0.03422812303272793 speed=0.009965066269663167
[04:05:35] [Render thread/INFO]: [Lodekeeper] PROGRESS elapsed_ms=79249 phase=gathering target=43,113,41 block=minecraft:oak_log search_cpu_ms=0 search_ticks=0 expanded=0 discovered=0 open=0 path_index=0 path_length=0 retries=0 pending_route_events=0 dropped_route_events=0 status=mining_minecraft:oak_log_at_43_113_41
[04:05:37] [Render thread/INFO]: [Lodekeeper] PROGRESS elapsed_ms=81249 phase=gathering target=43,113,41 block=minecraft:oak_log search_cpu_ms=0 search_ticks=0 expanded=0 discovered=0 open=0 path_index=0 path_length=0 retries=0 pending_route_events=0 dropped_route_events=0 status=mining_minecraft:oak_log_at_43_113_41
[04:05:38] [Render thread/INFO]: [Lodekeeper] TARGET target=none
[04:05:39] [Render thread/INFO]: [Lodekeeper] ROUTE_SEARCH kind=any anchor=42,112,40 feet_y16=1792 candidates=5 target=none elapsed_ms=82449
[04:05:39] [Render thread/INFO]: [Lodekeeper] ROUTE_TRAVEL path_index=1 path_length=2 target=none elapsed_ms=82496
[04:05:40] [Render thread/INFO]: [Lodekeeper] PROGRESS elapsed_ms=83298 phase=crafting target=none search_cpu_ms=0 search_ticks=0 expanded=0 discovered=0 open=0 path_index=0 path_length=0 retries=0 pending_route_events=0 dropped_route_events=0 status=CRAFT_minecraft:oak_planks
[04:05:42] [Render thread/INFO]: [Lodekeeper] PROGRESS elapsed_ms=85349 phase=crafting target=none search_cpu_ms=0 search_ticks=0 expanded=0 discovered=0 open=0 path_index=0 path_length=0 retries=0 pending_route_events=0 dropped_route_events=0 status=CRAFT_minecraft:stick
[04:05:42] [Render thread/INFO]: [Lodekeeper] TARGET target=43,114,41 block=minecraft:oak_log
[04:05:44] [Render thread/INFO]: [Lodekeeper] PROGRESS elapsed_ms=87396 phase=gathering target=43,114,41 block=minecraft:oak_log search_cpu_ms=0 search_ticks=0 expanded=0 discovered=0 open=0 path_index=0 path_length=0 retries=0 pending_route_events=0 dropped_route_events=0 status=mining_minecraft:oak_log_at_43_114_41
[04:05:46] [Render thread/INFO]: [Lodekeeper] PROGRESS elapsed_ms=89443 phase=gathering target=43,114,41 block=minecraft:oak_log search_cpu_ms=0 search_ticks=0 expanded=0 discovered=0 open=0 path_index=0 path_length=0 retries=0 pending_route_events=0 dropped_route_events=0 status=mining_minecraft:oak_log_at_43_114_41
[04:05:46] [Render thread/INFO]: [Lodekeeper] TARGET target=none
[04:05:48] [Render thread/INFO]: [Lodekeeper] PROGRESS elapsed_ms=91444 phase=crafting target=none search_cpu_ms=0 search_ticks=0 expanded=0 discovered=0 open=0 path_index=0 path_length=0 retries=0 pending_route_events=0 dropped_route_events=0 status=CRAFT_minecraft:oak_planks
[04:05:48] [Render thread/INFO]: [Lodekeeper] TARGET target=43,112,41 block=minecraft:oak_log
[04:05:50] [Render thread/INFO]: [Lodekeeper] PROGRESS elapsed_ms=93446 phase=gathering target=43,112,41 block=minecraft:oak_log search_cpu_ms=0 search_ticks=0 expanded=0 discovered=0 open=0 path_index=0 path_length=0 retries=0 pending_route_events=0 dropped_route_events=0 status=mining_minecraft:oak_log_at_43_112_41
[04:05:51] [Render thread/INFO]: [Lodekeeper] TARGET target=none
[04:05:52] [Render thread/INFO]: [Lodekeeper] PROGRESS elapsed_ms=95446 phase=waiting target=none search_cpu_ms=0 search_ticks=0 expanded=0 discovered=0 open=0 path_index=0 path_length=0 retries=0 pending_route_events=0 dropped_route_events=0 status=waiting_to_collect_minecraft:oak_log
[04:05:54] [Render thread/INFO]: [Lodekeeper] PROGRESS elapsed_ms=97446 phase=crafting target=none search_cpu_ms=0 search_ticks=0 expanded=0 discovered=0 open=0 path_index=0 path_length=0 retries=0 pending_route_events=0 dropped_route_events=0 status=CRAFT_minecraft:crafting_table
[04:05:56] [Render thread/INFO]: [Lodekeeper] PROGRESS elapsed_ms=99448 phase=crafting target=none search_cpu_ms=0 search_ticks=0 expanded=0 discovered=0 open=0 path_index=0 path_length=0 retries=0 pending_route_events=0 dropped_route_events=0 status=CRAFT_minecraft:crafting_table
[04:05:58] [Render thread/INFO]: [Lodekeeper] PROGRESS elapsed_ms=101495 phase=crafting target=none search_cpu_ms=0 search_ticks=0 expanded=0 discovered=0 open=0 path_index=0 path_length=0 retries=0 pending_route_events=0 dropped_route_events=0 status=CRAFT_minecraft:wooden_pickaxe
[04:06:00] [Render thread/INFO]: [Lodekeeper] PROGRESS elapsed_ms=103495 phase=crafting target=none search_cpu_ms=0 search_ticks=0 expanded=0 discovered=0 open=0 path_index=0 path_length=0 retries=0 pending_route_events=0 dropped_route_events=0 status=CRAFT_minecraft:wooden_pickaxe
[04:06:01] [Render thread/INFO]: [Lodekeeper] TARGET target=37,112,50 block=minecraft:stone
[04:06:01] [Render thread/INFO]: [Lodekeeper] ROUTE_SEARCH kind=near anchor=37,112,50 feet_y16=1792 candidates=0 target=37,112,50 block=minecraft:stone elapsed_ms=104502
[04:06:02] [Render thread/INFO]: [Lodekeeper] ROUTE_TRAVEL path_index=1 path_length=9 target=37,112,50 block=minecraft:stone elapsed_ms=105447
[04:06:02] [Render thread/INFO]: [Lodekeeper] PROGRESS elapsed_ms=105546 phase=traveling target=37,112,50 block=minecraft:stone search_cpu_ms=51 search_ticks=19 expanded=39 discovered=196 open=157 path_index=1 path_length=9 retries=0 pending_route_events=0 dropped_route_events=0 status=route_1/9
[04:06:03] [Render thread/INFO]: [Lodekeeper] Settled launch approach at 40.52976414891935,112.0,43.50305118246344 horizontal=0.02992013160596587 speed=0.008761493049089304
[04:06:04] [Render thread/INFO]: [Lodekeeper] PROGRESS elapsed_ms=107547 phase=traveling target=37,112,50 block=minecraft:stone search_cpu_ms=51 search_ticks=19 expanded=39 discovered=196 open=157 path_index=5 path_length=9 retries=0 pending_route_events=0 dropped_route_events=0 status=route_5/9
[04:06:06] [Render thread/INFO]: [Lodekeeper] PROGRESS elapsed_ms=109548 phase=traveling target=37,112,50 block=minecraft:stone search_cpu_ms=51 search_ticks=19 expanded=39 discovered=196 open=157 path_index=8 path_length=9 retries=0 pending_route_events=0 dropped_route_events=0 status=route_8/9
[04:06:06] [Render thread/INFO]: [Lodekeeper] ROUTE_SEARCH kind=near anchor=37,112,50 feet_y16=1792 candidates=0 target=37,112,50 block=minecraft:stone elapsed_ms=109798
[04:06:06] [Render thread/INFO]: [Lodekeeper] Navigation retry 1: Terrain changed during search at 38.50039641683129,113.0,49.542414570948836 onGround=true live=true/true/false/0/true/true
[04:06:06] [Render thread/INFO]: [Lodekeeper] RETRY count=1 target=37,112,50 block=minecraft:stone status=route_search elapsed_ms=109946
[04:06:08] [Render thread/INFO]: [Lodekeeper] ROUTE_TRAVEL path_index=1 path_length=3 target=37,112,50 block=minecraft:stone elapsed_ms=111597
[04:06:08] [Render thread/INFO]: [Lodekeeper] PROGRESS elapsed_ms=111597 phase=traveling target=37,112,50 block=minecraft:stone search_cpu_ms=81 search_ticks=33 expanded=76 discovered=297 open=221 path_index=1 path_length=3 retries=1 pending_route_events=0 dropped_route_events=0 status=route_search
[04:06:10] [Render thread/INFO]: [Lodekeeper] PROGRESS elapsed_ms=113598 phase=traveling target=37,112,50 block=minecraft:stone search_cpu_ms=81 search_ticks=33 expanded=76 discovered=297 open=221 path_index=2 path_length=3 retries=1 pending_route_events=0 dropped_route_events=0 status=route_2/3
[04:06:11] [Render thread/INFO]: [Lodekeeper] ROUTE_SEARCH kind=near anchor=37,112,50 feet_y16=1792 candidates=0 target=37,112,50 block=minecraft:stone elapsed_ms=114450
[04:06:11] [Render thread/INFO]: [Lodekeeper] ROUTE_SEARCH kind=near anchor=37,112,50 feet_y16=1792 candidates=0 target=37,112,50 block=minecraft:stone elapsed_ms=114552
[04:06:11] [Render thread/INFO]: [Lodekeeper] ROUTE_SEARCH kind=near anchor=37,112,50 feet_y16=1792 candidates=0 target=37,112,50 block=minecraft:stone elapsed_ms=114645
[04:06:11] [Render thread/INFO]: [Lodekeeper] ROUTE_SEARCH kind=near anchor=37,112,50 feet_y16=1792 candidates=0 target=37,112,50 block=minecraft:stone elapsed_ms=114746
[04:06:11] [Render thread/INFO]: [Lodekeeper] ROUTE_SEARCH kind=near anchor=37,112,50 feet_y16=1792 candidates=0 target=37,112,50 block=minecraft:stone elapsed_ms=114847
[04:06:11] [Render thread/INFO]: [Lodekeeper] ROUTE_SEARCH kind=near anchor=37,112,50 feet_y16=1792 candidates=0 target=37,112,50 block=minecraft:stone elapsed_ms=114948
[04:06:11] [Render thread/INFO]: [Lodekeeper] ROUTE_SEARCH kind=near anchor=37,112,50 feet_y16=1792 candidates=0 target=37,112,50 block=minecraft:stone elapsed_ms=115049
[04:06:11] [Render thread/INFO]: [Lodekeeper] ROUTE_SEARCH kind=near anchor=37,112,50 feet_y16=1792 candidates=0 target=37,112,50 block=minecraft:stone elapsed_ms=115150
[04:06:12] [Render thread/INFO]: [Lodekeeper] ROUTE_SEARCH kind=near anchor=37,112,50 feet_y16=1792 candidates=0 target=37,112,50 block=minecraft:stone elapsed_ms=115251
[04:06:12] [Render thread/INFO]: [Lodekeeper] ROUTE_SEARCH kind=near anchor=37,112,50 feet_y16=1792 candidates=0 target=37,112,50 block=minecraft:stone elapsed_ms=115345
[04:06:12] [Render thread/INFO]: [Lodekeeper] ROUTE_SEARCH kind=near anchor=37,112,50 feet_y16=1792 candidates=0 target=37,112,50 block=minecraft:stone elapsed_ms=115447
[04:06:12] [Render thread/INFO]: [Lodekeeper] ROUTE_SEARCH kind=near anchor=37,112,50 feet_y16=1792 candidates=0 target=37,112,50 block=minecraft:stone elapsed_ms=115547
[04:06:12] [Render thread/INFO]: [Lodekeeper] PROGRESS elapsed_ms=115599 phase=working target=37,112,50 block=minecraft:stone search_cpu_ms=0 search_ticks=0 expanded=0 discovered=0 open=0 path_index=0 path_length=0 retries=0 pending_route_events=0 dropped_route_events=0 status=route_search
[04:06:12] [Render thread/INFO]: [Lodekeeper] ROUTE_SEARCH kind=near anchor=37,112,50 feet_y16=1792 candidates=0 target=37,112,50 block=minecraft:stone elapsed_ms=115648
[04:06:12] [Render thread/INFO]: [Lodekeeper] ROUTE_SEARCH kind=near anchor=37,112,50 feet_y16=1792 candidates=0 target=37,112,50 block=minecraft:stone elapsed_ms=115749
[04:06:12] [Render thread/INFO]: [Lodekeeper] ROUTE_SEARCH kind=near anchor=37,112,50 feet_y16=1792 candidates=0 target=37,112,50 block=minecraft:stone elapsed_ms=115850
[04:06:12] [Render thread/INFO]: [Lodekeeper] ROUTE_SEARCH kind=near anchor=37,112,50 feet_y16=1792 candidates=0 target=37,112,50 block=minecraft:stone elapsed_ms=115951
[04:06:13] [Render thread/INFO]: [Lodekeeper] ROUTE_SEARCH kind=near anchor=37,112,50 feet_y16=1792 candidates=0 target=37,112,50 block=minecraft:stone elapsed_ms=116046
[04:06:13] [Render thread/INFO]: [Lodekeeper] ROUTE_SEARCH kind=near anchor=37,112,50 feet_y16=1792 candidates=0 target=37,112,50 block=minecraft:stone elapsed_ms=116147
[04:06:13] [Render thread/INFO]: [Lodekeeper] ROUTE_SEARCH kind=near anchor=37,112,50 feet_y16=1792 candidates=0 target=37,112,50 block=minecraft:stone elapsed_ms=116248
[04:06:13] [Render thread/INFO]: [Lodekeeper] ROUTE_SEARCH kind=near anchor=37,112,50 feet_y16=1792 candidates=0 target=37,112,50 block=minecraft:stone elapsed_ms=116349
[04:06:13] [Render thread/INFO]: [Lodekeeper] ROUTE_SEARCH kind=near anchor=37,112,50 feet_y16=1792 candidates=0 target=37,112,50 block=minecraft:stone elapsed_ms=116450
[04:06:13] [Render thread/INFO]: [Lodekeeper] ROUTE_SEARCH kind=near anchor=37,112,50 feet_y16=1792 candidates=0 target=37,112,50 block=minecraft:stone elapsed_ms=116551
[04:06:13] [Render thread/INFO]: [Lodekeeper] ROUTE_SEARCH kind=near anchor=37,112,50 feet_y16=1792 candidates=0 target=37,112,50 block=minecraft:stone elapsed_ms=116650
[04:06:13] [Render thread/INFO]: [Lodekeeper] ROUTE_SEARCH kind=near anchor=37,112,50 feet_y16=1792 candidates=0 target=37,112,50 block=minecraft:stone elapsed_ms=116750
[04:06:14] [Render thread/INFO]: [Lodekeeper] ROUTE_SEARCH kind=near anchor=37,112,50 feet_y16=1792 candidates=0 target=37,112,50 block=minecraft:stone elapsed_ms=116851
[04:06:14] [Render thread/INFO]: [Lodekeeper] ROUTE_SEARCH kind=near anchor=37,112,50 feet_y16=1792 candidates=0 target=37,112,50 block=minecraft:stone elapsed_ms=116946
[04:06:14] [Render thread/INFO]: [Lodekeeper] ROUTE_SEARCH kind=near anchor=37,112,50 feet_y16=1792 candidates=0 target=37,112,50 block=minecraft:stone elapsed_ms=117047
[04:06:14] [Render thread/INFO]: [Lodekeeper] ROUTE_SEARCH kind=near anchor=37,112,50 feet_y16=1792 candidates=0 target=37,112,50 block=minecraft:stone elapsed_ms=117148
[04:06:14] [Render thread/INFO]: [Lodekeeper] ROUTE_SEARCH kind=near anchor=37,112,50 feet_y16=1792 candidates=0 target=37,112,50 block=minecraft:stone elapsed_ms=117249
[04:06:14] [Render thread/INFO]: [Lodekeeper] ROUTE_SEARCH kind=near anchor=37,112,50 feet_y16=1792 candidates=0 target=37,112,50 block=minecraft:stone elapsed_ms=117350
[04:06:14] [Render thread/INFO]: [Lodekeeper] ROUTE_SEARCH kind=near anchor=37,112,50 feet_y16=1792 candidates=0 target=37,112,50 block=minecraft:stone elapsed_ms=117450
[04:06:14] [Render thread/INFO]: [Lodekeeper] ROUTE_SEARCH kind=near anchor=37,112,50 feet_y16=1792 candidates=0 target=37,112,50 block=minecraft:stone elapsed_ms=117545
[04:06:14] [Render thread/INFO]: [Lodekeeper] PROGRESS elapsed_ms=117646 phase=searching target=37,112,50 block=minecraft:stone search_cpu_ms=0 search_ticks=0 expanded=0 discovered=1 open=1 path_index=1 path_length=0 retries=0 pending_route_events=1 dropped_route_events=0 status=route_search
[04:06:15] [Render thread/INFO]: [Lodekeeper] ROUTE_SEARCH kind=near anchor=37,112,50 feet_y16=1792 candidates=0 target=37,112,50 block=minecraft:stone elapsed_ms=117646
[04:06:15] [Render thread/INFO]: [Lodekeeper] ROUTE_SEARCH kind=near anchor=37,112,50 feet_y16=1792 candidates=0 target=37,112,50 block=minecraft:stone elapsed_ms=117747
[04:06:15] [Render thread/INFO]: [Lodekeeper] ROUTE_SEARCH kind=near anchor=37,112,50 feet_y16=1792 candidates=0 target=37,112,50 block=minecraft:stone elapsed_ms=117848
[04:06:15] [Render thread/INFO]: [Lodekeeper] ROUTE_SEARCH kind=near anchor=37,112,50 feet_y16=1792 candidates=0 target=37,112,50 block=minecraft:stone elapsed_ms=117949
[04:06:15] [Render thread/INFO]: [Lodekeeper] ROUTE_SEARCH kind=near anchor=37,112,50 feet_y16=1792 candidates=0 target=37,112,50 block=minecraft:stone elapsed_ms=118050
[04:06:15] [Render thread/INFO]: [Lodekeeper] ROUTE_SEARCH kind=near anchor=37,112,50 feet_y16=1792 candidates=0 target=37,112,50 block=minecraft:stone elapsed_ms=118150
[04:06:15] [Render thread/INFO]: [Lodekeeper] ROUTE_SEARCH kind=near anchor=37,112,50 feet_y16=1792 candidates=0 target=37,112,50 block=minecraft:stone elapsed_ms=118252
[04:06:15] [Render thread/INFO]: [Lodekeeper] ROUTE_SEARCH kind=near anchor=37,112,50 feet_y16=1792 candidates=0 target=37,112,50 block=minecraft:stone elapsed_ms=118346
[04:06:16] [Render thread/INFO]: [Lodekeeper] ROUTE_SEARCH kind=near anchor=37,112,50 feet_y16=1792 candidates=0 target=37,112,50 block=minecraft:stone elapsed_ms=118447
[04:06:16] [Render thread/INFO]: [Lodekeeper] ROUTE_SEARCH kind=near anchor=37,112,50 feet_y16=1792 candidates=0 target=37,112,50 block=minecraft:stone elapsed_ms=118549
[04:06:16] [Render thread/INFO]: [Lodekeeper] ROUTE_SEARCH kind=near anchor=37,112,50 feet_y16=1792 candidates=0 target=37,112,50 block=minecraft:stone elapsed_ms=118650
[04:06:16] [Render thread/INFO]: [Lodekeeper] ROUTE_SEARCH kind=near anchor=37,112,50 feet_y16=1792 candidates=0 target=37,112,50 block=minecraft:stone elapsed_ms=118745
[04:06:16] [Render thread/INFO]: [Lodekeeper] ROUTE_SEARCH kind=near anchor=37,112,50 feet_y16=1792 candidates=0 target=37,112,50 block=minecraft:stone elapsed_ms=118846
[04:06:16] [Render thread/INFO]: [Lodekeeper] ROUTE_SEARCH kind=near anchor=37,112,50 feet_y16=1792 candidates=0 target=37,112,50 block=minecraft:stone elapsed_ms=118947
[04:06:16] [Render thread/INFO]: [Lodekeeper] ROUTE_SEARCH kind=near anchor=37,112,50 feet_y16=1792 candidates=0 target=37,112,50 block=minecraft:stone elapsed_ms=119049
[04:06:16] [Render thread/INFO]: [Lodekeeper] ROUTE_SEARCH kind=near anchor=37,112,50 feet_y16=1792 candidates=0 target=37,112,50 block=minecraft:stone elapsed_ms=119150
[04:06:16] [Render thread/INFO]: [Lodekeeper] PROGRESS elapsed_ms=119651 phase=searching target=37,112,50 block=minecraft:stone search_cpu_ms=0 search_ticks=0 expanded=0 discovered=1 open=1 path_index=1 path_length=0 retries=0 pending_route_events=5 dropped_route_events=0 status=route_search
[04:06:17] [Render thread/INFO]: [Lodekeeper] ROUTE_SEARCH kind=near anchor=37,112,50 feet_y16=1792 candidates=0 target=37,112,50 block=minecraft:stone elapsed_ms=119245
[04:06:17] [Render thread/INFO]: [Lodekeeper] ROUTE_SEARCH kind=near anchor=37,112,50 feet_y16=1792 candidates=0 target=37,112,50 block=minecraft:stone elapsed_ms=119347
[04:06:17] [Render thread/INFO]: [Lodekeeper] ROUTE_SEARCH kind=near anchor=37,112,50 feet_y16=1792 candidates=0 target=37,112,50 block=minecraft:stone elapsed_ms=119448
[04:06:17] [Render thread/INFO]: [Lodekeeper] ROUTE_SEARCH kind=near anchor=37,112,50 feet_y16=1792 candidates=0 target=37,112,50 block=minecraft:stone elapsed_ms=119550
[04:06:17] [Render thread/INFO]: [Lodekeeper] ROUTE_SEARCH kind=near anchor=37,112,50 feet_y16=1792 candidates=0 target=37,112,50 block=minecraft:stone elapsed_ms=119651
[04:06:17] [Render thread/INFO]: [Lodekeeper] ROUTE_SEARCH kind=near anchor=37,112,50 feet_y16=1792 candidates=0 target=37,112,50 block=minecraft:stone elapsed_ms=119746
[04:06:17] [Render thread/INFO]: [Lodekeeper] ROUTE_SEARCH kind=near anchor=37,112,50 feet_y16=1792 candidates=0 target=37,112,50 block=minecraft:stone elapsed_ms=119848
[04:06:17] [Render thread/INFO]: [Lodekeeper] ROUTE_SEARCH kind=near anchor=37,112,50 feet_y16=1792 candidates=0 target=37,112,50 block=minecraft:stone elapsed_ms=119946
[04:06:18] [Render thread/INFO]: [Lodekeeper] ROUTE_SEARCH kind=near anchor=37,112,50 feet_y16=1792 candidates=0 target=37,112,50 block=minecraft:stone elapsed_ms=120149
[04:06:18] [Render thread/INFO]: [Lodekeeper] ROUTE_SEARCH kind=near anchor=37,112,50 feet_y16=1792 candidates=0 target=37,112,50 block=minecraft:stone elapsed_ms=120250
[04:06:18] [Render thread/INFO]: [Lodekeeper] ROUTE_SEARCH kind=near anchor=37,112,50 feet_y16=1792 candidates=0 target=37,112,50 block=minecraft:stone elapsed_ms=120352
[04:06:18] [Render thread/INFO]: [Lodekeeper] ROUTE_SEARCH kind=near anchor=37,112,50 feet_y16=1792 candidates=0 target=37,112,50 block=minecraft:stone elapsed_ms=120446
[04:06:18] [Render thread/INFO]: [Lodekeeper] ROUTE_SEARCH kind=near anchor=37,112,50 feet_y16=1792 candidates=0 target=37,112,50 block=minecraft:stone elapsed_ms=120548
[04:06:18] [Render thread/INFO]: [Lodekeeper] ROUTE_SEARCH kind=near anchor=37,112,50 feet_y16=1792 candidates=0 target=37,112,50 block=minecraft:stone elapsed_ms=120649
[04:06:18] [Render thread/INFO]: [Lodekeeper] ROUTE_SEARCH kind=near anchor=37,112,50 feet_y16=1792 candidates=0 target=37,112,50 block=minecraft:stone elapsed_ms=120750
[04:06:18] [Render thread/INFO]: [Lodekeeper] ROUTE_SEARCH kind=near anchor=37,112,50 feet_y16=1792 candidates=0 target=37,112,50 block=minecraft:stone elapsed_ms=120851
[04:06:18] [Render thread/INFO]: [Lodekeeper] PROGRESS elapsed_ms=121695 phase=working target=37,112,50 block=minecraft:stone search_cpu_ms=0 search_ticks=0 expanded=0 discovered=0 open=0 path_index=0 path_length=0 retries=0 pending_route_events=8 dropped_route_events=1 status=route_search
[04:06:19] [Render thread/INFO]: [Lodekeeper] ROUTE_SEARCH kind=near anchor=37,112,50 feet_y16=1792 candidates=0 target=37,112,50 block=minecraft:stone elapsed_ms=120946
[04:06:19] [Render thread/INFO]: [Lodekeeper] ROUTE_SEARCH kind=near anchor=37,112,50 feet_y16=1792 candidates=0 target=37,112,50 block=minecraft:stone elapsed_ms=121047
[04:06:19] [Render thread/INFO]: [Lodekeeper] ROUTE_SEARCH kind=near anchor=37,112,50 feet_y16=1792 candidates=0 target=37,112,50 block=minecraft:stone elapsed_ms=121149
[04:06:19] [Render thread/INFO]: [Lodekeeper] ROUTE_SEARCH kind=near anchor=37,112,50 feet_y16=1792 candidates=0 target=37,112,50 block=minecraft:stone elapsed_ms=121250
[04:06:19] [Render thread/INFO]: [Lodekeeper] ROUTE_SEARCH kind=near anchor=37,112,50 feet_y16=1792 candidates=0 target=37,112,50 block=minecraft:stone elapsed_ms=121345
[04:06:19] [Render thread/INFO]: [Lodekeeper] ROUTE_SEARCH kind=near anchor=37,112,50 feet_y16=1792 candidates=0 target=37,112,50 block=minecraft:stone elapsed_ms=121446
[04:06:19] [Render thread/INFO]: [Lodekeeper] ROUTE_SEARCH kind=near anchor=37,112,50 feet_y16=1792 candidates=0 target=37,112,50 block=minecraft:stone elapsed_ms=121548
[04:06:19] [Render thread/INFO]: [Lodekeeper] ROUTE_SEARCH kind=near anchor=37,112,50 feet_y16=1792 candidates=0 target=37,112,50 block=minecraft:stone elapsed_ms=121651
[04:06:20] [Render thread/INFO]: [Lodekeeper] ROUTE_SEARCH kind=near anchor=37,112,50 feet_y16=1792 candidates=0 target=37,112,50 block=minecraft:stone elapsed_ms=121745
[04:06:20] [Render thread/INFO]: [Lodekeeper] ROUTE_SEARCH kind=near anchor=37,112,50 feet_y16=1792 candidates=0 target=37,112,50 block=minecraft:stone elapsed_ms=121846
[04:06:20] [Render thread/INFO]: [Lodekeeper] ROUTE_SEARCH kind=near anchor=37,112,50 feet_y16=1792 candidates=0 target=37,112,50 block=minecraft:stone elapsed_ms=121948
[04:06:20] [Render thread/INFO]: [Lodekeeper] ROUTE_SEARCH kind=near anchor=37,112,50 feet_y16=1792 candidates=0 target=37,112,50 block=minecraft:stone elapsed_ms=122050
[04:06:20] [Render thread/INFO]: [Lodekeeper] ROUTE_SEARCH kind=near anchor=37,112,50 feet_y16=1792 candidates=0 target=37,112,50 block=minecraft:stone elapsed_ms=122151
[04:06:20] [Render thread/INFO]: [Lodekeeper] ROUTE_SEARCH kind=any anchor=37,113,48 feet_y16=1808 candidates=3 target=37,112,50 block=minecraft:stone elapsed_ms=122246
[04:06:20] [Render thread/INFO]: [Lodekeeper] ROUTE_TRAVEL path_index=1 path_length=2 target=37,112,50 block=minecraft:stone elapsed_ms=122299
[04:06:20] [Render thread/INFO]: [Lodekeeper] PROGRESS elapsed_ms=123699 phase=gathering target=37,112,50 block=minecraft:stone search_cpu_ms=0 search_ticks=0 expanded=0 discovered=0 open=0 path_index=0 path_length=0 retries=0 pending_route_events=0 dropped_route_events=1 status=mining_minecraft:cobblestone_at_37_112_50
[04:06:20] [Render thread/INFO]: [Lodekeeper] TARGET target=none
[04:06:21] [Render thread/INFO]: [Lodekeeper] ROUTE_SEARCH kind=any anchor=37,112,50 feet_y16=1792 candidates=1 target=none elapsed_ms=124595
[04:06:21] [Render thread/INFO]: [Lodekeeper] ROUTE_TRAVEL path_index=1 path_length=2 target=none elapsed_ms=124649
[04:06:22] [Render thread/INFO]: [System] [CHAT] [Lodekeeper] Complete: 1 × cobblestone
[04:06:22] [Render thread/INFO]: [Lodekeeper] task_end reason=idle label=cobblestone elapsed_ms=125745 pending_route_events=0 dropped_route_events=1 status=idle
