	- lodekeeper 0.1.0-preview.11
	- lodekeeper-verification 0.1.0-dev
[17:48:39] [Render thread/INFO] (Minecraft) [STDOUT]: [Lodekeeper verification] Enabled; isolated run directory=/private/tmp/lodekeeper-preview11-station-approach-fixed-263/run-verification, world root=/private/tmp/lodekeeper-preview11-station-approach-fixed-263/run-verification/verification/2026-10-06T16-48-39-461651Z-b3e2c554/worlds, evidence=/private/tmp/lodekeeper-preview11-station-approach-fixed-263/run-verification/verification/2026-10-06T16-48-39-461651Z-b3e2c554/evidence
[17:48:39] [Render thread/INFO] (lodekeeper) [Lodekeeper] INIT mod=0.1.0-preview.11 minecraft=26.3
[17:48:45] [Worker-Main-1/WARN] (Minecraft) Missing model for variant: 'Block{lodekeeper_verification:ruby_ore}'
[17:48:45] [Worker-Main-1/WARN] (Minecraft) Missing model for variant: 'Block{lodekeeper_verification:dynamic_collision}'
[17:48:50] [Server thread/INFO] (Minecraft) Saving chunks for level 'ServerLevel[Lodekeeper verification 8b78481b]'/minecraft:overworld
[17:48:50] [Server thread/INFO] (Minecraft) Saving chunks for level 'ServerLevel[Lodekeeper verification 8b78481b]'/minecraft:the_nether
[17:48:50] [Server thread/INFO] (Minecraft) Saving chunks for level 'ServerLevel[Lodekeeper verification 8b78481b]'/minecraft:the_end
[17:48:52] [Render thread/INFO] (Minecraft) [STDOUT]: [Lodekeeper verification] Vanilla integrated-world startup requested
[17:48:53] [Render thread/INFO] (Minecraft) [STDOUT]: Baritone world data dir: /private/tmp/lodekeeper-preview11-station-approach-fixed-263/run-verification/verification/2026-10-06T16-48-39-461651Z-b3e2c554/worlds/run-e02c96a78b78481b/baritone/minecraft/overworld_384
[17:48:53] [Render thread/INFO] (Minecraft) [STDOUT]: Cached world directory: /private/tmp/lodekeeper-preview11-station-approach-fixed-263/run-verification/verification/2026-10-06T16-48-39-461651Z-b3e2c554/worlds/run-e02c96a78b78481b/baritone/minecraft/overworld_384/cache
[17:48:53] [Render thread/INFO] (Minecraft) [STDOUT]: Would save waypoints to /private/tmp/lodekeeper-preview11-station-approach-fixed-263/run-verification/verification/2026-10-06T16-48-39-461651Z-b3e2c554/worlds/run-e02c96a78b78481b/baritone/minecraft/overworld_384/waypoints
[17:48:54] [Render thread/INFO] (Minecraft) [STDOUT]: [Lodekeeper verification] state=WAITING_FOR_WORLD, engine=idle · 0 foreground queued · 0 maintenance queued, server=null
[17:48:56] [Render thread/INFO] (Minecraft) [System] [CHAT] [Lodekeeper] Stopped
[17:48:58] [Render thread/INFO] (Minecraft) [System] [CHAT] [Lodekeeper] Queued 1 × iron_ingot
[17:48:58] [Render thread/INFO] (lodekeeper) [Lodekeeper] BEGIN label=iron_ingot goal=1 inventory=0 startfeet=1,65,0 elapsed_ms=0 continued=false
[17:48:58] [IO-Worker-4/INFO] (Minecraft) [STDOUT]: [Lodekeeper verification] Saved screenshot as lodekeeper-2026-10-06T16-48-39-461651Z-b3e2c554-prepared-safety-station-room-approach-setup.png
[17:48:59] [Render thread/INFO] (lodekeeper) [Lodekeeper] STEP kind=PLACE_STATION source=place:minecraft:furnace output=null count=0 operations=1 auxiliary=false
[17:48:59] [Render thread/INFO] (lodekeeper) [Lodekeeper] STATION_ROUTE event=start destination=BlockPos{x=0, y=64, z=0} stances=12
[17:48:59] [Render thread/INFO] (lodekeeper) [Lodekeeper] TARGET target=0,64,0 block=minecraft:air
[17:48:59] [Render thread/INFO] (lodekeeper) [Lodekeeper] NAV backend=baritone mode=MOVE event=CANCELED elapsedMs=15
[17:48:59] [Render thread/INFO] (lodekeeper) [Lodekeeper] STATION_ROUTE event=stance-rejected destination=BlockPos{x=0, y=64, z=0} stance=BlockPos{x=1, y=65, z=0} remaining=11
[17:48:59] [Render thread/INFO] (lodekeeper) [Lodekeeper] NAV backend=baritone mode=MOVE event=CALC_STARTED elapsedMs=93
[17:48:59] [Render thread/INFO] (lodekeeper) [Lodekeeper] NAV calcTool=minecraft:stone_pickaxe slot=0
[17:48:59] [Render thread/INFO] (lodekeeper) [Lodekeeper] NAV backend=baritone mode=MOVE event=CALC_FINISHED_NOW_EXECUTING elapsedMs=185
[17:48:59] [Render thread/INFO] (Minecraft) [STDOUT]: [Lodekeeper verification] state=PREPARED_SAFETY, engine=following route · 0 foreground queued · 0 maintenance queued, server=ServerSnapshot[serverTick=114, worldTime=114, inventory={minecraft:stone_pickaxe=1, minecraft:coal=1, minecraft:raw_iron=1, minecraft:furnace=1}, woodenAxeRemainingDurability=[], ironPickaxeDeepslateRemaining=-1, coalRecoveryEncasedOreRemaining=-1, coalRecoveryAccessibleOreRemaining=-1, coalStartSurfaceRemaining=-1, coalNavigationCourseMismatchCount=-1, coalNavigationCourseObservedMask=-1, coalNavigationCourseMinimumHealth=-1.0, coalNavigationCourseCheckpointServerTicks=[], storageInventory={minecraft:stone_pickaxe=1, minecraft:coal=1, minecraft:raw_iron=1, minecraft:furnace=1}, equippedItems={}, serverCursorEmpty=true, preparedSafetyThreatReceipt={}, preparedSafetyStationRoomReceipt={approachValidStance=0,64,1, stationRoomSubmode=approach, approachFloorTablesPresent=true, bedrockShellCellsChangedCount=0, furnaceInputCount=0, playerPitch=0.0, playerPosition=1.5,65.0,0.5, preparedRoomStartPosition=1.5,65,0.5, approachAirPositions=0,64,0;1,65,0;1,66,0;1,64,1;1,65,1;1,66,1;0,64,1;0,65,1, roomStoneCellsChangedCount=0, approachStartStance=1,65,0, roomFloorBedrockCellCount=359, playerSupportBedrock=true, playerBlockPosition=1,65,0, roomStoneCellCandidateCount=0, bedrockShellCellCount=4683, stonePickaxeHeld=true, approachAirCellCount=8, roomStoneCellsChangedPositions=, approachCeilingPresent=true, roomStoneCellsStillStone=0, nearbyFurnacePositions=, nearbyFurnaceCount=0, furnaceOutputCount=0, playerYaw=0.0, furnaceFuelCount=0, stationFloorBedrock=false}, preparedSafetyPursuitReceipt={}, preparedSafetyAirReceipt={}, preparedSafetyWorkbenchReceipt={}, preparedSafetyHeldFuelReceipt={}, health=20.0, foodLevel=20, difficulty=NORMAL, x=1.5, y=65.0, z=0.5]
[17:49:00] [Render thread/INFO] (lodekeeper) [Lodekeeper] PROGRESS elapsed_ms=2007 phase=traveling backend=baritone target=0,64,0 block=minecraft:air navigation_elapsed_ms=583 navigation_ticks=12 searching=false path_index=0 path_length=3 retries=0 pending_route_events=0 dropped_route_events=0 status=following_route
[17:49:00] [Render thread/INFO] (lodekeeper) [Lodekeeper] STATION_ROUTE event=arrival destination=BlockPos{x=0, y=64, z=0} player=BlockPos{x=0, y=64, z=1}
[17:49:00] [Render thread/INFO] (lodekeeper) [Lodekeeper] NAV backend=baritone mode=IDLE event=CANCELED elapsedMs=820
[17:49:00] [Render thread/INFO] (lodekeeper) [Lodekeeper] NAV backend=baritone mode=IDLE event=CANCELED elapsedMs=820
[17:49:00] [Render thread/INFO] (lodekeeper) [Lodekeeper] NAV backend=baritone mode=IDLE event=CANCELED elapsedMs=853
[17:49:00] [Render thread/INFO] (lodekeeper) [Lodekeeper] NAV backend=baritone mode=IDLE event=CANCELED elapsedMs=922
[17:49:00] [Render thread/INFO] (lodekeeper) [Lodekeeper] NAV backend=baritone mode=IDLE event=CANCELED elapsedMs=955
[17:49:00] [Render thread/INFO] (lodekeeper) [Lodekeeper] TARGET target=none
[17:49:00] [Render thread/INFO] (lodekeeper) [Lodekeeper] SMELT_REQUIREMENTS source=server:minecraft:iron_ingot_from_smelting_raw_iron:768 selected=[SelectedItemRequirement[item=minecraft:raw_iron, count=1, consumed=true, purpose=smelting input, recipeSlot=-1], SelectedItemRequirement[item=minecraft:coal, count=1, consumed=true, purpose=smelting fuel, recipeSlot=-1], SelectedStationRequirement[station=minecraft:furnace, purpose=use station]]
[17:49:00] [Render thread/INFO] (lodekeeper) [Lodekeeper] STEP kind=SMELT source=server:minecraft:iron_ingot_from_smelting_raw_iron:768 output=minecraft:iron_ingot count=1 operations=1 auxiliary=false
[17:49:02] [Render thread/INFO] (lodekeeper) [Lodekeeper] PROGRESS elapsed_ms=4034 phase=smelting backend=baritone target=none navigation_elapsed_ms=0 navigation_ticks=0 searching=false path_index=0 path_length=0 retries=0 pending_route_events=0 dropped_route_events=0 status=SMELT_server:minecraft:iron_ingot_from_smelting_raw_iron:768
[17:49:04] [Render thread/INFO] (lodekeeper) [Lodekeeper] PROGRESS elapsed_ms=6052 phase=smelting backend=baritone target=none navigation_elapsed_ms=0 navigation_ticks=0 searching=false path_index=0 path_length=0 retries=0 pending_route_events=0 dropped_route_events=0 status=SMELT_server:minecraft:iron_ingot_from_smelting_raw_iron:768
[17:49:04] [Render thread/INFO] (Minecraft) [STDOUT]: [Lodekeeper verification] state=PREPARED_SAFETY, engine=SMELT server:minecraft:iron_ingot_from_smelting_raw_iron:768 · 0 foreground queued · 0 maintenance queued, server=ServerSnapshot[serverTick=213, worldTime=213, inventory={minecraft:stone_pickaxe=1}, woodenAxeRemainingDurability=[], ironPickaxeDeepslateRemaining=-1, coalRecoveryEncasedOreRemaining=-1, coalRecoveryAccessibleOreRemaining=-1, coalStartSurfaceRemaining=-1, coalNavigationCourseMismatchCount=-1, coalNavigationCourseObservedMask=-1, coalNavigationCourseMinimumHealth=-1.0, coalNavigationCourseCheckpointServerTicks=[], storageInventory={minecraft:stone_pickaxe=1}, equippedItems={}, serverCursorEmpty=true, preparedSafetyThreatReceipt={}, preparedSafetyStationRoomReceipt={approachValidStance=0,64,1, stationRoomSubmode=approach, approachFloorTablesPresent=true, bedrockShellCellsChangedCount=0, furnaceInputCount=1, playerPitch=57.73021, playerPosition=0.5994585863495315,64.0,1.5174452351229195, preparedRoomStartPosition=1.5,65,0.5, approachAirPositions=1,65,0;1,66,0;1,64,1;1,65,1;1,66,1;0,64,1;0,65,1, roomStoneCellsChangedCount=0, approachStartStance=1,65,0, roomFloorBedrockCellCount=359, playerSupportBedrock=true, playerBlockPosition=0,64,1, roomStoneCellCandidateCount=0, bedrockShellCellCount=4683, stonePickaxeHeld=false, approachAirCellCount=7, roomStoneCellsChangedPositions=, approachCeilingPresent=true, roomStoneCellsStillStone=0, nearbyFurnacePositions=0,64,0, nearbyFurnaceCount=1, furnaceOutputCount=0, playerYaw=174.41689, furnaceFuelCount=0, stationFloorBedrock=true}, preparedSafetyPursuitReceipt={}, preparedSafetyAirReceipt={}, preparedSafetyWorkbenchReceipt={}, preparedSafetyHeldFuelReceipt={}, health=20.0, foodLevel=20, difficulty=NORMAL, x=0.5994585863495315, y=64.0, z=1.5174452351229195]
[17:49:06] [Render thread/INFO] (lodekeeper) [Lodekeeper] PROGRESS elapsed_ms=8081 phase=smelting backend=baritone target=none navigation_elapsed_ms=0 navigation_ticks=0 searching=false path_index=0 path_length=0 retries=0 pending_route_events=0 dropped_route_events=0 status=SMELT_server:minecraft:iron_ingot_from_smelting_raw_iron:768
[17:49:08] [Render thread/INFO] (lodekeeper) [Lodekeeper] PROGRESS elapsed_ms=10092 phase=smelting backend=baritone target=none navigation_elapsed_ms=0 navigation_ticks=0 searching=false path_index=0 path_length=0 retries=0 pending_route_events=0 dropped_route_events=0 status=SMELT_server:minecraft:iron_ingot_from_smelting_raw_iron:768
[17:49:09] [Render thread/INFO] (Minecraft) [STDOUT]: [Lodekeeper verification] state=PREPARED_SAFETY, engine=SMELT server:minecraft:iron_ingot_from_smelting_raw_iron:768 · 0 foreground queued · 0 maintenance queued, server=ServerSnapshot[serverTick=314, worldTime=314, inventory={minecraft:stone_pickaxe=1}, woodenAxeRemainingDurability=[], ironPickaxeDeepslateRemaining=-1, coalRecoveryEncasedOreRemaining=-1, coalRecoveryAccessibleOreRemaining=-1, coalStartSurfaceRemaining=-1, coalNavigationCourseMismatchCount=-1, coalNavigationCourseObservedMask=-1, coalNavigationCourseMinimumHealth=-1.0, coalNavigationCourseCheckpointServerTicks=[], storageInventory={minecraft:stone_pickaxe=1}, equippedItems={}, serverCursorEmpty=true, preparedSafetyThreatReceipt={}, preparedSafetyStationRoomReceipt={approachValidStance=0,64,1, stationRoomSubmode=approach, approachFloorTablesPresent=true, bedrockShellCellsChangedCount=0, furnaceInputCount=1, playerPitch=57.73021, playerPosition=0.5994585863495315,64.0,1.5174452351229195, preparedRoomStartPosition=1.5,65,0.5, approachAirPositions=1,65,0;1,66,0;1,64,1;1,65,1;1,66,1;0,64,1;0,65,1, roomStoneCellsChangedCount=0, approachStartStance=1,65,0, roomFloorBedrockCellCount=359, playerSupportBedrock=true, playerBlockPosition=0,64,1, roomStoneCellCandidateCount=0, bedrockShellCellCount=4683, stonePickaxeHeld=false, approachAirCellCount=7, roomStoneCellsChangedPositions=, approachCeilingPresent=true, roomStoneCellsStillStone=0, nearbyFurnacePositions=0,64,0, nearbyFurnaceCount=1, furnaceOutputCount=0, playerYaw=174.41689, furnaceFuelCount=0, stationFloorBedrock=true}, preparedSafetyPursuitReceipt={}, preparedSafetyAirReceipt={}, preparedSafetyWorkbenchReceipt={}, preparedSafetyHeldFuelReceipt={}, health=20.0, foodLevel=20, difficulty=NORMAL, x=0.5994585863495315, y=64.0, z=1.5174452351229195]
[17:49:10] [Render thread/INFO] (lodekeeper) [Lodekeeper] PROGRESS elapsed_ms=12107 phase=smelting backend=baritone target=none navigation_elapsed_ms=0 navigation_ticks=0 searching=false path_index=0 path_length=0 retries=0 pending_route_events=0 dropped_route_events=0 status=SMELT_server:minecraft:iron_ingot_from_smelting_raw_iron:768
[17:49:11] [Render thread/INFO] (Minecraft) [System] [CHAT] [Lodekeeper] Complete: 1 × iron_ingot
[17:49:11] [Render thread/INFO] (lodekeeper) [Lodekeeper] task_end reason=idle label=iron_ingot elapsed_ms=13751 pending_route_events=0 dropped_route_events=0 status=idle
[17:49:12] [IO-Worker-3/INFO] (Minecraft) [STDOUT]: [Lodekeeper verification] Saved screenshot as lodekeeper-2026-10-06T16-48-39-461651Z-b3e2c554-prepared-safety-prepared_station_room_approach_iron_ingot.png
[17:49:13] [Render thread/INFO] (Minecraft) [STDOUT]: [Lodekeeper verification] Finished 1 server-observed cases; evidence=/private/tmp/lodekeeper-preview11-station-approach-fixed-263/run-verification/verification/2026-10-06T16-48-39-461651Z-b3e2c554/evidence
[17:49:13] [Server thread/INFO] (Minecraft) Saving chunks for level 'ServerLevel[Lodekeeper verification 8b78481b]'/minecraft:overworld
[17:49:13] [Server thread/INFO] (Minecraft) Saving chunks for level 'ServerLevel[Lodekeeper verification 8b78481b]'/minecraft:the_nether
[17:49:13] [Server thread/INFO] (Minecraft) Saving chunks for level 'ServerLevel[Lodekeeper verification 8b78481b]'/minecraft:the_end
