[14:27:59] [Render thread/INFO] (lodekeeper) [Lodekeeper] INIT mod=0.1.0-preview.10 minecraft=26.3
[14:28:17] [Render thread/INFO] (Minecraft) [System] [CHAT] [Lodekeeper] Stopped
[14:28:18] [Render thread/INFO] (Minecraft) [System] [CHAT] [Lodekeeper] Queued 1 × bucket
[14:28:18] [Render thread/INFO] (lodekeeper) [Lodekeeper] BEGIN label=bucket goal=1 inventory=0 startfeet=0,64,0 elapsed_ms=0 continued=false
[14:28:18] [Render thread/INFO] (lodekeeper) [Lodekeeper] FOOD_PURSUIT event=start target=d434f381-a32e-4d83-8a54-99e4d6590dec routes=1 failedRoutes=0 attacks=0 health=10.0 closestBoxDistance=7.55 elapsedMs=1
[14:28:18] [Render thread/INFO] (lodekeeper) [Lodekeeper] NAV backend=baritone mode=FOLLOW event=CALC_STARTED elapsedMs=37
[14:28:18] [Render thread/INFO] (lodekeeper) [Lodekeeper] NAV calcTool=minecraft:stone_pickaxe slot=7
[14:28:18] [Render thread/INFO] (lodekeeper) [Lodekeeper] NAV backend=baritone mode=FOLLOW event=CALC_FINISHED_NOW_EXECUTING elapsedMs=61
[14:28:19] [Render thread/INFO] (lodekeeper) [Lodekeeper] FOOD_PURSUIT event=in-reach target=d434f381-a32e-4d83-8a54-99e4d6590dec routes=1 failedRoutes=0 attacks=0 health=10.0 closestBoxDistance=2.85 elapsedMs=959
[14:28:19] [Render thread/INFO] (lodekeeper) [Lodekeeper] NAV backend=baritone mode=IDLE event=CANCELED elapsedMs=971
[14:28:19] [Render thread/INFO] (lodekeeper) [Lodekeeper] NAV backend=baritone mode=IDLE event=CANCELED elapsedMs=971
[14:28:19] [Render thread/INFO] (lodekeeper) [Lodekeeper] NAV backend=baritone mode=IDLE event=CANCELED elapsedMs=1025
[14:28:19] [Render thread/INFO] (lodekeeper) [Lodekeeper] NAV backend=baritone mode=IDLE event=CANCELED elapsedMs=1059
[14:28:20] [Render thread/INFO] (lodekeeper) [Lodekeeper] NAV backend=baritone mode=IDLE event=CANCELED elapsedMs=1127
[14:28:20] [Render thread/INFO] (lodekeeper) [Lodekeeper] FOOD_TOOL slot=7 item=minecraft:stone_pickaxe damage=3.0 wear=2 remainingDurability=131
[14:28:20] [Render thread/INFO] (lodekeeper) [Lodekeeper] FOOD_PURSUIT event=native-attack target=d434f381-a32e-4d83-8a54-99e4d6590dec routes=1 failedRoutes=0 attacks=1 health=10.0 closestBoxDistance=2.53 elapsedMs=1232
[14:28:20] [Render thread/INFO] (lodekeeper) [Lodekeeper] FOOD_PURSUIT event=health-progress target=d434f381-a32e-4d83-8a54-99e4d6590dec routes=1 failedRoutes=0 attacks=1 health=7.0 closestBoxDistance=2.52 elapsedMs=1274
[14:28:20] [Render thread/INFO] (lodekeeper) [Lodekeeper] FOOD_PURSUIT event=start target=d434f381-a32e-4d83-8a54-99e4d6590dec routes=2 failedRoutes=0 attacks=1 health=7.0 closestBoxDistance=3.1 elapsedMs=1515
[14:28:20] [Render thread/INFO] (lodekeeper) [Lodekeeper] NAV backend=baritone mode=FOLLOW event=CALC_STARTED elapsedMs=3
[14:28:20] [Render thread/INFO] (lodekeeper) [Lodekeeper] NAV calcTool=minecraft:stone_pickaxe slot=7
[14:28:20] [Render thread/INFO] (lodekeeper) [Lodekeeper] NAV backend=baritone mode=FOLLOW event=CALC_FINISHED_NOW_EXECUTING elapsedMs=34
[14:28:20] [Render thread/INFO] (lodekeeper) [Lodekeeper] FOOD_PURSUIT event=in-reach target=d434f381-a32e-4d83-8a54-99e4d6590dec routes=2 failedRoutes=0 attacks=1 health=7.0 closestBoxDistance=2.87 elapsedMs=1815
[14:28:20] [Render thread/INFO] (lodekeeper) [Lodekeeper] NAV backend=baritone mode=IDLE event=CANCELED elapsedMs=301
[14:28:20] [Render thread/INFO] (lodekeeper) [Lodekeeper] NAV backend=baritone mode=IDLE event=CANCELED elapsedMs=301
[14:28:20] [Render thread/INFO] (lodekeeper) [Lodekeeper] NAV backend=baritone mode=IDLE event=CANCELED elapsedMs=334
[14:28:20] [Render thread/INFO] (lodekeeper) [Lodekeeper] NAV backend=baritone mode=IDLE event=CANCELED elapsedMs=400
[14:28:20] [Render thread/INFO] (lodekeeper) [Lodekeeper] NAV backend=baritone mode=IDLE event=CANCELED elapsedMs=434
[14:28:20] [Render thread/INFO] (lodekeeper) [Lodekeeper] FOOD_PURSUIT event=start target=d434f381-a32e-4d83-8a54-99e4d6590dec routes=3 failedRoutes=0 attacks=1 health=7.0 closestBoxDistance=3.1 elapsedMs=2015
[14:28:20] [Render thread/INFO] (lodekeeper) [Lodekeeper] PROGRESS elapsed_ms=2025 phase=working backend=baritone target=none navigation_elapsed_ms=0 navigation_ticks=0 searching=false path_index=0 path_length=0 retries=0 pending_route_events=0 dropped_route_events=0 status=stopping_movement_before_attack
[14:28:20] [Render thread/INFO] (lodekeeper) [Lodekeeper] NAV backend=baritone mode=FOLLOW event=CALC_STARTED elapsedMs=3
[14:28:20] [Render thread/INFO] (lodekeeper) [Lodekeeper] NAV calcTool=minecraft:stone_pickaxe slot=7
[14:28:20] [Render thread/INFO] (lodekeeper) [Lodekeeper] NAV backend=baritone mode=FOLLOW event=CALC_FINISHED_NOW_EXECUTING elapsedMs=34
[14:28:21] [Render thread/INFO] (lodekeeper) [Lodekeeper] NAV backend=baritone mode=FOLLOW event=CALC_STARTED elapsedMs=234
[14:28:21] [Render thread/INFO] (lodekeeper) [Lodekeeper] NAV calcTool=minecraft:stone_pickaxe slot=7
[14:28:21] [Render thread/INFO] (lodekeeper) [Lodekeeper] NAV backend=baritone mode=FOLLOW event=CALC_FINISHED_NOW_EXECUTING elapsedMs=234
[14:28:21] [Render thread/INFO] (lodekeeper) [Lodekeeper] NAV backend=baritone mode=FOLLOW event=CALC_STARTED elapsedMs=401
[14:28:21] [Render thread/INFO] (lodekeeper) [Lodekeeper] NAV calcTool=minecraft:stone_pickaxe slot=7
[14:28:21] [Render thread/INFO] (lodekeeper) [Lodekeeper] NAV backend=baritone mode=FOLLOW event=CALC_FINISHED_NOW_EXECUTING elapsedMs=402
[14:28:21] [Render thread/INFO] (lodekeeper) [Lodekeeper] NAV backend=baritone mode=FOLLOW event=CALC_STARTED elapsedMs=435
[14:28:21] [Render thread/INFO] (lodekeeper) [Lodekeeper] NAV calcTool=minecraft:stone_pickaxe slot=7
[14:28:21] [Render thread/INFO] (lodekeeper) [Lodekeeper] NAV backend=baritone mode=FOLLOW event=CALC_FINISHED_NOW_EXECUTING elapsedMs=436
[14:28:21] [Render thread/INFO] (lodekeeper) [Lodekeeper] NAV backend=baritone mode=FOLLOW event=CALC_STARTED elapsedMs=638
[14:28:21] [Render thread/INFO] (lodekeeper) [Lodekeeper] NAV calcTool=minecraft:stone_pickaxe slot=7
[14:28:21] [Render thread/INFO] (lodekeeper) [Lodekeeper] NAV backend=baritone mode=FOLLOW event=CALC_FINISHED_NOW_EXECUTING elapsedMs=638
[14:28:21] [Render thread/INFO] (lodekeeper) [Lodekeeper] NAV backend=baritone mode=FOLLOW event=CALC_STARTED elapsedMs=842
[14:28:21] [Render thread/INFO] (lodekeeper) [Lodekeeper] NAV calcTool=minecraft:stone_pickaxe slot=7
[14:28:21] [Render thread/INFO] (lodekeeper) [Lodekeeper] NAV backend=baritone mode=FOLLOW event=CALC_FINISHED_NOW_EXECUTING elapsedMs=843
[14:28:21] [Render thread/INFO] (lodekeeper) [Lodekeeper] FOOD_PURSUIT event=in-reach target=d434f381-a32e-4d83-8a54-99e4d6590dec routes=3 failedRoutes=0 attacks=1 health=7.0 closestBoxDistance=2.53 elapsedMs=3059
[14:28:21] [Render thread/INFO] (lodekeeper) [Lodekeeper] NAV backend=baritone mode=IDLE event=CANCELED elapsedMs=1044
[14:28:21] [Render thread/INFO] (lodekeeper) [Lodekeeper] NAV backend=baritone mode=IDLE event=CANCELED elapsedMs=1045
[14:28:22] [Render thread/INFO] (lodekeeper) [Lodekeeper] NAV backend=baritone mode=IDLE event=CANCELED elapsedMs=1111
[14:28:22] [Render thread/INFO] (lodekeeper) [Lodekeeper] NAV backend=baritone mode=IDLE event=CANCELED elapsedMs=1144
[14:28:22] [Render thread/INFO] (lodekeeper) [Lodekeeper] NAV backend=baritone mode=IDLE event=CANCELED elapsedMs=1211
[14:28:22] [Render thread/INFO] (lodekeeper) [Lodekeeper] FOOD_TOOL slot=7 item=minecraft:stone_pickaxe damage=3.0 wear=2 remainingDurability=129
[14:28:22] [Render thread/INFO] (lodekeeper) [Lodekeeper] FOOD_PURSUIT event=native-attack target=d434f381-a32e-4d83-8a54-99e4d6590dec routes=3 failedRoutes=0 attacks=2 health=7.0 closestBoxDistance=1.08 elapsedMs=3327
[14:28:22] [Render thread/INFO] (lodekeeper) [Lodekeeper] FOOD_PURSUIT event=health-progress target=d434f381-a32e-4d83-8a54-99e4d6590dec routes=3 failedRoutes=0 attacks=2 health=4.0 closestBoxDistance=0.69 elapsedMs=3426
[14:28:22] [Render thread/INFO] (lodekeeper) [Lodekeeper] PROGRESS elapsed_ms=4074 phase=waiting backend=baritone target=none navigation_elapsed_ms=0 navigation_ticks=0 searching=false path_index=0 path_length=0 retries=0 pending_route_events=0 dropped_route_events=0 status=waiting_for_native_attack_cooldown
[14:28:23] [Render thread/INFO] (lodekeeper) [Lodekeeper] FOOD_TOOL slot=7 item=minecraft:stone_pickaxe damage=3.0 wear=2 remainingDurability=127
[14:28:23] [Render thread/INFO] (lodekeeper) [Lodekeeper] FOOD_PURSUIT event=native-attack target=d434f381-a32e-4d83-8a54-99e4d6590dec routes=3 failedRoutes=0 attacks=3 health=4.0 closestBoxDistance=2.34 elapsedMs=4165
[14:28:23] [Render thread/INFO] (lodekeeper) [Lodekeeper] FOOD_PURSUIT event=health-progress target=d434f381-a32e-4d83-8a54-99e4d6590dec routes=3 failedRoutes=0 attacks=3 health=1.0 closestBoxDistance=2.2 elapsedMs=4266
[14:28:23] [Render thread/INFO] (lodekeeper) [Lodekeeper] FOOD_TOOL slot=7 item=minecraft:stone_pickaxe damage=3.0 wear=2 remainingDurability=125
[14:28:23] [Render thread/INFO] (lodekeeper) [Lodekeeper] FOOD_PURSUIT event=native-attack target=d434f381-a32e-4d83-8a54-99e4d6590dec routes=3 failedRoutes=0 attacks=4 health=1.0 closestBoxDistance=2.03 elapsedMs=5004
[14:28:23] [Render thread/INFO] (lodekeeper) [Lodekeeper] FOOD_PURSUIT event=health-progress target=d434f381-a32e-4d83-8a54-99e4d6590dec routes=3 failedRoutes=0 attacks=4 health=0.0 closestBoxDistance=1.76 elapsedMs=5069
[14:28:24] [Render thread/INFO] (lodekeeper) [Lodekeeper] NAV backend=baritone mode=PICKUP event=CALC_STARTED elapsedMs=2
[14:28:24] [Render thread/INFO] (lodekeeper) [Lodekeeper] NAV calcTool=minecraft:stone_pickaxe slot=7
[14:28:24] [Render thread/INFO] (lodekeeper) [Lodekeeper] NAV backend=baritone mode=PICKUP event=CALC_FINISHED_NOW_EXECUTING elapsedMs=67
[14:28:24] [Render thread/INFO] (lodekeeper) [Lodekeeper] NAV backend=baritone mode=PICKUP event=CALC_STARTED elapsedMs=201
[14:28:24] [Render thread/INFO] (lodekeeper) [Lodekeeper] NAV calcTool=minecraft:stone_pickaxe slot=7
[14:28:24] [Render thread/INFO] (lodekeeper) [Lodekeeper] NAV backend=baritone mode=PICKUP event=CALC_FINISHED_NOW_EXECUTING elapsedMs=201
[14:28:24] [Render thread/INFO] (lodekeeper) [Lodekeeper] NAV backend=baritone mode=IDLE event=CANCELED elapsedMs=370
[14:28:24] [Render thread/INFO] (lodekeeper) [Lodekeeper] NAV backend=baritone mode=IDLE event=CANCELED elapsedMs=370
[14:28:24] [Render thread/INFO] (lodekeeper) [Lodekeeper] NAV backend=baritone mode=IDLE event=CANCELED elapsedMs=404
[14:28:24] [Render thread/INFO] (lodekeeper) [Lodekeeper] NAV backend=baritone mode=IDLE event=CANCELED elapsedMs=473
[14:28:24] [Render thread/INFO] (lodekeeper) [Lodekeeper] NAV backend=baritone mode=IDLE event=CANCELED elapsedMs=506
[14:28:24] [Render thread/INFO] (lodekeeper) [Lodekeeper] FOOD_PREPARATION decision=cook_stored_food nutrition=3 cooked_potential=8 target=36
[14:28:25] [Render thread/INFO] (lodekeeper) [Lodekeeper] PROGRESS elapsed_ms=6126 phase=eating backend=baritone target=none navigation_elapsed_ms=0 navigation_ticks=0 searching=false path_index=0 path_length=0 retries=0 pending_route_events=0 dropped_route_events=0 status=eating_before_continuing_bucket
[14:28:26] [Render thread/INFO] (lodekeeper) [Lodekeeper] STEP kind=PLACE_STATION source=place:minecraft:crafting_table output=null count=0 operations=1 auxiliary=false
[14:28:26] [Render thread/INFO] (lodekeeper) [Lodekeeper] TARGET target=9,64,-3 block=minecraft:crafting_table
[14:28:26] [Render thread/INFO] (lodekeeper) [Lodekeeper] TARGET target=none
[14:28:26] [Render thread/INFO] (lodekeeper) [Lodekeeper] STEP kind=CRAFT source=server:minecraft:bucket:162 output=minecraft:bucket count=1 operations=1 auxiliary=false
[14:28:27] [Render thread/INFO] (lodekeeper) [Lodekeeper] PROGRESS elapsed_ms=8158 phase=crafting backend=baritone target=none navigation_elapsed_ms=0 navigation_ticks=0 searching=false path_index=0 path_length=0 retries=0 pending_route_events=0 dropped_route_events=0 status=CRAFT_server:minecraft:bucket:162
[14:28:28] [Render thread/INFO] (Minecraft) [System] [CHAT] [Lodekeeper] Complete: 1 × bucket
[14:28:28] [Render thread/INFO] (lodekeeper) [Lodekeeper] task_end reason=idle label=bucket elapsed_ms=10008 pending_route_events=0 dropped_route_events=0 status=idle
