[15:17:04] [Render thread/INFO] (Minecraft) [STDOUT]: [Lodekeeper verification] Enabled; isolated run directory=/private/tmp/lodekeeper-preview10-workbench-corrected-263/run-verification, world root=/private/tmp/lodekeeper-preview10-workbench-corrected-263/run-verification/verification/2026-10-06T14-17-04-521901Z-13fb4b47/worlds, evidence=/private/tmp/lodekeeper-preview10-workbench-corrected-263/run-verification/verification/2026-10-06T14-17-04-521901Z-13fb4b47/evidence
[15:17:04] [Render thread/INFO] (lodekeeper) [Lodekeeper] INIT mod=0.1.0-preview.10 minecraft=26.3
[15:17:16] [Render thread/INFO] (Minecraft) [STDOUT]: [Lodekeeper verification] Vanilla integrated-world startup requested
[15:17:19] [Render thread/INFO] (Minecraft) [STDOUT]: [Lodekeeper verification] state=WAITING_FOR_WORLD, engine=idle · 0 foreground queued · 0 maintenance queued, server=null
[15:17:21] [Render thread/INFO] (Minecraft) [System] [CHAT] [Lodekeeper] Stopped
[15:17:22] [Render thread/INFO] (Minecraft) [System] [CHAT] [Lodekeeper] Queued 1 × wooden_pickaxe
[15:17:22] [Render thread/INFO] (lodekeeper) [Lodekeeper] BEGIN label=wooden_pickaxe goal=1 inventory=0 startfeet=0,64,0 elapsed_ms=0 continued=false
[15:17:23] [Render thread/INFO] (lodekeeper) [Lodekeeper] STEP kind=CRAFT source=server:minecraft:stick:1422 output=minecraft:stick count=4 operations=1 auxiliary=false
[15:17:24] [Render thread/INFO] (lodekeeper) [Lodekeeper] PROGRESS elapsed_ms=2009 phase=crafting backend=baritone target=none navigation_elapsed_ms=0 navigation_ticks=0 searching=false path_index=0 path_length=0 retries=0 pending_route_events=0 dropped_route_events=0 status=CRAFT_server:minecraft:stick:1422
[15:17:24] [Render thread/INFO] (Minecraft) [STDOUT]: [Lodekeeper verification] state=PREPARED_SAFETY, engine=CRAFT server:minecraft:stick:1422 · 0 foreground queued · 0 maintenance queued, server=ServerSnapshot[serverTick=119, worldTime=119, inventory={minecraft:oak_planks=12}, woodenAxeRemainingDurability=[], ironPickaxeDeepslateRemaining=-1, coalRecoveryEncasedOreRemaining=-1, coalRecoveryAccessibleOreRemaining=-1, coalStartSurfaceRemaining=-1, coalNavigationCourseMismatchCount=-1, coalNavigationCourseObservedMask=-1, coalNavigationCourseMinimumHealth=-1.0, coalNavigationCourseCheckpointServerTicks=[], storageInventory={minecraft:oak_planks=12}, equippedItems={}, serverCursorEmpty=true, preparedSafetyThreatReceipt={}, preparedSafetyStationRoomReceipt={}, preparedSafetyPursuitReceipt={}, preparedSafetyAirReceipt={}, preparedSafetyWorkbenchReceipt={}, health=20.0, foodLevel=20, difficulty=NORMAL, x=0.5, y=64.0, z=0.5]
[15:17:25] [Render thread/INFO] (lodekeeper) [Lodekeeper] STEP kind=CRAFT source=server:minecraft:crafting_table:339 output=minecraft:crafting_table count=1 operations=1 auxiliary=false
[15:17:26] [Render thread/INFO] (lodekeeper) [Lodekeeper] PROGRESS elapsed_ms=4060 phase=crafting backend=baritone target=none navigation_elapsed_ms=0 navigation_ticks=0 searching=false path_index=0 path_length=0 retries=0 pending_route_events=0 dropped_route_events=0 status=CRAFT_server:minecraft:crafting_table:339
[15:17:28] [Render thread/INFO] (lodekeeper) [Lodekeeper] PROGRESS elapsed_ms=6068 phase=crafting backend=baritone target=none navigation_elapsed_ms=0 navigation_ticks=0 searching=false path_index=0 path_length=0 retries=0 pending_route_events=0 dropped_route_events=0 status=CRAFT_server:minecraft:crafting_table:339
[15:17:28] [Render thread/INFO] (lodekeeper) [Lodekeeper] STEP kind=PLACE_STATION source=place:minecraft:crafting_table output=null count=0 operations=1 auxiliary=false
[15:17:28] [Render thread/INFO] (lodekeeper) [Lodekeeper] TARGET target=-1,64,0 block=minecraft:crafting_table
[15:17:28] [Render thread/INFO] (lodekeeper) [Lodekeeper] TARGET target=none
[15:17:28] [Render thread/INFO] (lodekeeper) [Lodekeeper] STEP kind=CRAFT source=server:minecraft:wooden_pickaxe:1718 output=minecraft:wooden_pickaxe count=1 operations=1 auxiliary=false
[15:17:29] [Render thread/INFO] (Minecraft) [STDOUT]: [Lodekeeper verification] state=PREPARED_SAFETY, engine=CRAFT server:minecraft:wooden_pickaxe:1718 · 0 foreground queued · 0 maintenance queued, server=ServerSnapshot[serverTick=219, worldTime=219, inventory={minecraft:oak_planks=6, minecraft:stick=4}, woodenAxeRemainingDurability=[], ironPickaxeDeepslateRemaining=-1, coalRecoveryEncasedOreRemaining=-1, coalRecoveryAccessibleOreRemaining=-1, coalStartSurfaceRemaining=-1, coalNavigationCourseMismatchCount=-1, coalNavigationCourseObservedMask=-1, coalNavigationCourseMinimumHealth=-1.0, coalNavigationCourseCheckpointServerTicks=[], storageInventory={minecraft:oak_planks=6, minecraft:stick=4}, equippedItems={}, serverCursorEmpty=true, preparedSafetyThreatReceipt={}, preparedSafetyStationRoomReceipt={}, preparedSafetyPursuitReceipt={}, preparedSafetyAirReceipt={}, preparedSafetyWorkbenchReceipt={}, health=20.0, foodLevel=20, difficulty=NORMAL, x=0.5, y=64.0, z=0.5]
[15:17:30] [Render thread/INFO] (lodekeeper) [Lodekeeper] PROGRESS elapsed_ms=8119 phase=crafting backend=baritone target=none navigation_elapsed_ms=0 navigation_ticks=0 searching=false path_index=0 path_length=0 retries=0 pending_route_events=0 dropped_route_events=0 status=CRAFT_server:minecraft:wooden_pickaxe:1718
[15:17:32] [Render thread/INFO] (lodekeeper) [Lodekeeper] PROGRESS elapsed_ms=10145 phase=crafting backend=baritone target=none navigation_elapsed_ms=0 navigation_ticks=0 searching=false path_index=0 path_length=0 retries=0 pending_route_events=0 dropped_route_events=0 status=CRAFT_server:minecraft:wooden_pickaxe:1718
[15:17:33] [Render thread/INFO] (Minecraft) [System] [CHAT] [Lodekeeper] Complete: 1 × wooden_pickaxe
[15:17:33] [Render thread/INFO] (lodekeeper) [Lodekeeper] task_end reason=idle label=wooden_pickaxe elapsed_ms=11021 pending_route_events=0 dropped_route_events=0 status=idle
[15:17:33] [IO-Worker-3/INFO] (Minecraft) [STDOUT]: [Lodekeeper verification] Saved screenshot as lodekeeper-2026-10-06T14-17-04-521901Z-13fb4b47-prepared_owned_workbench_setup_complete.png
[15:17:34] [Render thread/INFO] (Minecraft) [STDOUT]: [Lodekeeper verification] state=WAITING_FOR_EMPTY_SNAPSHOT, engine=idle · 0 foreground queued · 0 maintenance queued, server=ServerSnapshot[serverTick=321, worldTime=321, inventory={minecraft:oak_planks=3, minecraft:wooden_pickaxe=1, minecraft:stick=2}, woodenAxeRemainingDurability=[], ironPickaxeDeepslateRemaining=-1, coalRecoveryEncasedOreRemaining=-1, coalRecoveryAccessibleOreRemaining=-1, coalStartSurfaceRemaining=-1, coalNavigationCourseMismatchCount=-1, coalNavigationCourseObservedMask=-1, coalNavigationCourseMinimumHealth=-1.0, coalNavigationCourseCheckpointServerTicks=[], storageInventory={minecraft:oak_planks=3, minecraft:wooden_pickaxe=1, minecraft:stick=2}, equippedItems={}, serverCursorEmpty=true, preparedSafetyThreatReceipt={}, preparedSafetyStationRoomReceipt={}, preparedSafetyPursuitReceipt={}, preparedSafetyAirReceipt={}, preparedSafetyWorkbenchReceipt={bedrockShellCells=9, horizontalDistance=6.0, tablePresent=true, tablePosition=-1,64,0, playerFeetY=64.0, blocked=false, stonePresent=true, stonePosition=7,64,0, stoneAir=false, tableAir=false}, health=20.0, foodLevel=20, difficulty=NORMAL, x=5.5, y=64.0, z=0.5]
[15:17:34] [Render thread/INFO] (Minecraft) [System] [CHAT] [Lodekeeper] Queued 1 × cobblestone
[15:17:34] [Render thread/INFO] (lodekeeper) [Lodekeeper] BEGIN label=cobblestone goal=1 inventory=0 startfeet=5,64,0 elapsed_ms=0 continued=false
[15:17:34] [Render thread/INFO] (lodekeeper) [Lodekeeper] STEP kind=GATHER source=gather:minecraft:stone output=minecraft:cobblestone count=1 operations=1 auxiliary=false
[15:17:34] [Render thread/INFO] (lodekeeper) [Lodekeeper] NAV backend=baritone mode=MOVE event=CALC_STARTED elapsedMs=13
[15:17:34] [Render thread/INFO] (lodekeeper) [Lodekeeper] NAV calcTool=minecraft:wooden_pickaxe slot=7
[15:17:34] [Render thread/INFO] (lodekeeper) [Lodekeeper] NAV backend=baritone mode=MOVE event=CALC_FINISHED_NOW_EXECUTING elapsedMs=96
[15:17:35] [Render thread/INFO] (lodekeeper) [Lodekeeper] NAV backend=baritone mode=IDLE event=CANCELED elapsedMs=397
[15:17:35] [Render thread/INFO] (lodekeeper) [Lodekeeper] NAV backend=baritone mode=IDLE event=CANCELED elapsedMs=398
[15:17:35] [Render thread/INFO] (lodekeeper) [Lodekeeper] NAV backend=baritone mode=IDLE event=CANCELED elapsedMs=430
[15:17:35] [Render thread/INFO] (lodekeeper) [Lodekeeper] NAV backend=baritone mode=IDLE event=CANCELED elapsedMs=497
[15:17:35] [Render thread/INFO] (lodekeeper) [Lodekeeper] NAV backend=baritone mode=IDLE event=CANCELED elapsedMs=532
[15:17:36] [Render thread/INFO] (lodekeeper) [Lodekeeper] PROGRESS elapsed_ms=2009 phase=gathering backend=baritone target=none navigation_elapsed_ms=0 navigation_ticks=0 searching=false path_index=0 path_length=0 retries=0 pending_route_events=0 dropped_route_events=0 status=mining_the_recorded_owned_crafting_table
[15:17:38] [Render thread/INFO] (lodekeeper) [Lodekeeper] PROGRESS elapsed_ms=4058 phase=gathering backend=baritone target=none navigation_elapsed_ms=0 navigation_ticks=0 searching=false path_index=0 path_length=0 retries=0 pending_route_events=0 dropped_route_events=0 status=mining_the_recorded_owned_crafting_table
[15:17:39] [Render thread/INFO] (lodekeeper) [Lodekeeper] NAV backend=baritone mode=PICKUP event=CALC_STARTED elapsedMs=3
[15:17:39] [Render thread/INFO] (lodekeeper) [Lodekeeper] NAV calcTool=minecraft:oak_planks slot=0
[15:17:39] [Render thread/INFO] (lodekeeper) [Lodekeeper] NAV backend=baritone mode=PICKUP event=CALC_FINISHED_NOW_EXECUTING elapsedMs=33
[15:17:39] [Render thread/INFO] (lodekeeper) [Lodekeeper] NAV backend=baritone mode=PICKUP event=CALC_STARTED elapsedMs=233
[15:17:39] [Render thread/INFO] (lodekeeper) [Lodekeeper] NAV calcTool=minecraft:oak_planks slot=0
[15:17:39] [Render thread/INFO] (lodekeeper) [Lodekeeper] NAV backend=baritone mode=PICKUP event=CALC_FINISHED_NOW_EXECUTING elapsedMs=234
[15:17:39] [Render thread/INFO] (Minecraft) [STDOUT]: [Lodekeeper verification] state=PREPARED_SAFETY, engine=collecting the crafting-table drop at the owned position · 0 foreground queued · 0 maintenance queued, server=ServerSnapshot[serverTick=419, worldTime=419, inventory={minecraft:oak_planks=3, minecraft:wooden_pickaxe=1, minecraft:stick=2}, woodenAxeRemainingDurability=[], ironPickaxeDeepslateRemaining=-1, coalRecoveryEncasedOreRemaining=-1, coalRecoveryAccessibleOreRemaining=-1, coalStartSurfaceRemaining=-1, coalNavigationCourseMismatchCount=-1, coalNavigationCourseObservedMask=-1, coalNavigationCourseMinimumHealth=-1.0, coalNavigationCourseCheckpointServerTicks=[], storageInventory={minecraft:oak_planks=3, minecraft:wooden_pickaxe=1, minecraft:stick=2}, equippedItems={}, serverCursorEmpty=true, preparedSafetyThreatReceipt={}, preparedSafetyStationRoomReceipt={}, preparedSafetyPursuitReceipt={}, preparedSafetyAirReceipt={}, preparedSafetyWorkbenchReceipt={bedrockShellCells=9, horizontalDistance=4.321134101951093, tablePresent=true, tablePosition=-1,64,0, playerFeetY=64.0, blocked=false, stonePresent=true, stonePosition=7,64,0, stoneAir=false, tableAir=false}, health=20.0, foodLevel=20, difficulty=NORMAL, x=3.821118365429037, y=64.0, z=0.48833813923205094]
[15:17:39] [Render thread/INFO] (lodekeeper) [Lodekeeper] NAV backend=baritone mode=IDLE event=CANCELED elapsedMs=639
[15:17:39] [Render thread/INFO] (lodekeeper) [Lodekeeper] NAV backend=baritone mode=IDLE event=CANCELED elapsedMs=639
[15:17:39] [Render thread/INFO] (lodekeeper) [Lodekeeper] NAV backend=baritone mode=IDLE event=CANCELED elapsedMs=701
[15:17:39] [Render thread/INFO] (lodekeeper) [Lodekeeper] NAV backend=baritone mode=IDLE event=CANCELED elapsedMs=735
[15:17:39] [Render thread/INFO] (lodekeeper) [Lodekeeper] NAV backend=baritone mode=IDLE event=CANCELED elapsedMs=803
[15:17:40] [Render thread/INFO] (lodekeeper) [Lodekeeper] MINING_DEPTH policy=NEAREST desiredY=-2147483648 ceiling=2031 deficit=1 phase=MINE blocks=[Block{minecraft:stone}]
[15:17:40] [Render thread/INFO] (lodekeeper) [Lodekeeper] NAV scan=native-mine durationNanos=702471026 hits=-1 requestTicks=0
[15:17:40] [Render thread/INFO] (lodekeeper) [Lodekeeper] PROGRESS elapsed_ms=6210 phase=gathering backend=baritone target=none navigation_elapsed_ms=0 navigation_ticks=0 searching=false path_index=0 path_length=0 retries=0 pending_route_events=0 dropped_route_events=0 status=mining_and_collecting_minecraft:cobblestone___0/1
[15:17:40] [Render thread/INFO] (lodekeeper) [Lodekeeper] NAV backend=baritone mode=MINE event=CALC_STARTED elapsedMs=709
[15:17:40] [Render thread/INFO] (lodekeeper) [Lodekeeper] NAV calcTool=minecraft:wooden_pickaxe slot=7
[15:17:40] [Render thread/INFO] (lodekeeper) [Lodekeeper] ROUTE_SEARCH kind=unknown anchor=unknown feet_y16=0 candidates=0 target=none elapsed_ms=6245
[15:17:40] [Render thread/INFO] (lodekeeper) [Lodekeeper] TARGET target=7,64,0 block=minecraft:stone
[15:17:40] [Render thread/INFO] (lodekeeper) [Lodekeeper] ROUTE_TRAVEL path_index=0 path_length=8 target=7,64,0 block=minecraft:stone elapsed_ms=6301
[15:17:40] [Render thread/INFO] (lodekeeper) [Lodekeeper] NAV backend=baritone mode=MINE event=CALC_FINISHED_NOW_EXECUTING elapsedMs=819
[15:17:41] [Render thread/INFO] (lodekeeper) [Lodekeeper] BREAK target=MutableBlockPos{x=7, y=64, z=0} block=Block{minecraft:stone} tool=minecraft:wooden_pickaxe slot=7 remaining=59 required=minecraft:wooden_pickaxe
[15:17:42] [Render thread/INFO] (lodekeeper) [Lodekeeper] PROGRESS elapsed_ms=8243 phase=traveling backend=baritone target=7,64,0 block=minecraft:stone navigation_elapsed_ms=2604 navigation_ticks=48 searching=false path_index=0 path_length=2 retries=0 pending_route_events=0 dropped_route_events=0 status=mining_and_collecting_minecraft:cobblestone___0/1
[15:17:43] [Render thread/INFO] (lodekeeper) [Lodekeeper] TARGET target=none
[15:17:43] [Render thread/INFO] (lodekeeper) [Lodekeeper] NAV backend=baritone mode=MINE event=AT_GOAL elapsedMs=3441
[15:17:44] [Render thread/INFO] (Minecraft) [System] [CHAT] [Lodekeeper] Complete: 1 × cobblestone
[15:17:44] [Render thread/INFO] (lodekeeper) [Lodekeeper] task_end reason=idle label=cobblestone elapsed_ms=9682 pending_route_events=0 dropped_route_events=0 status=idle
[15:17:44] [Render thread/INFO] (Minecraft) [STDOUT]: [Lodekeeper verification] state=PREPARED_SAFETY, engine=idle · 0 foreground queued · 0 maintenance queued, server=ServerSnapshot[serverTick=523, worldTime=523, inventory={minecraft:crafting_table=1, minecraft:oak_planks=3, minecraft:stick=2, minecraft:wooden_pickaxe=1}, woodenAxeRemainingDurability=[], ironPickaxeDeepslateRemaining=-1, coalRecoveryEncasedOreRemaining=-1, coalRecoveryAccessibleOreRemaining=-1, coalStartSurfaceRemaining=-1, coalNavigationCourseMismatchCount=-1, coalNavigationCourseObservedMask=-1, coalNavigationCourseMinimumHealth=-1.0, coalNavigationCourseCheckpointServerTicks=[], storageInventory={minecraft:crafting_table=1, minecraft:oak_planks=3, minecraft:stick=2, minecraft:wooden_pickaxe=1}, equippedItems={}, serverCursorEmpty=true, preparedSafetyThreatReceipt={}, preparedSafetyStationRoomReceipt={}, preparedSafetyPursuitReceipt={}, preparedSafetyAirReceipt={}, preparedSafetyWorkbenchReceipt={bedrockShellCells=9, horizontalDistance=7.690599183045623, tablePresent=false, tablePosition=-1,64,0, playerFeetY=64.0, blocked=false, stonePresent=false, stonePosition=7,64,0, stoneAir=true, tableAir=true}, health=20.0, foodLevel=20, difficulty=NORMAL, x=7.190597180568226, y=64.0, z=0.5055498196415433]
[15:17:44] [IO-Worker-1/INFO] (Minecraft) [STDOUT]: [Lodekeeper verification] Saved screenshot as lodekeeper-2026-10-06T14-17-04-521901Z-13fb4b47-prepared-safety-prepared_owned_workbench_approach_cobblestone.png
[15:17:45] [Render thread/INFO] (Minecraft) [STDOUT]: [Lodekeeper verification] Finished 1 server-observed cases; evidence=/private/tmp/lodekeeper-preview10-workbench-corrected-263/run-verification/verification/2026-10-06T14-17-04-521901Z-13fb4b47/evidence
